Component: ARM Compiler 5.06 update 3 (build 300) Tool: armlink [4d35c9]

==============================================================================

Section Cross References

    main.o(.text) refers to board.o(.text) for FlightController_board_Init
    main.o(.text) refers to printfa.o(i.__0printf) for __2printf
    stm32f4xx_it.o(.text) refers to schedule.o(.text) for Loop
    stm32f4xx_it.o(.text) refers to board.o(.data) for sysTickUptime
    stm32f4xx_it.o(.text) refers to schedule.o(.bss) for schedule
    stm32f4xx_it.o(.text) refers to schedule.o(.data) for loop_5hz
    stm32f4xx_it.o(.text) refers to pwm_out.o(.data) for aircraft
    board.o(.text) refers to stm32f4xx_rcc.o(.text) for RCC_GetClocksFreq
    board.o(.text) refers to misc.o(.text) for SysTick_CLKSourceConfig
    board.o(.text) refers to parameter.o(.text) for Get_parameter
    board.o(.text) refers to dbus.o(.text) for Dbus_Config
    board.o(.text) refers to led.o(.text) for Led_Init
    board.o(.text) refers to buzzer.o(.text) for Buzzer_Init
    board.o(.text) refers to softiic.o(.text) for I2C_Soft_Init
    board.o(.text) refers to mpu6050.o(.text) for Mpu6050_Init
    board.o(.text) refers to pwm_out.o(.text) for TIM3_PWM_Init
    board.o(.text) refers to uart5.o(.text) for Uart5_Config
    board.o(.text) refers to ms5611.o(.text) for MS5611_Init
    board.o(.text) refers to hmc5883.o(.text) for Hmc5883_Init
    board.o(.text) refers to hcsr04.o(.text) for Hcsr04_Init
    board.o(.text) refers to time.o(.text) for Cycle_Time_Init
    board.o(.text) refers to filter.o(.text) for LPF2pSetCutoffFreq_1
    board.o(.text) refers to usart1.o(.text) for Usart1_Config
    board.o(.text) refers to board.o(.data) for sysTickUptime
    board.o(.text) refers to pwm_out.o(.data) for aircraft
    schedule.o(.text) refers to time.o(.text) for Get_Cycle_T
    schedule.o(.text) refers to mpu6050.o(.text) for Mpu6050_Read
    schedule.o(.text) refers to control.o(.text) for Control_Inner
    schedule.o(.text) refers to pwm_out.o(.text) for Motor_Speed_Update
    schedule.o(.text) refers to imu.o(.text) for IMUupdate
    schedule.o(.text) refers to inertialnav.o(.text) for Update_Velocities_Positions_Z
    schedule.o(.text) refers to ms5611.o(.text) for MS5611_Update
    schedule.o(.text) refers to hmc5883.o(.text) for Get_Direction
    schedule.o(.text) refers to height_control.o(.text) for Height_Acceleration_Control
    schedule.o(.text) refers to gps.o(.text) for Update_GPS_states
    schedule.o(.text) refers to led.o(.text) for Led_Task
    schedule.o(.text) refers to f2d.o(.text) for __aeabi_f2d
    schedule.o(.text) refers to printfa.o(i.__0printf) for __2printf
    schedule.o(.text) refers to mpu6050.o(.bss) for sensor
    schedule.o(.text) refers to schedule.o(.data) for timer_50ms
    schedule.o(.text) refers to pwm_out.o(.bss) for speed
    schedule.o(.text) refers to schedule.o(.bss) for schedule
    softiic.o(.text) refers to stm32f4xx_rcc.o(.text) for RCC_AHB1PeriphClockCmd
    softiic.o(.text) refers to stm32f4xx_gpio.o(.text) for GPIO_Init
    softiic.o(.text) refers to softiic.o(.data) for I2C_FastMode
    mpu6050.o(.text) refers to softiic.o(.text) for I2C_Soft_Single_Write
    mpu6050.o(.text) refers to board.o(.text) for DelayMs
    mpu6050.o(.text) refers to memseta.o(.text) for __aeabi_memclr4
    mpu6050.o(.text) refers to mpu6050.o(.bss) for mpu6050_buffer
    mpu6050.o(.text) refers to softiic.o(.data) for I2C_FastMode
    hmc5883.o(.text) refers to softiic.o(.text) for I2C_Soft_Single_Write
    hmc5883.o(.text) refers to f2d.o(.text) for __aeabi_f2d
    hmc5883.o(.text) refers to cos.o(i.__hardfp_cos) for __hardfp_cos
    hmc5883.o(.text) refers to d2f.o(.text) for __aeabi_d2f
    hmc5883.o(.text) refers to sin.o(i.__hardfp_sin) for __hardfp_sin
    hmc5883.o(.text) refers to mymath.o(.text) for fast_atan2
    hmc5883.o(.text) refers to hmc5883.o(.data) for hmc5883_buffer
    hmc5883.o(.text) refers to hmc5883.o(.bss) for mag
    hmc5883.o(.text) refers to imu.o(.bss) for angle
    ms5611.o(.text) refers to softiic.o(.text) for I2C_Soft_Single_Write
    ms5611.o(.text) refers to board.o(.text) for DelayMs
    ms5611.o(.text) refers to f2d.o(.text) for __aeabi_f2d
    ms5611.o(.text) refers to pow.o(i.__hardfp_pow) for __hardfp_pow
    ms5611.o(.text) refers to dadd.o(.text) for __aeabi_drsub
    ms5611.o(.text) refers to dmul.o(.text) for __aeabi_dmul
    ms5611.o(.text) refers to dfixi.o(.text) for __aeabi_d2iz
    ms5611.o(.text) refers to ms5611.o(.bss) for ms5611_prom
    ms5611.o(.text) refers to ms5611.o(.data) for t_rxbuf
    ms5611.o(.text) refers to softiic.o(.data) for I2C_FastMode
    imu.o(.text) refers to mymath.o(.text) for my_sqrt
    imu.o(.text) refers to imu.o(.data) for q1
    imu.o(.text) refers to imu.o(.bss) for angle
    imu.o(.text) refers to f2d.o(.text) for __aeabi_f2d
[...]
    _a26                                     0x20000528   Data           4  filter.o(.data)
    _b06                                     0x2000052c   Data           4  filter.o(.data)
    _b16                                     0x20000530   Data           4  filter.o(.data)
    _b26                                     0x20000534   Data           4  filter.o(.data)
    _delay_element_16                        0x20000538   Data           4  filter.o(.data)
    _delay_element_26                        0x2000053c   Data           4  filter.o(.data)
    _cutoff_freq7                            0x20000540   Data           4  filter.o(.data)
    _a17                                     0x20000544   Data           4  filter.o(.data)
    _a27                                     0x20000548   Data           4  filter.o(.data)
    _b07                                     0x2000054c   Data           4  filter.o(.data)
    _b17                                     0x20000550   Data           4  filter.o(.data)
    _b27                                     0x20000554   Data           4  filter.o(.data)
    _delay_element_17                        0x20000558   Data           4  filter.o(.data)
    _delay_element_27                        0x2000055c   Data           4  filter.o(.data)
    _cutoff_freq8                            0x20000560   Data           4  filter.o(.data)
    _a18                                     0x20000564   Data           4  filter.o(.data)
    _a28                                     0x20000568   Data           4  filter.o(.data)
    _b08                                     0x2000056c   Data           4  filter.o(.data)
    _b18                                     0x20000570   Data           4  filter.o(.data)
    _b28                                     0x20000574   Data           4  filter.o(.data)
    _delay_element_18                        0x20000578   Data           4  filter.o(.data)
    _delay_element_28                        0x2000057c   Data           4  filter.o(.data)
    d_last                                   0x20000580   Data           8  filter.o(.data)
    p_last                                   0x20000588   Data           8  filter.o(.data)
    .data                                    0x20000590   Section        8  inertialnav.o(.data)
    run_times                                0x20000590   Data           2  inertialnav.o(.data)
    accz_correction_i                        0x20000594   Data           4  inertialnav.o(.data)
    .data                                    0x20000598   Section        8  gps.o(.data)
    Follower_position_tra_x                  0x20000598   Data           4  gps.o(.data)
    Follower_position_tra_y                  0x2000059c   Data           4  gps.o(.data)
    .data                                    0x200005a0   Section       16  stm32f4xx_rcc.o(.data)
    APBAHBPrescTable                         0x200005a0   Data          16  stm32f4xx_rcc.o(.data)
    .data                                    0x200005b0   Section       20  system_stm32f4xx.o(.data)
    .data                                    0x200005c4   Section        4  errno.o(.data)
    _errno                                   0x200005c4   Data           4  errno.o(.data)
    .bss                                     0x200005c8   Section       12  schedule.o(.bss)
    .bss                                     0x200005d4   Section      316  mpu6050.o(.bss)
    FILT_BUF                                 0x20000698   Data         120  mpu6050.o(.bss)
    .bss                                     0x20000710   Section       80  hmc5883.o(.bss)
    .bss                                     0x20000760   Section       56  ms5611.o(.bss)
    .bss                                     0x20000798   Section       12  imu.o(.bss)
    .bss                                     0x200007a4   Section      108  dbus.o(.bss)
    .bss                                     0x20000810   Section      312  control.o(.bss)
    .bss                                     0x20000948   Section      156  height_control.o(.bss)
    .bss                                     0x200009e4   Section       64  pwm_in.o(.bss)
    temp_cnt                                 0x20000a04   Data          16  pwm_in.o(.bss)
    temp_cnt                                 0x20000a14   Data          16  pwm_in.o(.bss)
    .bss                                     0x20000a24   Section       16  pwm_out.o(.bss)
    .bss                                     0x20000a34   Section      120  time.o(.bss)
    .bss                                     0x20000aac   Section       72  parameter.o(.bss)
    .bss                                     0x20000af4   Section       16  hcsr04.o(.bss)
    .bss                                     0x20000b04   Section       96  inertialnav.o(.bss)
    .bss                                     0x20000b68   Section     3096  gps.o(.bss)
    .bss                                     0x20001780   Section       64  24l01.o(.bss)
    STACK                                    0x200017c0   Section     1024  startup_stm32f4xx.o(STACK)

    Global Symbols

    Symbol Name                              Value     Ov Type        Size  Object(Section)

    BuildAttributes$$THM_ISAv4$E$P$D$K$B$S$7EM$VFPi3$EXTD16$VFPS$VFMA$PE$A:L22UL41UL21$X:L11$S22US41US21$IEEE1$IW$USESV6$~STKCKD$USESV7$~SHL$OTIME$ROPI$IEEEX$EBA8$MICROLIB$REQ8$PRES8$EABIv2 0x00000000   Number         0  anon$$obj.o ABSOLUTE
    __ARM_use_no_argv                        0x00000000   Number         0  main.o ABSOLUTE
    __use_no_errno                           0x00000000   Number         0  useno.o ABSOLUTE
    __use_no_exception_handling              0x00000000   Number         0  useno.o ABSOLUTE
    __use_no_fp                              0x00000000   Number         0  useno.o ABSOLUTE
    __use_no_heap                            0x00000000   Number         0  useno.o ABSOLUTE
    __use_no_heap_region                     0x00000000   Number         0  useno.o ABSOLUTE
    __use_no_semihosting                     0x00000000   Number         0  useno.o ABSOLUTE
    __use_no_semihosting_swi                 0x00000000   Number         0  useno.o ABSOLUTE
    __use_no_signal_handling                 0x00000000   Number         0  useno.o ABSOLUTE
    _printf_a                                0x00000000   Number         0  stubs.o ABSOLUTE
    _printf_c                                0x00000000   Number         0  stubs.o ABSOLUTE
    _printf_charcount                        0x00000000   Number         0  stubs.o ABSOLUTE
    _printf_d                                0x00000000   Number         0  stubs.o ABSOLUTE
    _printf_e                                0x00000000   Number         0  stubs.o ABSOLUTE
    _printf_f                                0x00000000   Number         0  stubs.o ABSOLUTE
    _printf_flags                            0x00000000   Number         0  stubs.o ABSOLUTE
    _printf_fp_dec                           0x00000000   Number         0  stubs.o ABSOLUTE
    _printf_fp_hex                           0x00000000   Number         0  stubs.o ABSOLUTE
    _printf_g                                0x00000000   Number         0  stubs.o ABSOLUTE
    _printf_i                                0x00000000   Number         0  stubs.o ABSOLUTE
    _printf_int_dec                          0x00000000   Number         0  stubs.o ABSOLUTE
    _printf_l                                0x00000000   Number         0  stubs.o ABSOLUTE
    _printf_lc                               0x00000000   Number         0  stubs.o ABSOLUTE
    _printf_ll                               0x00000000   Number         0  stubs.o ABSOLUTE
    _printf_lld                              0x00000000   Number         0  stubs.o ABSOLUTE
    _printf_lli                              0x00000000   Number         0  stubs.o ABSOLUTE
    _printf_llo                              0x00000000   Number         0  stubs.o ABSOLUTE
    _printf_llu                              0x00000000   Number         0  stubs.o ABSOLUTE
    _printf_llx                              0x00000000   Number         0  stubs.o ABSOLUTE
    _printf_longlong_dec                     0x00000000   Number         0  stubs.o ABSOLUTE
    _printf_longlong_hex                     0x00000000   Number         0  stubs.o ABSOLUTE
    _printf_longlong_oct                     0x00000000   Number         0  stubs.o ABSOLUTE
    _printf_ls                               0x00000000   Number         0  stubs.o ABSOLUTE
    _printf_mbtowc                           0x00000000   Number         0  stubs.o ABSOLUTE
    _printf_n                                0x00000000   Number         0  stubs.o ABSOLUTE
    _printf_o                                0x00000000   Number         0  stubs.o ABSOLUTE
    _printf_p                                0x00000000   Number         0  stubs.o ABSOLUTE
    _printf_percent                          0x00000000   Number         0  stubs.o ABSOLUTE
    _printf_pre_padding                      0x00000000   Number         0  stubs.o ABSOLUTE
    _printf_return_value                     0x00000000   Number         0  stubs.o ABSOLUTE
    _printf_s                                0x00000000   Number         0  stubs.o ABSOLUTE
    _printf_sizespec                         0x00000000   Number         0  stubs.o ABSOLUTE
    _printf_str                              0x00000000   Number         0  stubs.o ABSOLUTE
    _printf_truncate_signed                  0x00000000   Number         0  stubs.o ABSOLUTE
    _printf_truncate_unsigned                0x00000000   Number         0  stubs.o ABSOLUTE
    _printf_u                                0x00000000   Number         0  stubs.o ABSOLUTE
    _printf_wc                               0x00000000   Number         0  stubs.o ABSOLUTE
    _printf_wctomb                           0x00000000   Number         0  stubs.o ABSOLUTE
    _printf_widthprec                        0x00000000   Number         0  stubs.o ABSOLUTE
    _printf_x                                0x00000000   Number         0  stubs.o ABSOLUTE
    __cpp_initialize__aeabi_                  - Undefined Weak Reference
    __cxa_finalize                            - Undefined Weak Reference
    _clock_init                               - Undefined Weak Reference
    _microlib_exit                            - Undefined Weak Reference
    __Vectors_Size                           0x00000188   Number         0  startup_stm32f4xx.o ABSOLUTE
    __Vectors                                0x08000000   Data           4  startup_stm32f4xx.o(RESET)
    __Vectors_End                            0x08000188   Data           0  startup_stm32f4xx.o(RESET)
    __main                                   0x08000189   Thumb Code     0  entry.o(.ARM.Collect$$$$00000000)
    _main_stk                                0x08000189   Thumb Code     0  entry2.o(.ARM.Collect$$$$00000001)
    _main_scatterload                        0x0800018d   Thumb Code     0  entry5.o(.ARM.Collect$$$$00000004)
    __main_after_scatterload                 0x08000191   Thumb Code     0  entry5.o(.ARM.Collect$$$$00000004)
    _main_clock                              0x08000191   Thumb Code     0  entry7b.o(.ARM.Collect$$$$00000008)
    _main_cpp_init                           0x08000191   Thumb Code     0  entry8b.o(.ARM.Collect$$$$0000000A)
    _main_init                               0x08000191   Thumb Code     0  entry9a.o(.ARM.Collect$$$$0000000B)
    __rt_final_cpp                           0x08000199   Thumb Code     0  entry10a.o(.ARM.Collect$$$$0000000D)
    __rt_final_exit                          0x08000199   Thumb Code     0  entry11a.o(.ARM.Collect$$$$0000000F)
    main                                     0x0800019d   Thumb Code    14  main.o(.text)
    NMI_Handler                              0x080001bd   Thumb Code     2  stm32f4xx_it.o(.text)
    HardFault_Handler                        0x080001bf   Thumb Code     4  stm32f4xx_it.o(.text)
    MemManage_Handler                        0x080001c3   Thumb Code     4  stm32f4xx_it.o(.text)
    BusFault_Handler                         0x080001c7   Thumb Code     4  stm32f4xx_it.o(.text)
    UsageFault_Handler                       0x080001cb   Thumb Code     4  stm32f4xx_it.o(.text)
    SVC_Handler                              0x080001cf   Thumb Code     2  stm32f4xx_it.o(.text)
    DebugMon_Handler                         0x080001d1   Thumb Code     2  stm32f4xx_it.o(.text)
    PendSV_Handler                           0x080001d3   Thumb Code     2  stm32f4xx_it.o(.text)
    SysTick_Handler                          0x080001d5   Thumb Code    92  stm32f4xx_it.o(.text)
    SysTick_Configuration                    0x08000241   Thumb Code    98  board.o(.text)
    GetSysTime_us                            0x080002a3   Thumb Code    48  board.o(.text)
    DelayUs                                  0x080002d3   Thumb Code    24  board.o(.text)
    DelayMs                                  0x080002eb   Thumb Code    24  board.o(.text)
    FlightController_board_Init              0x08000303   Thumb Code   202  board.o(.text)
    Loop_1000Hz                              0x080003e5   Thumb Code     2  schedule.o(.text)
    Loop_500Hz                               0x080003e7   Thumb Code    54  schedule.o(.text)
    Loop_200Hz                               0x0800041d   Thumb Code   104  schedule.o(.text)
    Loop_100Hz                               0x08000485   Thumb Code    58  schedule.o(.text)
    Loop_50Hz                                0x080004bf   Thumb Code    38  schedule.o(.text)
    Loop_20Hz                                0x080004e5   Thumb Code   176  schedule.o(.text)
    Loop_5Hz                                 0x08000595   Thumb Code   118  schedule.o(.text)
    Loop                                     0x0800060b   Thumb Code   142  schedule.o(.text)
    I2C_Soft_Init                            0x080006e9   Thumb Code    46  softiic.o(.text)
    I2C_Soft_Delay                           0x08000717   Thumb Code    42  softiic.o(.text)
    I2C_Soft_Start                           0x08000741   Thumb Code    86  softiic.o(.text)
    I2C_Soft_Stop                            0x08000797   Thumb Code    52  softiic.o(.text)
    I2C_Soft_Ack                             0x080007cb   Thumb Code    52  softiic.o(.text)
    I2C_Soft_NoAck                           0x080007ff   Thumb Code    52  softiic.o(.text)
    I2C_Soft_WaitAck                         0x08000833   Thumb Code    82  softiic.o(.text)
    I2C_Soft_SendByte                        0x08000885   Thumb Code    84  softiic.o(.text)
    I2C_Soft_ReadByte                        0x080008d9   Thumb Code    82  softiic.o(.text)
    I2C_Soft_Single_Write                    0x0800092b   Thumb Code    66  softiic.o(.text)
    I2C_Soft_Single_Read                     0x0800096d   Thumb Code    80  softiic.o(.text)
    I2C_Soft_Mult_Read                       0x080009bd   Thumb Code   122  softiic.o(.text)
    Mpu6050_Init                             0x08000a41   Thumb Code   170  mpu6050.o(.text)
    Mpu6050_Read_Acc_Data                    0x08000aeb   Thumb Code   124  mpu6050.o(.text)
    Mpu6050_Read_Gyro_Data                   0x08000b67   Thumb Code   130  mpu6050.o(.text)
    Mpu6050_Read                             0x08000be9   Thumb Code    18  mpu6050.o(.text)
    Mpu6050_CalOffset_Acc                    0x08000bfb   Thumb Code    28  mpu6050.o(.text)
    Mpu6050_CalOffset_Gyro                   0x08000c17   Thumb Code   576  mpu6050.o(.text)
    Mpu6050_Data_Prepare                     0x08000e57   Thumb Code   754  mpu6050.o(.text)
    Hmc5883_Init                             0x08001159   Thumb Code    14  hmc5883.o(.text)
    Hmc5883_Read                             0x08001167   Thumb Code    76  hmc5883.o(.text)
    Get_Mag                                  0x080011b3   Thumb Code   136  hmc5883.o(.text)
    moxin                                    0x0800123b   Thumb Code    22  hmc5883.o(.text)
    Get_Direction                            0x08001251   Thumb Code   612  hmc5883.o(.text)
    Mag_Correct                              0x080014b5   Thumb Code   314  hmc5883.o(.text)
    MS5611_Reset                             0x080015f9   Thumb Code    14  ms5611.o(.text)
    MS5611_Read_Prom                         0x08001607   Thumb Code    72  ms5611.o(.text)
    MS5611_Start_T                           0x0800164f   Thumb Code    14  ms5611.o(.text)
    MS5611_Init                              0x0800165d   Thumb Code    28  ms5611.o(.text)
    MS5611_Read_Adc_T                        0x08001679   Thumb Code    16  ms5611.o(.text)
    MS5611_Read_Adc_P                        0x08001689   Thumb Code    16  ms5611.o(.text)
    MS5611_Start_P                           0x08001699   Thumb Code    14  ms5611.o(.text)
    MS5611_BaroAltCalculate                  0x080016a7   Thumb Code   470  ms5611.o(.text)
    MS5611_Update                            0x0800187d   Thumb Code    50  ms5611.o(.text)
    MS5611_Get_BaroAlt                       0x080018af   Thumb Code     6  ms5611.o(.text)
    MS5611_CalOffset                         0x080018b5   Thumb Code   138  ms5611.o(.text)
    IMUupdate                                0x08001985   Thumb Code  1650  imu.o(.text)
    RC_Check                                 0x0800202d   Thumb Code   130  dbus.o(.text)
    s_bus_get_value                          0x080020af   Thumb Code   660  dbus.o(.text)
    Dbus_Config                              0x08002343   Thumb Code   292  dbus.o(.text)
    USART3_IRQHandler                        0x08002467   Thumb Code    76  dbus.o(.text)
    Control_Outer                            0x080024c1   Thumb Code  1614  control.o(.text)
    Thr_Control                              0x08002b0f   Thumb Code   254  control.o(.text)
    Control_Inner                            0x08002c0d   Thumb Code  1828  control.o(.text)
    Height_Acceleration_Control              0x08003345   Thumb Code    60  height_control.o(.text)
    Height_Velocity_Control                  0x08003381   Thumb Code   110  height_control.o(.text)
    Height_Position_Control                  0x080033ef   Thumb Code   574  height_control.o(.text)
    PWM_IN_Init                              0x0800366d   Thumb Code   682  pwm_in.o(.text)
    TIM4_IRQHandler                          0x08003917   Thumb Code   562  pwm_in.o(.text)
    TIM5_IRQHandler                          0x08003b49   Thumb Code   528  pwm_in.o(.text)
    Get_PPM_Value                            0x08003d59   Thumb Code   528  pwm_in.o(.text)
    TIM3_PWM_Init                            0x08003f6d   Thumb Code   294  pwm_out.o(.text)
    Motor_Speed_Update                       0x08004093   Thumb Code  1900  pwm_out.o(.text)
    fputc                                    0x08004801   Thumb Code    22  usart1.o(.text)
    Usart1_Config                            0x08004817   Thumb Code   142  usart1.o(.text)
    Usart1_SendChar                          0x080048a5   Thumb Code    28  usart1.o(.text)
    Uart5_SendChar                           0x080048cd   Thumb Code    28  uart5.o(.text)
    Uart5_Config                             0x080048e9   Thumb Code   644  uart5.o(.text)
    UART5_IRQHandler                         0x08004b6d   Thumb Code    74  uart5.o(.text)
    Get_Cycle_T                              0x08004bd5   Thumb Code   118  time.o(.text)
    Cycle_Time_Init                          0x08004c4b   Thumb Code    22  time.o(.text)
    Led_Init                                 0x08004c69   Thumb Code   114  led.o(.text)
    Led_Flash                                0x08004cdb   Thumb Code   158  led.o(.text)
    Led_Task                                 0x08004d79   Thumb Code    54  led.o(.text)
    Buzzer_Init                              0x08004dcd   Thumb Code    60  buzzer.o(.text)
    Get_parameter                            0x08004e0d   Thumb Code   266  parameter.o(.text)
    Param_Save                               0x08004f17   Thumb Code   194  parameter.o(.text)
    Param_Read                               0x08004fd9   Thumb Code   142  parameter.o(.text)
    fast_atan2                               0x080050b5   Thumb Code   368  mymath.o(.text)
    my_atan                                  0x08005225   Thumb Code    24  mymath.o(.text)
    my_pow                                   0x0800523d   Thumb Code    10  mymath.o(.text)
    my_sqrt                                  0x08005247   Thumb Code    88  mymath.o(.text)
    mx_sin                                   0x0800529f   Thumb Code   292  mymath.o(.text)
    my_sin                                   0x080053c3   Thumb Code   108  mymath.o(.text)
    my_cos                                   0x0800542f   Thumb Code   234  mymath.o(.text)
    my_deathzoom                             0x08005519   Thumb Code    62  mymath.o(.text)
    To_180_degrees                           0x08005557   Thumb Code    58  mymath.o(.text)
    LPF2pSetCutoffFreq_1                     0x0800559d   Thumb Code   236  filter.o(.text)
    LPF2pApply_1                             0x08005689   Thumb Code   186  filter.o(.text)
    LPF2pSetCutoffFreq_2                     0x08005743   Thumb Code   236  filter.o(.text)
    LPF2pApply_2                             0x0800582f   Thumb Code   186  filter.o(.text)
    LPF2pSetCutoffFreq_3                     0x080058e9   Thumb Code   330  filter.o(.text)
    LPF2pApply_3                             0x08005a33   Thumb Code   186  filter.o(.text)
    LPF2pSetCutoffFreq_4                     0x08005aed   Thumb Code   236  filter.o(.text)
    LPF2pApply_4                             0x08005bd9   Thumb Code   186  filter.o(.text)
    LPF2pSetCutoffFreq_5                     0x08005c93   Thumb Code   236  filter.o(.text)
    LPF2pApply_5                             0x08005d7f   Thumb Code   286  filter.o(.text)
    LPF2pSetCutoffFreq_6                     0x08005e9d   Thumb Code   236  filter.o(.text)
    LPF2pApply_6                             0x08005f89   Thumb Code   186  filter.o(.text)
    LPF2pSetCutoffFreq_7                     0x08006043   Thumb Code   236  filter.o(.text)
    LPF2pApply_7                             0x0800612f   Thumb Code   186  filter.o(.text)
    LPF2pSetCutoffFreq_8                     0x080061e9   Thumb Code   336  filter.o(.text)
    LPF2pApply_8                             0x08006339   Thumb Code   186  filter.o(.text)
    KalmanFilter_d                           0x080063f3   Thumb Code   240  filter.o(.text)
    Hcsr04_Init                              0x08006535   Thumb Code   148  hcsr04.o(.text)
    EXTI4_IRQHandler                         0x080065c9   Thumb Code   142  hcsr04.o(.text)
    Hcsr04_Filter                            0x08006657   Thumb Code    72  hcsr04.o(.text)
    Push_baroAlt                             0x080066c5   Thumb Code    34  inertialnav.o(.text)
    Update_Velocities_Positions_Z            0x080066e7   Thumb Code   540  inertialnav.o(.text)
    FindStr                                  0x08006949   Thumb Code    78  gps.o(.text)
    GPSParse                                 0x08006997   Thumb Code   160  gps.o(.text)
    LatToRad                                 0x08006a37   Thumb Code   360  gps.o(.text)
    LonToRad                                 0x08006b9f   Thumb Code   342  gps.o(.text)
    GetSpeed                                 0x08006cf5   Thumb Code   358  gps.o(.text)
    GetAzimuth                               0x08006e5b   Thumb Code   266  gps.o(.text)
    GPS_Read                                 0x08006f65   Thumb Code   470  gps.o(.text)
    Push_Pos_Dis                             0x0800713b   Thumb Code    70  gps.o(.text)
    Update_GPS_states                        0x08007181   Thumb Code  1586  gps.o(.text)
    Cal_Distance_to_Leader                   0x080077b3   Thumb Code   330  gps.o(.text)
    Update_Leader_State                      0x080078fd   Thumb Code  2232  gps.o(.text)
    GPSlevel_Velocity_Control                0x080081b5   Thumb Code  1150  gps.o(.text)
    GPSlevel_Position_Control                0x08008633   Thumb Code  1272  gps.o(.text)
    ClearFlash                               0x08008b51   Thumb Code    40  flash.o(.text)
    ClearDataFlash                           0x08008b79   Thumb Code    10  flash.o(.text)
    GetActPage                               0x08008b83   Thumb Code    32  flash.o(.text)
    WriteFloat                               0x08008ba3   Thumb Code    54  flash.o(.text)
    WriteInt                                 0x08008bd9   Thumb Code    40  flash.o(.text)
    ReadFloat                                0x08008c01   Thumb Code    14  flash.o(.text)
    ReadInt                                  0x08008c0f   Thumb Code     8  flash.o(.text)
    NVIC_PriorityGroupConfig                 0x08008c1d   Thumb Code    10  misc.o(.text)
    NVIC_Init                                0x08008c27   Thumb Code   106  misc.o(.text)
    NVIC_SetVectorTable                      0x08008c91   Thumb Code    14  misc.o(.text)
    NVIC_SystemLPConfig                      0x08008c9f   Thumb Code    34  misc.o(.text)
    SysTick_CLKSourceConfig                  0x08008cc1   Thumb Code    40  misc.o(.text)
    TIM_DeInit                               0x08008cfd   Thumb Code   346  stm32f4xx_tim.o(.text)
    TIM_TimeBaseInit                         0x08008e57   Thumb Code   104  stm32f4xx_tim.o(.text)
    TIM_TimeBaseStructInit                   0x08008ebf   Thumb Code    18  stm32f4xx_tim.o(.text)
    TIM_PrescalerConfig                      0x08008ed1   Thumb Code     6  stm32f4xx_tim.o(.text)
    TIM_CounterModeConfig                    0x08008ed7   Thumb Code    18  stm32f4xx_tim.o(.text)
    TIM_SetCounter                           0x08008ee9   Thumb Code     4  stm32f4xx_tim.o(.text)
    TIM_SetAutoreload                        0x08008eed   Thumb Code     4  stm32f4xx_tim.o(.text)
    TIM_GetCounter                           0x08008ef1   Thumb Code     6  stm32f4xx_tim.o(.text)
    TIM_GetPrescaler                         0x08008ef7   Thumb Code     6  stm32f4xx_tim.o(.text)
    TIM_UpdateDisableConfig                  0x08008efd   Thumb Code    24  stm32f4xx_tim.o(.text)
    TIM_UpdateRequestConfig                  0x08008f15   Thumb Code    24  stm32f4xx_tim.o(.text)
    TIM_ARRPreloadConfig                     0x08008f2d   Thumb Code    24  stm32f4xx_tim.o(.text)
    TIM_SelectOnePulseMode                   0x08008f45   Thumb Code    18  stm32f4xx_tim.o(.text)
    TIM_SetClockDivision                     0x08008f57   Thumb Code    18  stm32f4xx_tim.o(.text)
    TIM_Cmd                                  0x08008f69   Thumb Code    24  stm32f4xx_tim.o(.text)
    TIM_OC1Init                              0x08008f81   Thumb Code   114  stm32f4xx_tim.o(.text)
    TIM_OC2Init                              0x08008ff3   Thumb Code   154  stm32f4xx_tim.o(.text)
    TIM_OC3Init                              0x0800908d   Thumb Code   204  stm32f4xx_tim.o(.text)
    TIM_OC4Init                              0x08009159   Thumb Code   112  stm32f4xx_tim.o(.text)
    TIM_OCStructInit                         0x080091c9   Thumb Code    20  stm32f4xx_tim.o(.text)
    TIM_SelectOCxM                           0x080091dd   Thumb Code    86  stm32f4xx_tim.o(.text)
    TIM_SetCompare1                          0x08009233   Thumb Code     4  stm32f4xx_tim.o(.text)
    TIM_SetCompare2                          0x08009237   Thumb Code     4  stm32f4xx_tim.o(.text)
    TIM_SetCompare3                          0x0800923b   Thumb Code     4  stm32f4xx_tim.o(.text)
    TIM_SetCompare4                          0x0800923f   Thumb Code     4  stm32f4xx_tim.o(.text)
    TIM_ForcedOC1Config                      0x08009243   Thumb Code    18  stm32f4xx_tim.o(.text)
    TIM_ForcedOC2Config                      0x08009255   Thumb Code    26  stm32f4xx_tim.o(.text)
    TIM_ForcedOC3Config                      0x0800926f   Thumb Code    18  stm32f4xx_tim.o(.text)
    TIM_ForcedOC4Config                      0x08009281   Thumb Code    26  stm32f4xx_tim.o(.text)
    TIM_OC1PreloadConfig                     0x0800929b   Thumb Code    18  stm32f4xx_tim.o(.text)
    TIM_OC2PreloadConfig                     0x080092ad   Thumb Code    26  stm32f4xx_tim.o(.text)
    TIM_OC3PreloadConfig                     0x080092c7   Thumb Code    18  stm32f4xx_tim.o(.text)
    TIM_OC4PreloadConfig                     0x080092d9   Thumb Code    26  stm32f4xx_tim.o(.text)
    TIM_OC1FastConfig                        0x080092f3   Thumb Code    18  stm32f4xx_tim.o(.text)
    TIM_OC2FastConfig                        0x08009305   Thumb Code    26  stm32f4xx_tim.o(.text)
    TIM_OC3FastConfig                        0x0800931f   Thumb Code    18  stm32f4xx_tim.o(.text)
    TIM_OC4FastConfig                        0x08009331   Thumb Code    26  stm32f4xx_tim.o(.text)
    TIM_ClearOC1Ref                          0x0800934b   Thumb Code    18  stm32f4xx_tim.o(.text)
    TIM_ClearOC2Ref                          0x0800935d   Thumb Code    24  stm32f4xx_tim.o(.text)
    TIM_ClearOC3Ref                          0x08009375   Thumb Code    18  stm32f4xx_tim.o(.text)
    TIM_ClearOC4Ref                          0x08009387   Thumb Code    24  stm32f4xx_tim.o(.text)
    TIM_OC1PolarityConfig                    0x0800939f   Thumb Code    18  stm32f4xx_tim.o(.text)
    TIM_OC1NPolarityConfig                   0x080093b1   Thumb Code    18  stm32f4xx_tim.o(.text)
    TIM_OC2PolarityConfig                    0x080093c3   Thumb Code    26  stm32f4xx_tim.o(.text)
    TIM_OC2NPolarityConfig                   0x080093dd   Thumb Code    26  stm32f4xx_tim.o(.text)
    TIM_OC3PolarityConfig                    0x080093f7   Thumb Code    26  stm32f4xx_tim.o(.text)
    TIM_OC3NPolarityConfig                   0x08009411   Thumb Code    26  stm32f4xx_tim.o(.text)
    TIM_OC4PolarityConfig                    0x0800942b   Thumb Code    26  stm32f4xx_tim.o(.text)
    TIM_CCxCmd                               0x08009445   Thumb Code    30  stm32f4xx_tim.o(.text)
    TIM_CCxNCmd                              0x08009463   Thumb Code    30  stm32f4xx_tim.o(.text)
    TIM_SetIC4Prescaler                      0x08009481   Thumb Code    26  stm32f4xx_tim.o(.text)
    TIM_SetIC3Prescaler                      0x080094eb   Thumb Code    18  stm32f4xx_tim.o(.text)
    TIM_SetIC2Prescaler                      0x08009545   Thumb Code    26  stm32f4xx_tim.o(.text)
    TIM_SetIC1Prescaler                      0x080095b9   Thumb Code    18  stm32f4xx_tim.o(.text)
    TIM_ICInit                               0x08009605   Thumb Code   110  stm32f4xx_tim.o(.text)
    TIM_ICStructInit                         0x08009673   Thumb Code    18  stm32f4xx_tim.o(.text)
    TIM_PWMIConfig                           0x08009685   Thumb Code   124  stm32f4xx_tim.o(.text)
    TIM_GetCapture1                          0x08009701   Thumb Code     6  stm32f4xx_tim.o(.text)
    TIM_GetCapture2                          0x08009707   Thumb Code     6  stm32f4xx_tim.o(.text)
    TIM_GetCapture3                          0x0800970d   Thumb Code     6  stm32f4xx_tim.o(.text)
    TIM_GetCapture4                          0x08009713   Thumb Code     6  stm32f4xx_tim.o(.text)
    TIM_BDTRConfig                           0x08009719   Thumb Code    32  stm32f4xx_tim.o(.text)
    TIM_BDTRStructInit                       0x08009739   Thumb Code    18  stm32f4xx_tim.o(.text)
    TIM_CtrlPWMOutputs                       0x0800974b   Thumb Code    30  stm32f4xx_tim.o(.text)
    TIM_SelectCOM                            0x08009769   Thumb Code    24  stm32f4xx_tim.o(.text)
    TIM_CCPreloadControl                     0x08009781   Thumb Code    24  stm32f4xx_tim.o(.text)
    TIM_ITConfig                             0x08009799   Thumb Code    18  stm32f4xx_tim.o(.text)
    TIM_GenerateEvent                        0x080097ab   Thumb Code     4  stm32f4xx_tim.o(.text)
    TIM_GetFlagStatus                        0x080097af   Thumb Code    18  stm32f4xx_tim.o(.text)
    TIM_ClearFlag                            0x080097c1   Thumb Code     6  stm32f4xx_tim.o(.text)
    TIM_GetITStatus                          0x080097c7   Thumb Code    34  stm32f4xx_tim.o(.text)
    TIM_ClearITPendingBit                    0x080097e9   Thumb Code     6  stm32f4xx_tim.o(.text)
    TIM_DMAConfig                            0x080097ef   Thumb Code    10  stm32f4xx_tim.o(.text)
    TIM_DMACmd                               0x080097f9   Thumb Code    18  stm32f4xx_tim.o(.text)
    TIM_SelectCCDMA                          0x0800980b   Thumb Code    24  stm32f4xx_tim.o(.text)
    TIM_InternalClockConfig                  0x08009823   Thumb Code    12  stm32f4xx_tim.o(.text)
    TIM_SelectInputTrigger                   0x0800982f   Thumb Code    18  stm32f4xx_tim.o(.text)
    TIM_ITRxExternalClockConfig              0x08009841   Thumb Code    24  stm32f4xx_tim.o(.text)
    TIM_TIxExternalClockConfig               0x08009859   Thumb Code    62  stm32f4xx_tim.o(.text)
    TIM_ETRConfig                            0x08009897   Thumb Code    28  stm32f4xx_tim.o(.text)
    TIM_ETRClockMode1Config                  0x080098b3   Thumb Code    54  stm32f4xx_tim.o(.text)
    TIM_ETRClockMode2Config                  0x080098e9   Thumb Code    32  stm32f4xx_tim.o(.text)
    TIM_SelectOutputTrigger                  0x08009909   Thumb Code    18  stm32f4xx_tim.o(.text)
    TIM_SelectSlaveMode                      0x0800991b   Thumb Code    18  stm32f4xx_tim.o(.text)
    TIM_SelectMasterSlaveMode                0x0800992d   Thumb Code    18  stm32f4xx_tim.o(.text)
    TIM_EncoderInterfaceConfig               0x0800993f   Thumb Code    66  stm32f4xx_tim.o(.text)
    TIM_SelectHallSensor                     0x08009981   Thumb Code    24  stm32f4xx_tim.o(.text)
    TIM_RemapConfig                          0x08009999   Thumb Code     6  stm32f4xx_tim.o(.text)
    RCC_DeInit                               0x080099a1   Thumb Code    60  stm32f4xx_rcc.o(.text)
    RCC_HSEConfig                            0x080099dd   Thumb Code    14  stm32f4xx_rcc.o(.text)
    RCC_GetFlagStatus                        0x080099eb   Thumb Code    60  stm32f4xx_rcc.o(.text)
    RCC_WaitForHSEStartUp                    0x08009a27   Thumb Code    56  stm32f4xx_rcc.o(.text)
    RCC_AdjustHSICalibrationValue            0x08009a5f   Thumb Code    20  stm32f4xx_rcc.o(.text)
    RCC_HSICmd                               0x08009a73   Thumb Code     6  stm32f4xx_rcc.o(.text)
    RCC_LSEConfig                            0x08009a79   Thumb Code    46  stm32f4xx_rcc.o(.text)
    RCC_LSICmd                               0x08009aa7   Thumb Code     6  stm32f4xx_rcc.o(.text)
    RCC_PLLConfig                            0x08009aad   Thumb Code    32  stm32f4xx_rcc.o(.text)
    RCC_PLLCmd                               0x08009acd   Thumb Code     6  stm32f4xx_rcc.o(.text)
    RCC_PLLI2SConfig                         0x08009ad3   Thumb Code    14  stm32f4xx_rcc.o(.text)
    RCC_PLLI2SCmd                            0x08009ae1   Thumb Code     6  stm32f4xx_rcc.o(.text)
    RCC_ClockSecuritySystemCmd               0x08009ae7   Thumb Code     6  stm32f4xx_rcc.o(.text)
    RCC_MCO1Config                           0x08009aed   Thumb Code    28  stm32f4xx_rcc.o(.text)
    RCC_MCO2Config                           0x08009b09   Thumb Code    28  stm32f4xx_rcc.o(.text)
    RCC_SYSCLKConfig                         0x08009b25   Thumb Code    20  stm32f4xx_rcc.o(.text)
    RCC_GetSYSCLKSource                      0x08009b39   Thumb Code    12  stm32f4xx_rcc.o(.text)
    RCC_HCLKConfig                           0x08009b45   Thumb Code    20  stm32f4xx_rcc.o(.text)
    RCC_PCLK1Config                          0x08009b59   Thumb Code    20  stm32f4xx_rcc.o(.text)
    RCC_PCLK2Config                          0x08009b6d   Thumb Code    22  stm32f4xx_rcc.o(.text)
    RCC_GetClocksFreq                        0x08009b83   Thumb Code   222  stm32f4xx_rcc.o(.text)
    RCC_RTCCLKConfig                         0x08009c61   Thumb Code    54  stm32f4xx_rcc.o(.text)
    RCC_RTCCLKCmd                            0x08009c97   Thumb Code     8  stm32f4xx_rcc.o(.text)
    RCC_BackupResetCmd                       0x08009c9f   Thumb Code     8  stm32f4xx_rcc.o(.text)
    RCC_I2SCLKConfig                         0x08009ca7   Thumb Code     6  stm32f4xx_rcc.o(.text)
    RCC_AHB1PeriphClockCmd                   0x08009cad   Thumb Code    34  stm32f4xx_rcc.o(.text)
    RCC_AHB2PeriphClockCmd                   0x08009ccf   Thumb Code    34  stm32f4xx_rcc.o(.text)
    RCC_AHB3PeriphClockCmd                   0x08009cf1   Thumb Code    34  stm32f4xx_rcc.o(.text)
    RCC_APB1PeriphClockCmd                   0x08009d13   Thumb Code    34  stm32f4xx_rcc.o(.text)
    RCC_APB2PeriphClockCmd                   0x08009d35   Thumb Code    34  stm32f4xx_rcc.o(.text)
    RCC_AHB1PeriphResetCmd                   0x08009d57   Thumb Code    34  stm32f4xx_rcc.o(.text)
    RCC_AHB2PeriphResetCmd                   0x08009d79   Thumb Code    72  stm32f4xx_rcc.o(.text)
    RCC_AHB3PeriphResetCmd                   0x08009dc1   Thumb Code    34  stm32f4xx_rcc.o(.text)
    RCC_APB1PeriphResetCmd                   0x08009de3   Thumb Code    34  stm32f4xx_rcc.o(.text)
    RCC_APB2PeriphResetCmd                   0x08009e05   Thumb Code    34  stm32f4xx_rcc.o(.text)
    RCC_AHB1PeriphClockLPModeCmd             0x08009e27   Thumb Code    34  stm32f4xx_rcc.o(.text)
    RCC_AHB2PeriphClockLPModeCmd             0x08009e49   Thumb Code    34  stm32f4xx_rcc.o(.text)
    RCC_AHB3PeriphClockLPModeCmd             0x08009e6b   Thumb Code    34  stm32f4xx_rcc.o(.text)
    RCC_APB1PeriphClockLPModeCmd             0x08009e8d   Thumb Code    34  stm32f4xx_rcc.o(.text)
    RCC_APB2PeriphClockLPModeCmd             0x08009eaf   Thumb Code    34  stm32f4xx_rcc.o(.text)
    RCC_ITConfig                             0x08009ed1   Thumb Code    34  stm32f4xx_rcc.o(.text)
    RCC_ClearFlag                            0x08009ef3   Thumb Code    18  stm32f4xx_rcc.o(.text)
    RCC_GetITStatus                          0x08009f05   Thumb Code    22  stm32f4xx_rcc.o(.text)
    RCC_ClearITPendingBit                    0x08009f1b   Thumb Code     8  stm32f4xx_rcc.o(.text)
    EXTI_DeInit                              0x08009f29   Thumb Code    28  stm32f4xx_exti.o(.text)
    EXTI_Init                                0x08009f45   Thumb Code   142  stm32f4xx_exti.o(.text)
    EXTI_StructInit                          0x08009fd3   Thumb Code    16  stm32f4xx_exti.o(.text)
    EXTI_GenerateSWInterrupt                 0x08009fe3   Thumb Code    16  stm32f4xx_exti.o(.text)
    EXTI_GetFlagStatus                       0x08009ff3   Thumb Code    22  stm32f4xx_exti.o(.text)
    EXTI_ClearFlag                           0x0800a009   Thumb Code     8  stm32f4xx_exti.o(.text)
    EXTI_GetITStatus                         0x0800a011   Thumb Code    34  stm32f4xx_exti.o(.text)
    EXTI_ClearITPendingBit                   0x0800a033   Thumb Code     8  stm32f4xx_exti.o(.text)
    GPIO_DeInit                              0x0800a045   Thumb Code   220  stm32f4xx_gpio.o(.text)
    GPIO_Init                                0x0800a121   Thumb Code   144  stm32f4xx_gpio.o(.text)
    GPIO_StructInit                          0x0800a1b1   Thumb Code    18  stm32f4xx_gpio.o(.text)
    GPIO_PinLockConfig                       0x0800a1c3   Thumb Code    34  stm32f4xx_gpio.o(.text)
    GPIO_ReadInputDataBit                    0x0800a1e5   Thumb Code    18  stm32f4xx_gpio.o(.text)
    GPIO_ReadInputData                       0x0800a1f7   Thumb Code     8  stm32f4xx_gpio.o(.text)
    GPIO_ReadOutputDataBit                   0x0800a1ff   Thumb Code    18  stm32f4xx_gpio.o(.text)
    GPIO_ReadOutputData                      0x0800a211   Thumb Code     8  stm32f4xx_gpio.o(.text)
    GPIO_SetBits                             0x0800a219   Thumb Code     4  stm32f4xx_gpio.o(.text)
    GPIO_ResetBits                           0x0800a21d   Thumb Code     4  stm32f4xx_gpio.o(.text)
    GPIO_WriteBit                            0x0800a221   Thumb Code    10  stm32f4xx_gpio.o(.text)
    GPIO_Write                               0x0800a22b   Thumb Code     4  stm32f4xx_gpio.o(.text)
    GPIO_ToggleBits                          0x0800a22f   Thumb Code     8  stm32f4xx_gpio.o(.text)
    GPIO_PinAFConfig                         0x0800a237   Thumb Code    70  stm32f4xx_gpio.o(.text)
    DMA_DeInit                               0x0800a2a1   Thumb Code   324  stm32f4xx_dma.o(.text)
    DMA_Init                                 0x0800a3e5   Thumb Code    82  stm32f4xx_dma.o(.text)
    DMA_StructInit                           0x0800a437   Thumb Code    34  stm32f4xx_dma.o(.text)
    DMA_Cmd                                  0x0800a459   Thumb Code    22  stm32f4xx_dma.o(.text)
    DMA_PeriphIncOffsetSizeConfig            0x0800a46f   Thumb Code    22  stm32f4xx_dma.o(.text)
    DMA_FlowControllerConfig                 0x0800a485   Thumb Code    22  stm32f4xx_dma.o(.text)
    DMA_SetCurrDataCounter                   0x0800a49b   Thumb Code     4  stm32f4xx_dma.o(.text)
    DMA_GetCurrDataCounter                   0x0800a49f   Thumb Code     8  stm32f4xx_dma.o(.text)
    DMA_DoubleBufferModeConfig               0x0800a4a7   Thumb Code    24  stm32f4xx_dma.o(.text)
    DMA_DoubleBufferModeCmd                  0x0800a4bf   Thumb Code    22  stm32f4xx_dma.o(.text)
    DMA_MemoryTargetConfig                   0x0800a4d5   Thumb Code    10  stm32f4xx_dma.o(.text)
    DMA_GetCurrentMemoryTarget               0x0800a4df   Thumb Code    20  stm32f4xx_dma.o(.text)
    DMA_GetCmdStatus                         0x0800a4f3   Thumb Code    20  stm32f4xx_dma.o(.text)
    DMA_GetFIFOStatus                        0x0800a507   Thumb Code    12  stm32f4xx_dma.o(.text)
    DMA_GetFlagStatus                        0x0800a513   Thumb Code    56  stm32f4xx_dma.o(.text)
    DMA_ClearFlag                            0x0800a54b   Thumb Code    40  stm32f4xx_dma.o(.text)
    DMA_ITConfig                             0x0800a573   Thumb Code    58  stm32f4xx_dma.o(.text)
    DMA_GetITStatus                          0x0800a5ad   Thumb Code    84  stm32f4xx_dma.o(.text)
    DMA_ClearITPendingBit                    0x0800a601   Thumb Code    40  stm32f4xx_dma.o(.text)
    USART_DeInit                             0x0800a649   Thumb Code   156  stm32f4xx_usart.o(.text)
    USART_Init                               0x0800a6e5   Thumb Code   204  stm32f4xx_usart.o(.text)
    USART_StructInit                         0x0800a7b1   Thumb Code    24  stm32f4xx_usart.o(.text)
    USART_ClockInit                          0x0800a7c9   Thumb Code    32  stm32f4xx_usart.o(.text)
    USART_ClockStructInit                    0x0800a7e9   Thumb Code    12  stm32f4xx_usart.o(.text)
    USART_Cmd                                0x0800a7f5   Thumb Code    24  stm32f4xx_usart.o(.text)
    USART_SetPrescaler                       0x0800a80d   Thumb Code    16  stm32f4xx_usart.o(.text)
    USART_OverSampling8Cmd                   0x0800a81d   Thumb Code    22  stm32f4xx_usart.o(.text)
    USART_OneBitMethodCmd                    0x0800a833   Thumb Code    24  stm32f4xx_usart.o(.text)
    USART_SendData                           0x0800a84b   Thumb Code     8  stm32f4xx_usart.o(.text)
    USART_ReceiveData                        0x0800a853   Thumb Code    10  stm32f4xx_usart.o(.text)
    USART_SetAddress                         0x0800a85d   Thumb Code    18  stm32f4xx_usart.o(.text)
    USART_ReceiverWakeUpCmd                  0x0800a86f   Thumb Code    24  stm32f4xx_usart.o(.text)
    USART_WakeUpConfig                       0x0800a887   Thumb Code    18  stm32f4xx_usart.o(.text)
    USART_LINBreakDetectLengthConfig         0x0800a899   Thumb Code    18  stm32f4xx_usart.o(.text)
    USART_LINCmd                             0x0800a8ab   Thumb Code    24  stm32f4xx_usart.o(.text)
    USART_SendBreak                          0x0800a8c3   Thumb Code    10  stm32f4xx_usart.o(.text)
    USART_HalfDuplexCmd                      0x0800a8cd   Thumb Code    24  stm32f4xx_usart.o(.text)
    USART_SetGuardTime                       0x0800a8e5   Thumb Code    16  stm32f4xx_usart.o(.text)
    USART_SmartCardCmd                       0x0800a8f5   Thumb Code    24  stm32f4xx_usart.o(.text)
    USART_SmartCardNACKCmd                   0x0800a90d   Thumb Code    24  stm32f4xx_usart.o(.text)
    USART_IrDAConfig                         0x0800a925   Thumb Code    18  stm32f4xx_usart.o(.text)
    USART_IrDACmd                            0x0800a937   Thumb Code    24  stm32f4xx_usart.o(.text)
    USART_DMACmd                             0x0800a94f   Thumb Code    18  stm32f4xx_usart.o(.text)
    USART_ITConfig                           0x0800a961   Thumb Code    74  stm32f4xx_usart.o(.text)
    USART_GetFlagStatus                      0x0800a9ab   Thumb Code    26  stm32f4xx_usart.o(.text)
    USART_ClearFlag                          0x0800a9c5   Thumb Code    18  stm32f4xx_usart.o(.text)
    USART_GetITStatus                        0x0800a9d7   Thumb Code   110  stm32f4xx_usart.o(.text)
    USART_ClearITPendingBit                  0x0800aa45   Thumb Code    30  stm32f4xx_usart.o(.text)
    SYSCFG_DeInit                            0x0800aa65   Thumb Code    22  stm32f4xx_syscfg.o(.text)
    SYSCFG_MemoryRemapConfig                 0x0800aa7b   Thumb Code     6  stm32f4xx_syscfg.o(.text)
    SYSCFG_EXTILineConfig                    0x0800aa81   Thumb Code    66  stm32f4xx_syscfg.o(.text)
    SYSCFG_ETH_MediaInterfaceConfig          0x0800aac3   Thumb Code     6  stm32f4xx_syscfg.o(.text)
    SYSCFG_CompensationCellCmd               0x0800aac9   Thumb Code     6  stm32f4xx_syscfg.o(.text)
    SYSCFG_GetCompensationCellStatus         0x0800aacf   Thumb Code    22  stm32f4xx_syscfg.o(.text)
    SystemInit                               0x0800abcd   Thumb Code    88  system_stm32f4xx.o(.text)
    SystemCoreClockUpdate                    0x0800ac25   Thumb Code   174  system_stm32f4xx.o(.text)
    Reset_Handler                            0x0800ad01   Thumb Code     8  startup_stm32f4xx.o(.text)
    ADC_IRQHandler                           0x0800ad1b   Thumb Code     0  startup_stm32f4xx.o(.text)
    CAN1_RX0_IRQHandler                      0x0800ad1b   Thumb Code     0  startup_stm32f4xx.o(.text)
    CAN1_RX1_IRQHandler                      0x0800ad1b   Thumb Code     0  startup_stm32f4xx.o(.text)
    CAN1_SCE_IRQHandler                      0x0800ad1b   Thumb Code     0  startup_stm32f4xx.o(.text)
    CAN1_TX_IRQHandler                       0x0800ad1b   Thumb Code     0  startup_stm32f4xx.o(.text)
    CAN2_RX0_IRQHandler                      0x0800ad1b   Thumb Code     0  startup_stm32f4xx.o(.text)
    CAN2_RX1_IRQHandler                      0x0800ad1b   Thumb Code     0  startup_stm32f4xx.o(.text)
    CAN2_SCE_IRQHandler                      0x0800ad1b   Thumb Code     0  startup_stm32f4xx.o(.text)
    CAN2_TX_IRQHandler                       0x0800ad1b   Thumb Code     0  startup_stm32f4xx.o(.text)
    CRYP_IRQHandler                          0x0800ad1b   Thumb Code     0  startup_stm32f4xx.o(.text)
    DCMI_IRQHandler                          0x0800ad1b   Thumb Code     0  startup_stm32f4xx.o(.text)
    DMA1_Stream0_IRQHandler                  0x0800ad1b   Thumb Code     0  startup_stm32f4xx.o(.text)
    DMA1_Stream1_IRQHandler                  0x0800ad1b   Thumb Code     0  startup_stm32f4xx.o(.text)
    DMA1_Stream2_IRQHandler                  0x0800ad1b   Thumb Code     0  startup_stm32f4xx.o(.text)
    DMA1_Stream3_IRQHandler                  0x0800ad1b   Thumb Code     0  startup_stm32f4xx.o(.text)
    DMA1_Stream4_IRQHandler                  0x0800ad1b   Thumb Code     0  startup_stm32f4xx.o(.text)
    DMA1_Stream5_IRQHandler                  0x0800ad1b   Thumb Code     0  startup_stm32f4xx.o(.text)
    DMA1_Stream6_IRQHandler                  0x0800ad1b   Thumb Code     0  startup_stm32f4xx.o(.text)
    DMA1_Stream7_IRQHandler                  0x0800ad1b   Thumb Code     0  startup_stm32f4xx.o(.text)
    DMA2_Stream0_IRQHandler                  0x0800ad1b   Thumb Code     0  startup_stm32f4xx.o(.text)
    DMA2_Stream1_IRQHandler                  0x0800ad1b   Thumb Code     0  startup_stm32f4xx.o(.text)
    DMA2_Stream2_IRQHandler                  0x0800ad1b   Thumb Code     0  startup_stm32f4xx.o(.text)
    DMA2_Stream3_IRQHandler                  0x0800ad1b   Thumb Code     0  startup_stm32f4xx.o(.text)
    DMA2_Stream4_IRQHandler                  0x0800ad1b   Thumb Code     0  startup_stm32f4xx.o(.text)
    DMA2_Stream5_IRQHandler                  0x0800ad1b   Thumb Code     0  startup_stm32f4xx.o(.text)
    DMA2_Stream6_IRQHandler                  0x0800ad1b   Thumb Code     0  startup_stm32f4xx.o(.text)
    DMA2_Stream7_IRQHandler                  0x0800ad1b   Thumb Code     0  startup_stm32f4xx.o(.text)
    ETH_IRQHandler                           0x0800ad1b   Thumb Code     0  startup_stm32f4xx.o(.text)
    ETH_WKUP_IRQHandler                      0x0800ad1b   Thumb Code     0  startup_stm32f4xx.o(.text)
    EXTI0_IRQHandler                         0x0800ad1b   Thumb Code     0  startup_stm32f4xx.o(.text)
    EXTI15_10_IRQHandler                     0x0800ad1b   Thumb Code     0  startup_stm32f4xx.o(.text)
    EXTI1_IRQHandler                         0x0800ad1b   Thumb Code     0  startup_stm32f4xx.o(.text)
    EXTI2_IRQHandler                         0x0800ad1b   Thumb Code     0  startup_stm32f4xx.o(.text)
    EXTI3_IRQHandler                         0x0800ad1b   Thumb Code     0  startup_stm32f4xx.o(.text)
    EXTI9_5_IRQHandler                       0x0800ad1b   Thumb Code     0  startup_stm32f4xx.o(.text)
    FLASH_IRQHandler                         0x0800ad1b   Thumb Code     0  startup_stm32f4xx.o(.text)
    FPU_IRQHandler                           0x0800ad1b   Thumb Code     0  startup_stm32f4xx.o(.text)
    FSMC_IRQHandler                          0x0800ad1b   Thumb Code     0  startup_stm32f4xx.o(.text)
    HASH_RNG_IRQHandler                      0x0800ad1b   Thumb Code     0  startup_stm32f4xx.o(.text)
    I2C1_ER_IRQHandler                       0x0800ad1b   Thumb Code     0  startup_stm32f4xx.o(.text)
    I2C1_EV_IRQHandler                       0x0800ad1b   Thumb Code     0  startup_stm32f4xx.o(.text)
    I2C2_ER_IRQHandler                       0x0800ad1b   Thumb Code     0  startup_stm32f4xx.o(.text)
    I2C2_EV_IRQHandler                       0x0800ad1b   Thumb Code     0  startup_stm32f4xx.o(.text)
    I2C3_ER_IRQHandler                       0x0800ad1b   Thumb Code     0  startup_stm32f4xx.o(.text)
    I2C3_EV_IRQHandler                       0x0800ad1b   Thumb Code     0  startup_stm32f4xx.o(.text)
    OTG_FS_IRQHandler                        0x0800ad1b   Thumb Code     0  startup_stm32f4xx.o(.text)
    OTG_FS_WKUP_IRQHandler                   0x0800ad1b   Thumb Code     0  startup_stm32f4xx.o(.text)
    OTG_HS_EP1_IN_IRQHandler                 0x0800ad1b   Thumb Code     0  startup_stm32f4xx.o(.text)
    OTG_HS_EP1_OUT_IRQHandler                0x0800ad1b   Thumb Code     0  startup_stm32f4xx.o(.text)
    OTG_HS_IRQHandler                        0x0800ad1b   Thumb Code     0  startup_stm32f4xx.o(.text)
    OTG_HS_WKUP_IRQHandler                   0x0800ad1b   Thumb Code     0  startup_stm32f4xx.o(.text)
    PVD_IRQHandler                           0x0800ad1b   Thumb Code     0  startup_stm32f4xx.o(.text)
    RCC_IRQHandler                           0x0800ad1b   Thumb Code     0  startup_stm32f4xx.o(.text)
    RTC_Alarm_IRQHandler                     0x0800ad1b   Thumb Code     0  startup_stm32f4xx.o(.text)
    RTC_WKUP_IRQHandler                      0x0800ad1b   Thumb Code     0  startup_stm32f4xx.o(.text)
    SDIO_IRQHandler                          0x0800ad1b   Thumb Code     0  startup_stm32f4xx.o(.text)
    SPI1_IRQHandler                          0x0800ad1b   Thumb Code     0  startup_stm32f4xx.o(.text)
    SPI2_IRQHandler                          0x0800ad1b   Thumb Code     0  startup_stm32f4xx.o(.text)
    SPI3_IRQHandler                          0x0800ad1b   Thumb Code     0  startup_stm32f4xx.o(.text)
    TAMP_STAMP_IRQHandler                    0x0800ad1b   Thumb Code     0  startup_stm32f4xx.o(.text)
    TIM1_BRK_TIM9_IRQHandler                 0x0800ad1b   Thumb Code     0  startup_stm32f4xx.o(.text)
    TIM1_CC_IRQHandler                       0x0800ad1b   Thumb Code     0  startup_stm32f4xx.o(.text)
    TIM1_TRG_COM_TIM11_IRQHandler            0x0800ad1b   Thumb Code     0  startup_stm32f4xx.o(.text)
    TIM1_UP_TIM10_IRQHandler                 0x0800ad1b   Thumb Code     0  startup_stm32f4xx.o(.text)
    TIM2_IRQHandler                          0x0800ad1b   Thumb Code     0  startup_stm32f4xx.o(.text)
    TIM3_IRQHandler                          0x0800ad1b   Thumb Code     0  startup_stm32f4xx.o(.text)
    TIM6_DAC_IRQHandler                      0x0800ad1b   Thumb Code     0  startup_stm32f4xx.o(.text)
    TIM7_IRQHandler                          0x0800ad1b   Thumb Code     0  startup_stm32f4xx.o(.text)
    TIM8_BRK_TIM12_IRQHandler                0x0800ad1b   Thumb Code     0  startup_stm32f4xx.o(.text)
    TIM8_CC_IRQHandler                       0x0800ad1b   Thumb Code     0  startup_stm32f4xx.o(.text)
    TIM8_TRG_COM_TIM14_IRQHandler            0x0800ad1b   Thumb Code     0  startup_stm32f4xx.o(.text)
    TIM8_UP_TIM13_IRQHandler                 0x0800ad1b   Thumb Code     0  startup_stm32f4xx.o(.text)
    UART4_IRQHandler                         0x0800ad1b   Thumb Code     0  startup_stm32f4xx.o(.text)
    USART1_IRQHandler                        0x0800ad1b   Thumb Code     0  startup_stm32f4xx.o(.text)
    USART2_IRQHandler                        0x0800ad1b   Thumb Code     0  startup_stm32f4xx.o(.text)
    USART6_IRQHandler                        0x0800ad1b   Thumb Code     0  startup_stm32f4xx.o(.text)
    WWDG_IRQHandler                          0x0800ad1b   Thumb Code     0  startup_stm32f4xx.o(.text)
    FLASH_SetLatency                         0x0800ad25   Thumb Code     6  stm32f4xx_flash.o(.text)
    FLASH_PrefetchBufferCmd                  0x0800ad2b   Thumb Code    30  stm32f4xx_flash.o(.text)
    FLASH_InstructionCacheCmd                0x0800ad49   Thumb Code    30  stm32f4xx_flash.o(.text)
    FLASH_DataCacheCmd                       0x0800ad67   Thumb Code    30  stm32f4xx_flash.o(.text)
    FLASH_InstructionCacheReset              0x0800ad85   Thumb Code    14  stm32f4xx_flash.o(.text)
    FLASH_DataCacheReset                     0x0800ad93   Thumb Code    14  stm32f4xx_flash.o(.text)
    FLASH_Unlock                             0x0800ada1   Thumb Code    26  stm32f4xx_flash.o(.text)
    FLASH_Lock                               0x0800adbb   Thumb Code    18  stm32f4xx_flash.o(.text)
    FLASH_GetStatus                          0x0800adcd   Thumb Code    74  stm32f4xx_flash.o(.text)
    FLASH_WaitForLastOperation               0x0800ae17   Thumb Code    34  stm32f4xx_flash.o(.text)
    FLASH_EraseSector                        0x0800ae39   Thumb Code   140  stm32f4xx_flash.o(.text)
    FLASH_EraseAllSectors                    0x0800aec5   Thumb Code   112  stm32f4xx_flash.o(.text)
    FLASH_ProgramDoubleWord                  0x0800af35   Thumb Code    86  stm32f4xx_flash.o(.text)
    FLASH_ProgramWord                        0x0800af8b   Thumb Code    82  stm32f4xx_flash.o(.text)
    FLASH_ProgramHalfWord                    0x0800afdd   Thumb Code    82  stm32f4xx_flash.o(.text)
    FLASH_ProgramByte                        0x0800b02f   Thumb Code    78  stm32f4xx_flash.o(.text)
    FLASH_OB_Unlock                          0x0800b07d   Thumb Code    26  stm32f4xx_flash.o(.text)
    FLASH_OB_Lock                            0x0800b097   Thumb Code    18  stm32f4xx_flash.o(.text)
    FLASH_OB_WRPConfig                       0x0800b0a9   Thumb Code    54  stm32f4xx_flash.o(.text)
    FLASH_OB_RDPConfig                       0x0800b0df   Thumb Code    24  stm32f4xx_flash.o(.text)
    FLASH_OB_UserConfig                      0x0800b0f7   Thumb Code    68  stm32f4xx_flash.o(.text)
    FLASH_OB_BORConfig                       0x0800b13b   Thumb Code    22  stm32f4xx_flash.o(.text)
    FLASH_OB_Launch                          0x0800b151   Thumb Code    26  stm32f4xx_flash.o(.text)
    FLASH_OB_GetUser                         0x0800b16b   Thumb Code    10  stm32f4xx_flash.o(.text)
    FLASH_OB_GetWRP                          0x0800b175   Thumb Code     8  stm32f4xx_flash.o(.text)
    FLASH_OB_GetRDP                          0x0800b17d   Thumb Code    20  stm32f4xx_flash.o(.text)
    FLASH_OB_GetBOR                          0x0800b191   Thumb Code    10  stm32f4xx_flash.o(.text)
    FLASH_ITConfig                           0x0800b19b   Thumb Code    34  stm32f4xx_flash.o(.text)
    FLASH_GetFlagStatus                      0x0800b1bd   Thumb Code    22  stm32f4xx_flash.o(.text)
    FLASH_ClearFlag                          0x0800b1d3   Thumb Code     8  stm32f4xx_flash.o(.text)
    __aeabi_memset                           0x0800b1e1   Thumb Code    14  memseta.o(.text)
    __aeabi_memset4                          0x0800b1e1   Thumb Code     0  memseta.o(.text)
    __aeabi_memset8                          0x0800b1e1   Thumb Code     0  memseta.o(.text)
    __aeabi_memclr                           0x0800b1ef   Thumb Code     4  memseta.o(.text)
    __aeabi_memclr4                          0x0800b1ef   Thumb Code     0  memseta.o(.text)
    __aeabi_memclr8                          0x0800b1ef   Thumb Code     0  memseta.o(.text)
    _memset$wrapper                          0x0800b1f3   Thumb Code    18  memseta.o(.text)
    __aeabi_dadd                             0x0800b205   Thumb Code   322  dadd.o(.text)
    __aeabi_dsub                             0x0800b347   Thumb Code     6  dadd.o(.text)
    __aeabi_drsub                            0x0800b34d   Thumb Code     6  dadd.o(.text)
    __aeabi_dmul                             0x0800b353   Thumb Code   228  dmul.o(.text)
    __aeabi_ddiv                             0x0800b437   Thumb Code   222  ddiv.o(.text)
    __aeabi_i2d                              0x0800b515   Thumb Code    34  dflti.o(.text)
    __aeabi_ui2d                             0x0800b537   Thumb Code    26  dfltui.o(.text)
    __aeabi_d2iz                             0x0800b551   Thumb Code    62  dfixi.o(.text)
    __aeabi_f2d                              0x0800b58f   Thumb Code    38  f2d.o(.text)
    __aeabi_cdcmpeq                          0x0800b5b5   Thumb Code     0  cdcmple.o(.text)
    __aeabi_cdcmple                          0x0800b5b5   Thumb Code    48  cdcmple.o(.text)
    __aeabi_cdrcmple                         0x0800b5e5   Thumb Code    48  cdrcmple.o(.text)
    __aeabi_d2f                              0x0800b615   Thumb Code    56  d2f.o(.text)
    __aeabi_uidiv                            0x0800b64d   Thumb Code     0  uidiv.o(.text)
    __aeabi_uidivmod                         0x0800b64d   Thumb Code    44  uidiv.o(.text)
    __aeabi_uldivmod                         0x0800b679   Thumb Code    98  uldiv.o(.text)
    __aeabi_llsl                             0x0800b6db   Thumb Code    30  llshl.o(.text)
    _ll_shift_l                              0x0800b6db   Thumb Code     0  llshl.o(.text)
    __aeabi_llsr                             0x0800b6f9   Thumb Code    32  llushr.o(.text)
    _ll_ushift_r                             0x0800b6f9   Thumb Code     0  llushr.o(.text)
    __aeabi_lasr                             0x0800b719   Thumb Code    36  llsshr.o(.text)
    _ll_sshift_r                             0x0800b719   Thumb Code     0  llsshr.o(.text)
    __I$use$fp                               0x0800b73d   Thumb Code     0  iusefp.o(.text)
    _float_round                             0x0800b73d   Thumb Code    18  fepilogue.o(.text)
    _float_epilogue                          0x0800b74f   Thumb Code    92  fepilogue.o(.text)
    _double_round                            0x0800b7ab   Thumb Code    30  depilogue.o(.text)
    _double_epilogue                         0x0800b7c9   Thumb Code   156  depilogue.o(.text)
    __ARM_scalbn                             0x0800b865   Thumb Code    46  dscalb.o(.text)
    scalbn                                   0x0800b865   Thumb Code     0  dscalb.o(.text)
    __aeabi_d2ulz                            0x0800b893   Thumb Code    48  dfixul.o(.text)
    __scatterload                            0x0800b8c5   Thumb Code    28  init.o(.text)
    __scatterload_rt2                        0x0800b8c5   Thumb Code     0  init.o(.text)
    _dsqrt                                   0x0800b8e9   Thumb Code   162  dsqrt.o(.text)
    __decompress                             0x0800b98b   Thumb Code     0  __dczerorl2.o(.text)
    __decompress1                            0x0800b98b   Thumb Code    86  __dczerorl2.o(.text)
    __0printf                                0x0800b9e1   Thumb Code    22  printfa.o(i.__0printf)
    __1printf                                0x0800b9e1   Thumb Code     0  printfa.o(i.__0printf)
    __2printf                                0x0800b9e1   Thumb Code     0  printfa.o(i.__0printf)
    __c89printf                              0x0800b9e1   Thumb Code     0  printfa.o(i.__0printf)
    printf                                   0x0800b9e1   Thumb Code     0  printfa.o(i.__0printf)
    __ARM_fpclassify                         0x0800ba01   Thumb Code    48  fpclassify.o(i.__ARM_fpclassify)
    __ARM_fpclassifyf                        0x0800ba31   Thumb Code    38  fpclassifyf.o(i.__ARM_fpclassifyf)
    __hardfp_asin                            0x0800ba59   Thumb Code   770  asin.o(i.__hardfp_asin)
    __hardfp_cos                             0x0800bdb9   Thumb Code   180  cos.o(i.__hardfp_cos)
    __hardfp_cosf                            0x0800be81   Thumb Code   280  cosf.o(i.__hardfp_cosf)
    __hardfp_pow                             0x0800bfd1   Thumb Code  3072  pow.o(i.__hardfp_pow)
    __hardfp_sin                             0x0800cc21   Thumb Code   180  sin.o(i.__hardfp_sin)
    __hardfp_tanf                            0x0800cce9   Thumb Code   322  tanf.o(i.__hardfp_tanf)
    __ieee754_rem_pio2                       0x0800ce69   Thumb Code   938  rred.o(i.__ieee754_rem_pio2)
    __kernel_cos                             0x0800d2a1   Thumb Code   322  cos_i.o(i.__kernel_cos)
    __kernel_poly                            0x0800d411   Thumb Code   248  poly.o(i.__kernel_poly)
    __kernel_sin                             0x0800d509   Thumb Code   280  sin_i.o(i.__kernel_sin)
    __mathlib_dbl_divzero                    0x0800d639   Thumb Code    28  dunder.o(i.__mathlib_dbl_divzero)
    __mathlib_dbl_infnan                     0x0800d669   Thumb Code    20  dunder.o(i.__mathlib_dbl_infnan)
    __mathlib_dbl_infnan2                    0x0800d67d   Thumb Code    20  dunder.o(i.__mathlib_dbl_infnan2)
    __mathlib_dbl_invalid                    0x0800d691   Thumb Code    24  dunder.o(i.__mathlib_dbl_invalid)
    __mathlib_dbl_overflow                   0x0800d6b1   Thumb Code    24  dunder.o(i.__mathlib_dbl_overflow)
    __mathlib_dbl_underflow                  0x0800d6d1   Thumb Code    24  dunder.o(i.__mathlib_dbl_underflow)
    __mathlib_flt_infnan                     0x0800d6f1   Thumb Code     6  funder.o(i.__mathlib_flt_infnan)
    __mathlib_flt_invalid                    0x0800d6f9   Thumb Code    10  funder.o(i.__mathlib_flt_invalid)
    __mathlib_flt_underflow                  0x0800d709   Thumb Code    10  funder.o(i.__mathlib_flt_underflow)
    __mathlib_rredf2                         0x0800d719   Thumb Code   316  rredf.o(i.__mathlib_rredf2)
    __scatterload_copy                       0x0800d86d   Thumb Code    14  handlers.o(i.__scatterload_copy)
    __scatterload_null                       0x0800d87b   Thumb Code     2  handlers.o(i.__scatterload_null)
    __scatterload_zeroinit                   0x0800d87d   Thumb Code    14  handlers.o(i.__scatterload_zeroinit)
    __set_errno                              0x0800d88d   Thumb Code     6  errno.o(i.__set_errno)
    fabs                                     0x0800e14b   Thumb Code    24  fabs.o(i.fabs)
    sqrt                                     0x0800e163   Thumb Code   110  sqrt.o(i.sqrt)
    __mathlib_zero                           0x0800e2d8   Data           8  qnan.o(.constdata)
    Region$$Table$$Base                      0x0800e3f0   Number         0  anon$$obj.o(Region$$Table)
    Region$$Table$$Limit                     0x0800e410   Number         0  anon$$obj.o(Region$$Table)
    sysTickUptime                            0x20000000   Data           4  board.o(.data)
    loop_5hz                                 0x20000008   Data           8  schedule.o(.data)
    I2C_FastMode                             0x20000011   Data           1  softiic.o(.data)
    hmc5883_buffer                           0x20000012   Data           6  hmc5883.o(.data)
    t_rxbuf                                  0x20000018   Data           3  ms5611.o(.data)
    p_rxbuf                                  0x2000001b   Data           3  ms5611.o(.data)
    q0                                       0x20000024   Data           4  imu.o(.data)
    q1                                       0x20000028   Data           4  imu.o(.data)
    q2                                       0x2000002c   Data           4  imu.o(.data)
    q3                                       0x20000030   Data           4  imu.o(.data)
    exInt                                    0x20000034   Data           4  imu.o(.data)
    eyInt                                    0x20000038   Data           4  imu.o(.data)
    ezInt                                    0x2000003c   Data           4  imu.o(.data)
    ux                                       0x20000040   Data           4  imu.o(.data)
    uy                                       0x20000044   Data           4  imu.o(.data)
    uz                                       0x20000048   Data           4  imu.o(.data)
    wx                                       0x2000004c   Data           4  imu.o(.data)
    wy                                       0x20000050   Data           4  imu.o(.data)
    wz                                       0x20000054   Data           4  imu.o(.data)
    vx                                       0x20000058   Data           4  imu.o(.data)
    vy                                       0x2000005c   Data           4  imu.o(.data)
    vz                                       0x20000060   Data           4  imu.o(.data)
    aircraft                                 0x20000064   Data           4  pwm_out.o(.data)
    cnt                                      0x20000068   Data           4  pwm_out.o(.data)
    __stdout                                 0x2000006c   Data           4  usart1.o(.data)
    gps_loop_time                            0x20000070   Data           4  uart5.o(.data)
    fast_atan_table                          0x20000078   Data        1028  mymath.o(.data)
    SystemCoreClock                          0x200005b0   Data           4  system_stm32f4xx.o(.data)
    AHBPrescTable                            0x200005b4   Data          16  system_stm32f4xx.o(.data)
    schedule                                 0x200005c8   Data          12  schedule.o(.bss)
    sensor                                   0x200005d4   Data         184  mpu6050.o(.bss)
    mpu6050_buffer                           0x2000068c   Data          12  mpu6050.o(.bss)
    mag                                      0x20000710   Data          80  hmc5883.o(.bss)
    ms5611                                   0x20000760   Data          40  ms5611.o(.bss)
    ms5611_prom                              0x20000788   Data          16  ms5611.o(.bss)
    angle                                    0x20000798   Data          12  imu.o(.bss)
    RC                                       0x200007a4   Data          52  dbus.o(.bss)
    sbus_rx_buffer                           0x200007d8   Data          25  dbus.o(.bss)
    sbus_decode_buffer                       0x200007f2   Data          30  dbus.o(.bss)
    ctrl                                     0x20000810   Data         296  control.o(.bss)
    thr                                      0x20000938   Data          16  control.o(.bss)
    hgt_ctrl                                 0x20000948   Data         156  height_control.o(.bss)
    RC_PPM_CH                                0x200009e4   Data          32  pwm_in.o(.bss)
    speed                                    0x20000a24   Data          16  pwm_out.o(.bss)
    Cycle_T                                  0x20000a34   Data         120  time.o(.bss)
    parameter                                0x20000aac   Data          72  parameter.o(.bss)
    hcsr04                                   0x20000af4   Data          16  hcsr04.o(.bss)
    z_ef                                     0x20000b04   Data          36  inertialnav.o(.bss)
    baroAlt_buff                             0x20000b28   Data          60  inertialnav.o(.bss)
    gpslevelcon                              0x20000b68   Data         200  gps.o(.bss)
    gps                                      0x20000c30   Data         160  gps.o(.bss)
    GpsInfo                                  0x20000cd0   Data          62  gps.o(.bss)
    xy_ef                                    0x20000d10   Data         144  gps.o(.bss)
    gps_rx_buffer                            0x20000da0   Data        2048  gps.o(.bss)
    posx_dis_cm_buff                         0x200015a0   Data         240  gps.o(.bss)
    posy_dis_cm_buff                         0x20001690   Data         240  gps.o(.bss)
    RADIO_TX_DATA                            0x20001780   Data          32  24l01.o(.bss)
    RADIO_RX_DATA                            0x200017a0   Data          32  24l01.o(.bss)
    __initial_sp                             0x20001bc0   Data           0  startup_stm32f4xx.o(STACK)



==============================================================================

Memory Map of the image

  Image Entry point : 0x08000189

  Load Region LR_IROM1 (Base: 0x08000000, Size: 0x0000e9d8, Max: 0x00100000, ABSOLUTE, COMPRESSED[0x0000e838])

    Execution Region ER_IROM1 (Base: 0x08000000, Size: 0x0000e410, Max: 0x00100000, ABSOLUTE)

    Base Addr    Size         Type   Attr      Idx    E Section Name        Object

    0x08000000   0x00000188   Data   RO         1125    RESET               startup_stm32f4xx.o
    0x08000188   0x00000000   Code   RO         1668  * .ARM.Collect$$$$00000000  mc_w.l(entry.o)
    0x08000188   0x00000004   Code   RO         2024    .ARM.Collect$$$$00000001  mc_w.l(entry2.o)
    0x0800018c   0x00000004   Code   RO         2027    .ARM.Collect$$$$00000004  mc_w.l(entry5.o)
    0x08000190   0x00000000   Code   RO         2029    .ARM.Collect$$$$00000008  mc_w.l(entry7b.o)
    0x08000190   0x00000000   Code   RO         2031    .ARM.Collect$$$$0000000A  mc_w.l(entry8b.o)
    0x08000190   0x00000008   Code   RO         2032    .ARM.Collect$$$$0000000B  mc_w.l(entry9a.o)
    0x08000198   0x00000000   Code   RO         2034    .ARM.Collect$$$$0000000D  mc_w.l(entry10a.o)
    0x08000198   0x00000000   Code   RO         2036    .ARM.Collect$$$$0000000F  mc_w.l(entry11a.o)
    0x08000198   0x00000004   Code   RO         2025    .ARM.Collect$$$$00002712  mc_w.l(entry2.o)
    0x0800019c   0x00000020   Code   RO            3    .text               main.o
    0x080001bc   0x00000084   Code   RO          194    .text               stm32f4xx_it.o
    0x08000240   0x000001a4   Code   RO          217    .text               board.o
    0x080003e4   0x00000304   Code   RO          247    .text               schedule.o
    0x080006e8   0x00000358   Code   RO          274    .text               softiic.o
    0x08000a40   0x00000718   Code   RO          300    .text               mpu6050.o
    0x08001158   0x000004a0   Code   RO          326    .text               hmc5883.o
    0x080015f8   0x0000038c   Code   RO          353    .text               ms5611.o
    0x08001984   0x000006a8   Code   RO          380    .text               imu.o
    0x0800202c   0x00000494   Code   RO          407    .text               dbus.o
    0x080024c0   0x00000e84   Code   RO          433    .text               control.o
    0x08003344   0x00000328   Code   RO          459    .text               height_control.o
    0x0800366c   0x00000900   Code   RO          485    .text               pwm_in.o
    0x08003f6c   0x00000892   Code   RO          511    .text               pwm_out.o
    0x080047fe   0x00000002   PAD
    0x08004800   0x000000cc   Code   RO          539    .text               usart1.o
    0x080048cc   0x00000308   Code   RO          566    .text               uart5.o
    0x08004bd4   0x00000094   Code   RO          609    .text               time.o
    0x08004c68   0x00000164   Code   RO          632    .text               led.o
    0x08004dcc   0x00000040   Code   RO          653    .text               buzzer.o
    0x08004e0c   0x000002a8   Code   RO          673    .text               parameter.o
    0x080050b4   0x000004e8   Code   RO          699    .text               mymath.o
    0x0800559c   0x00000f98   Code   RO          722    .text               filter.o
    0x08006534   0x00000190   Code   RO          748    .text               hcsr04.o
    0x080066c4   0x00000284   Code   RO          774    .text               inertialnav.o
    0x08006948   0x00002208   Code   RO          802    .text               gps.o
    0x08008b50   0x000000cc   Code   RO          877    .text               flash.o
    0x08008c1c   0x000000e0   Code   RO          897    .text               misc.o
    0x08008cfc   0x00000ca2   Code   RO          917    .text               stm32f4xx_tim.o
    0x0800999e   0x00000002   PAD
    0x080099a0   0x00000588   Code   RO          957    .text               stm32f4xx_rcc.o
    0x08009f28   0x0000011c   Code   RO          999    .text               stm32f4xx_exti.o
    0x0800a044   0x0000025c   Code   RO         1019    .text               stm32f4xx_gpio.o
    0x0800a2a0   0x000003a8   Code   RO         1039    .text               stm32f4xx_dma.o
    0x0800a648   0x0000041a   Code   RO         1059    .text               stm32f4xx_usart.o
    0x0800aa62   0x00000002   PAD
    0x0800aa64   0x0000008c   Code   RO         1079    .text               stm32f4xx_syscfg.o
    0x0800aaf0   0x00000210   Code   RO         1099    .text               system_stm32f4xx.o
    0x0800ad00   0x00000024   Code   RO         1126    .text               startup_stm32f4xx.o
    0x0800ad24   0x000004bc   Code   RO         1307    .text               stm32f4xx_flash.o
    0x0800b1e0   0x00000024   Code   RO         1671    .text               mc_w.l(memseta.o)
    0x0800b204   0x0000014e   Code   RO         1934    .text               mf_w.l(dadd.o)
    0x0800b352   0x000000e4   Code   RO         1936    .text               mf_w.l(dmul.o)
    0x0800b436   0x000000de   Code   RO         1938    .text               mf_w.l(ddiv.o)
    0x0800b514   0x00000022   Code   RO         1940    .text               mf_w.l(dflti.o)
    0x0800b536   0x0000001a   Code   RO         1942    .text               mf_w.l(dfltui.o)
    0x0800b550   0x0000003e   Code   RO         1944    .text               mf_w.l(dfixi.o)
    0x0800b58e   0x00000026   Code   RO         1946    .text               mf_w.l(f2d.o)
    0x0800b5b4   0x00000030   Code   RO         1948    .text               mf_w.l(cdcmple.o)
    0x0800b5e4   0x00000030   Code   RO         1950    .text               mf_w.l(cdrcmple.o)
    0x0800b614   0x00000038   Code   RO         1952    .text               mf_w.l(d2f.o)
    0x0800b64c   0x0000002c   Code   RO         2038    .text               mc_w.l(uidiv.o)
    0x0800b678   0x00000062   Code   RO         2040    .text               mc_w.l(uldiv.o)
    0x0800b6da   0x0000001e   Code   RO         2042    .text               mc_w.l(llshl.o)
    0x0800b6f8   0x00000020   Code   RO         2044    .text               mc_w.l(llushr.o)
    0x0800b718   0x00000024   Code   RO         2046    .text               mc_w.l(llsshr.o)
    0x0800b73c   0x00000000   Code   RO         2055    .text               mc_w.l(iusefp.o)
    0x0800b73c   0x0000006e   Code   RO         2056    .text               mf_w.l(fepilogue.o)
    0x0800b7aa   0x000000ba   Code   RO         2058    .text               mf_w.l(depilogue.o)
    0x0800b864   0x0000002e   Code   RO         2062    .text               mf_w.l(dscalb.o)
    0x0800b892   0x00000030   Code   RO         2064    .text               mf_w.l(dfixul.o)
    0x0800b8c2   0x00000002   PAD
    0x0800b8c4   0x00000024   Code   RO         2066    .text               mc_w.l(init.o)
    0x0800b8e8   0x000000a2   Code   RO         2068    .text               mf_w.l(dsqrt.o)
    0x0800b98a   0x00000056   Code   RO         2078    .text               mc_w.l(__dczerorl2.o)
    0x0800b9e0   0x00000020   Code   RO         1906    i.__0printf         mc_w.l(printfa.o)
    0x0800ba00   0x00000030   Code   RO         1977    i.__ARM_fpclassify  m_wm.l(fpclassify.o)
    0x0800ba30   0x00000026   Code   RO         1979    i.__ARM_fpclassifyf  m_wm.l(fpclassifyf.o)
    0x0800ba56   0x00000002   PAD
    0x0800ba58   0x00000360   Code   RO         1592    i.__hardfp_asin     m_wm.l(asin.o)
    0x0800bdb8   0x000000c8   Code   RO         1606    i.__hardfp_cos      m_wm.l(cos.o)
    0x0800be80   0x00000150   Code   RO         1618    i.__hardfp_cosf     m_wm.l(cosf.o)
    0x0800bfd0   0x00000c50   Code   RO         1630    i.__hardfp_pow      m_wm.l(pow.o)
    0x0800cc20   0x000000c8   Code   RO         1644    i.__hardfp_sin      m_wm.l(sin.o)
    0x0800cce8   0x0000017c   Code   RO         1656    i.__hardfp_tanf     m_wm.l(tanf.o)
    0x0800ce64   0x00000004   PAD
    0x0800ce68   0x00000438   Code   RO         1998    i.__ieee754_rem_pio2  m_wm.l(rred.o)
    0x0800d2a0   0x00000170   Code   RO         1954    i.__kernel_cos      m_wm.l(cos_i.o)
    0x0800d410   0x000000f8   Code   RO         1995    i.__kernel_poly     m_wm.l(poly.o)
    0x0800d508   0x00000130   Code   RO         2006    i.__kernel_sin      m_wm.l(sin_i.o)
    0x0800d638   0x00000030   Code   RO         1957    i.__mathlib_dbl_divzero  m_wm.l(dunder.o)
    0x0800d668   0x00000014   Code   RO         1958    i.__mathlib_dbl_infnan  m_wm.l(dunder.o)
    0x0800d67c   0x00000014   Code   RO         1959    i.__mathlib_dbl_infnan2  m_wm.l(dunder.o)
    0x0800d690   0x00000020   Code   RO         1960    i.__mathlib_dbl_invalid  m_wm.l(dunder.o)
    0x0800d6b0   0x00000020   Code   RO         1961    i.__mathlib_dbl_overflow  m_wm.l(dunder.o)
    0x0800d6d0   0x00000020   Code   RO         1963    i.__mathlib_dbl_underflow  m_wm.l(dunder.o)
    0x0800d6f0   0x00000006   Code   RO         1982    i.__mathlib_flt_infnan  m_wm.l(funder.o)
    0x0800d6f6   0x00000002   PAD
    0x0800d6f8   0x00000010   Code   RO         1984    i.__mathlib_flt_invalid  m_wm.l(funder.o)
    0x0800d708   0x00000010   Code   RO         1987    i.__mathlib_flt_underflow  m_wm.l(funder.o)
    0x0800d718   0x00000154   Code   RO         2003    i.__mathlib_rredf2  m_wm.l(rredf.o)
    0x0800d86c   0x0000000e   Code   RO         2072    i.__scatterload_copy  mc_w.l(handlers.o)
    0x0800d87a   0x00000002   Code   RO         2073    i.__scatterload_null  mc_w.l(handlers.o)
    0x0800d87c   0x0000000e   Code   RO         2074    i.__scatterload_zeroinit  mc_w.l(handlers.o)
    0x0800d88a   0x00000002   PAD
    0x0800d88c   0x0000000c   Code   RO         2050    i.__set_errno       mc_w.l(errno.o)
    0x0800d898   0x00000184   Code   RO         1913    i._fp_digits        mc_w.l(printfa.o)
    0x0800da1c   0x000006dc   Code   RO         1914    i._printf_core      mc_w.l(printfa.o)
    0x0800e0f8   0x00000024   Code   RO         1915    i._printf_post_padding  mc_w.l(printfa.o)
    0x0800e11c   0x0000002e   Code   RO         1916    i._printf_pre_padding  mc_w.l(printfa.o)
    0x0800e14a   0x00000018   Code   RO         1973    i.fabs              m_wm.l(fabs.o)
    0x0800e162   0x0000006e   Code   RO         2014    i.sqrt              m_wm.l(sqrt.o)
    0x0800e1d0   0x00000050   Data   RO         1595    .constdata          m_wm.l(asin.o)
    0x0800e220   0x00000088   Data   RO         1633    .constdata          m_wm.l(pow.o)
    0x0800e2a8   0x00000030   Data   RO         1955    .constdata          m_wm.l(cos_i.o)
    0x0800e2d8   0x00000008   Data   RO         1997    .constdata          m_wm.l(qnan.o)
    0x0800e2e0   0x000000c8   Data   RO         2000    .constdata          m_wm.l(rred.o)
    0x0800e3a8   0x00000020   Data   RO         2004    .constdata          m_wm.l(rredf.o)
    0x0800e3c8   0x00000028   Data   RO         2007    .constdata          m_wm.l(sin_i.o)
    0x0800e3f0   0x00000020   Data   RO         2070    Region$$Table       anon$$obj.o


    Execution Region RW_IRAM1 (Base: 0x20000000, Size: 0x00001bc0, Max: 0x00020000, ABSOLUTE, COMPRESSED[0x00000428])

    Base Addr    Size         Type   Attr      Idx    E Section Name        Object

    0x20000000   0x00000004   Data   RW          218    .data               board.o
    0x20000004   0x00000004   PAD
    0x20000008   0x00000009   Data   RW          249    .data               schedule.o
    0x20000011   0x00000001   Data   RW          275    .data               softiic.o
    0x20000012   0x00000006   Data   RW          328    .data               hmc5883.o
    0x20000018   0x0000000c   Data   RW          355    .data               ms5611.o
    0x20000024   0x00000040   Data   RW          382    .data               imu.o
    0x20000064   0x00000008   Data   RW          513    .data               pwm_out.o
    0x2000006c   0x00000004   Data   RW          540    .data               usart1.o
    0x20000070   0x00000004   Data   RW          567    .data               uart5.o
    0x20000074   0x00000002   Data   RW          633    .data               led.o
    0x20000076   0x00000002   PAD
    0x20000078   0x00000404   Data   RW          700    .data               mymath.o
    0x2000047c   0x00000004   PAD
    0x20000480   0x00000110   Data   RW          723    .data               filter.o
    0x20000590   0x00000008   Data   RW          776    .data               inertialnav.o
    0x20000598   0x00000008   Data   RW          804    .data               gps.o
    0x200005a0   0x00000010   Data   RW          958    .data               stm32f4xx_rcc.o
    0x200005b0   0x00000014   Data   RW         1100    .data               system_stm32f4xx.o
    0x200005c4   0x00000004   Data   RW         2051    .data               mc_w.l(errno.o)
    0x200005c8   0x0000000c   Zero   RW          248    .bss                schedule.o
    0x200005d4   0x0000013c   Zero   RW          301    .bss                mpu6050.o
    0x20000710   0x00000050   Zero   RW          327    .bss                hmc5883.o
    0x20000760   0x00000038   Zero   RW          354    .bss                ms5611.o
    0x20000798   0x0000000c   Zero   RW          381    .bss                imu.o
    0x200007a4   0x0000006c   Zero   RW          408    .bss                dbus.o
    0x20000810   0x00000138   Zero   RW          434    .bss                control.o
    0x20000948   0x0000009c   Zero   RW          460    .bss                height_control.o
    0x200009e4   0x00000040   Zero   RW          486    .bss                pwm_in.o
    0x20000a24   0x00000010   Zero   RW          512    .bss                pwm_out.o
    0x20000a34   0x00000078   Zero   RW          610    .bss                time.o
    0x20000aac   0x00000048   Zero   RW          674    .bss                parameter.o
    0x20000af4   0x00000010   Zero   RW          749    .bss                hcsr04.o
    0x20000b04   0x00000060   Zero   RW          775    .bss                inertialnav.o
    0x20000b64   0x00000004   PAD
    0x20000b68   0x00000c18   Zero   RW          803    .bss                gps.o
    0x20001780   0x00000040   Zero   RW          851    .bss                24l01.o
    0x200017c0   0x00000400   Zero   RW         1123    STACK               startup_stm32f4xx.o


==============================================================================

Image component sizes


      Code (inc. data)   RO Data    RW Data    ZI Data      Debug   Object Name

         0          0          0          0         64        668   24l01.o
       420         24          0          4          0      28601   board.o
        64          4          0          0          0        538   buzzer.o
      3716        198          0          0        312       2981   control.o
      1172         50          0          0        108       2752   dbus.o
      3992        336          0        272          0      14540   filter.o
       204          6          0          0          0       2309   flash.o
      8712        514          0          8       3096       8473   gps.o
       400         38          0          0         16       1706   hcsr04.o
       808         64          0          0        156       2161   height_control.o
      1184         38          0          6         80       3393   hmc5883.o
      1704        118          0         64         12       2213   imu.o
       644         70          0          8         96       2168   inertialnav.o
       356         30          0          2          0       1178   led.o
        32         18          0          0          0     278979   main.o
       224         20          0          0          0       1849   misc.o
      1816         56          0          0        316       6275   mpu6050.o
       908         70          0         12         56       4041   ms5611.o
      1256        110          0       1028          0       4227   mymath.o
       680         78          0          0         72       2102   parameter.o
      2304        116          0          0         64       2684   pwm_in.o
      2194        108          0          8         16       2132   pwm_out.o
       772         80          0          9         12       2701   schedule.o
       856         10          0          1          0       4146   softiic.o
        36          8        392          0       1024        840   startup_stm32f4xx.o
       936         32          0          0          0       6421   stm32f4xx_dma.o
       284         10          0          0          0       2351   stm32f4xx_exti.o
      1212         26          0          0          0       7117   stm32f4xx_flash.o
       604         36          0          0          0       4161   stm32f4xx_gpio.o
       132         16          0          0          0       1414   stm32f4xx_it.o
      1416         48          0         16          0      11091   stm32f4xx_rcc.o
       140         12          0          0          0       1695   stm32f4xx_syscfg.o
      3234         60          0          0          0      23044   stm32f4xx_tim.o
      1050         26          0          0          0       7888   stm32f4xx_usart.o
       528         46          0         20          0       1895   system_stm32f4xx.o
       148          8          0          0        120       1236   time.o
       776         30          0          4          0       1675   uart5.o
       204         12          0          4          0       2852   usart1.o

    ----------------------------------------------------------------------
     45124       2526        424       1476       5624     456497   Object Totals
         0          0         32          0          0          0   (incl. Generated)
         6          0          0         10          4          0   (incl. Padding)

    ----------------------------------------------------------------------

      Code (inc. data)   RO Data    RW Data    ZI Data      Debug   Library Member Name

       864         94         80          0          0        280   asin.o
       200         20          0          0          0        164   cos.o
       368         46         48          0          0        200   cos_i.o
       336         56          0          0          0        136   cosf.o
       184         44          0          0          0        744   dunder.o
        24          0          0          0          0        124   fabs.o
        48          0          0          0          0        124   fpclassify.o
        38          0          0          0          0        116   fpclassifyf.o
        38         12          0          0          0        348   funder.o
       248          0          0          0          0        152   poly.o
      3152        296        136          0          0        352   pow.o
         0          0          8          0          0          0   qnan.o
      1080        142        200          0          0        188   rred.o
       340         24         32          0          0        160   rredf.o
       200         20          0          0          0        164   sin.o
       304         24         40          0          0        208   sin_i.o
       110          0          0          0          0        148   sqrt.o
       380         58          0          0          0        200   tanf.o
        86          0          0          0          0          0   __dczerorl2.o
         0          0          0          0          0          0   entry.o
         0          0          0          0          0          0   entry10a.o
         0          0          0          0          0          0   entry11a.o
         8          4          0          0          0          0   entry2.o
         4          0          0          0          0          0   entry5.o
         0          0          0          0          0          0   entry7b.o
         0          0          0          0          0          0   entry8b.o
         8          4          0          0          0          0   entry9a.o
        12          6          0          4          0         68   errno.o
        30          0          0          0          0          0   handlers.o
        36          8          0          0          0         68   init.o
         0          0          0          0          0          0   iusefp.o
        30          0          0          0          0         68   llshl.o
        36          0          0          0          0         68   llsshr.o
        32          0          0          0          0         68   llushr.o
        36          0          0          0          0        108   memseta.o
      2258         90          0          0          0        452   printfa.o
        44          0          0          0          0         80   uidiv.o
        98          0          0          0          0         92   uldiv.o
        48          0          0          0          0         68   cdcmple.o
        48          0          0          0          0         68   cdrcmple.o
        56          0          0          0          0         88   d2f.o
       334          0          0          0          0        148   dadd.o
       222          0          0          0          0        100   ddiv.o
       186          0          0          0          0        176   depilogue.o
        62          0          0          0          0         80   dfixi.o
        48          0          0          0          0         68   dfixul.o
        34          0          0          0          0         76   dflti.o
        26          0          0          0          0         76   dfltui.o
       228          0          0          0          0         96   dmul.o
        46          0          0          0          0         80   dscalb.o
       162          0          0          0          0        100   dsqrt.o
        38          0          0          0          0         68   f2d.o
       110          0          0          0          0        168   fepilogue.o

    ----------------------------------------------------------------------
     12292        952        544          4          0       6340   Library Totals
        12          4          0          0          0          0   (incl. Padding)

    ----------------------------------------------------------------------

      Code (inc. data)   RO Data    RW Data    ZI Data      Debug   Library Name

      7914        836        544          0          0       3808   m_wm.l
      2718        112          0          4          0       1072   mc_w.l
      1648          0          0          0          0       1460   mf_w.l

    ----------------------------------------------------------------------
     12292        952        544          4          0       6340   Library Totals

    ----------------------------------------------------------------------

==============================================================================


      Code (inc. data)   RO Data    RW Data    ZI Data      Debug   

     57416       3478        968       1480       5624     452721   Grand Totals
     57416       3478        968       1064       5624     452721   ELF Image Totals (compressed)
     57416       3478        968       1064          0          0   ROM Totals

==============================================================================

    Total RO  Size (Code + RO Data)                58384 (  57.02kB)
    Total RW  Size (RW Data + ZI Data)              7104 (   6.94kB)
    Total ROM Size (Code + RO Data + RW Data)      59448 (  58.05kB)

==============================================================================

