Component: ARM Compiler 5.06 update 3 (build 300) Tool: armlink [4d35c9]

==============================================================================

Section Cross References

    main.o(.text) refers to board.o(.text) for FlightController_board_Init
    main.o(.text) refers to printfb.o(i.__0printf$bare) for __2printf
    stm32f4xx_it.o(.text) refers to schedule.o(.text) for Loop
    stm32f4xx_it.o(.text) refers to board.o(.data) for sysTickUptime
    stm32f4xx_it.o(.text) refers to schedule.o(.bss) for schedule
    stm32f4xx_it.o(.text) refers to schedule.o(.data) for loop_5hz
    stm32f4xx_it.o(.text) refers to pwm_out.o(.data) for aircraft
    board.o(.text) refers to stm32f4xx_rcc.o(.text) for RCC_GetClocksFreq
    board.o(.text) refers to misc.o(.text) for SysTick_CLKSourceConfig
    board.o(.text) refers to parameter.o(.text) for Get_parameter
    board.o(.text) refers to dbus.o(.text) for Dbus_Config
    board.o(.text) refers to led.o(.text) for Led_Init
    board.o(.text) refers to pwm_out.o(.text) for TIM3_PWM_Init
    board.o(.text) refers to time.o(.text) for Cycle_Time_Init
    board.o(.text) refers to usart1.o(.text) for Usart1_Config
    board.o(.text) refers to usart2.o(.text) for Dbus_Configuration
    board.o(.text) refers to board.o(.data) for sysTickUptime
    board.o(.text) refers to pwm_out.o(.data) for aircraft
    schedule.o(.text) refers to f2d.o(.text) for __aeabi_f2d
    schedule.o(.text) refers to dmul.o(.text) for __aeabi_dmul
    schedule.o(.text) refers to d2f.o(.text) for __aeabi_d2f
    schedule.o(.text) refers to time.o(.text) for Get_Cycle_T
    schedule.o(.text) refers to control.o(.text) for Control_Inner
    schedule.o(.text) refers to pwm_out.o(.text) for Motor_Speed_Update
    schedule.o(.text) refers to usart2.o(.text) for RC_Check
    schedule.o(.text) refers to height_control.o(.text) for Height_Position_Control
    schedule.o(.text) refers to dbus.o(.bss) for phone
    schedule.o(.text) refers to schedule.o(.data) for timer_50ms
    schedule.o(.text) refers to schedule.o(.bss) for schedule
    softiic.o(.text) refers to stm32f4xx_rcc.o(.text) for RCC_AHB1PeriphClockCmd
    softiic.o(.text) refers to stm32f4xx_gpio.o(.text) for GPIO_Init
    softiic.o(.text) refers to softiic.o(.data) for I2C_FastMode
    mpu6050.o(.text) refers to softiic.o(.text) for I2C_Soft_Single_Write
    mpu6050.o(.text) refers to board.o(.text) for DelayMs
    mpu6050.o(.text) refers to memseta.o(.text) for __aeabi_memclr4
    mpu6050.o(.text) refers to mpu6050.o(.bss) for mpu6050_buffer
    mpu6050.o(.text) refers to softiic.o(.data) for I2C_FastMode
    hmc5883.o(.text) refers to softiic.o(.text) for I2C_Soft_Single_Write
    hmc5883.o(.text) refers to f2d.o(.text) for __aeabi_f2d
    hmc5883.o(.text) refers to cos.o(i.__hardfp_cos) for __hardfp_cos
    hmc5883.o(.text) refers to d2f.o(.text) for __aeabi_d2f
    hmc5883.o(.text) refers to sin.o(i.__hardfp_sin) for __hardfp_sin
    hmc5883.o(.text) refers to mymath.o(.text) for fast_atan2
    hmc5883.o(.text) refers to hmc5883.o(.data) for hmc5883_buffer
    hmc5883.o(.text) refers to hmc5883.o(.bss) for mag
    hmc5883.o(.text) refers to imu.o(.bss) for angle
    ms5611.o(.text) refers to softiic.o(.text) for I2C_Soft_Single_Write
    ms5611.o(.text) refers to board.o(.text) for DelayMs
    ms5611.o(.text) refers to f2d.o(.text) for __aeabi_f2d
    ms5611.o(.text) refers to pow.o(i.__hardfp_pow) for __hardfp_pow
    ms5611.o(.text) refers to dadd.o(.text) for __aeabi_drsub
    ms5611.o(.text) refers to dmul.o(.text) for __aeabi_dmul
    ms5611.o(.text) refers to dfixi.o(.text) for __aeabi_d2iz
    ms5611.o(.text) refers to ms5611.o(.bss) for ms5611_prom
    ms5611.o(.text) refers to ms5611.o(.data) for t_rxbuf
    ms5611.o(.text) refers to softiic.o(.data) for I2C_FastMode
    imu.o(.text) refers to mymath.o(.text) for my_sqrt
    imu.o(.text) refers to imu.o(.data) for q1
    imu.o(.text) refers to imu.o(.bss) for angle
    imu.o(.text) refers to f2d.o(.text) for __aeabi_f2d
    imu.o(.text) refers to asin.o(i.__hardfp_asin) for __hardfp_asin
    imu.o(.text) refers to dmul.o(.text) for __aeabi_dmul
    imu.o(.text) refers to d2f.o(.text) for __aeabi_d2f
    dbus.o(.text) refers to stm32f4xx_rcc.o(.text) for RCC_AHB1PeriphClockCmd
    dbus.o(.text) refers to stm32f4xx_gpio.o(.text) for GPIO_PinAFConfig
    dbus.o(.text) refers to stm32f4xx_usart.o(.text) for USART_Init
    dbus.o(.text) refers to misc.o(.text) for NVIC_Init
    dbus.o(.text) refers to stm32f4xx_dma.o(.text) for DMA_DeInit
    dbus.o(.text) refers to dbus.o(.bss) for rx_buffer
    dbus.o(.text) refers to dbus.o(.data) for bf
    dbus.o(.text) refers to imu.o(.bss) for angle
    control.o(.text) refers to mymath.o(.text) for To_180_degrees
    control.o(.text) refers to control.o(.bss) for thr
    control.o(.text) refers to dbus.o(.bss) for RC
[...]
    .ARM.Collect$$$$0000000D                 0x08000198   Section        0  entry10a.o(.ARM.Collect$$$$0000000D)
    .ARM.Collect$$$$0000000F                 0x08000198   Section        0  entry11a.o(.ARM.Collect$$$$0000000F)
    .ARM.Collect$$$$00002712                 0x08000198   Section        4  entry2.o(.ARM.Collect$$$$00002712)
    __lit__00000000                          0x08000198   Data           4  entry2.o(.ARM.Collect$$$$00002712)
    .text                                    0x0800019c   Section        0  main.o(.text)
    .text                                    0x080001bc   Section        0  stm32f4xx_it.o(.text)
    .text                                    0x08000240   Section        0  board.o(.text)
    .text                                    0x08000354   Section        0  schedule.o(.text)
    .text                                    0x08000558   Section        0  dbus.o(.text)
    .text                                    0x08000808   Section        0  control.o(.text)
    .text                                    0x0800168c   Section        0  height_control.o(.text)
    .text                                    0x080019b8   Section        0  pwm_out.o(.text)
    .text                                    0x08002188   Section        0  usart1.o(.text)
    .text                                    0x08002254   Section        0  uart5.o(.text)
    .text                                    0x0800255c   Section        0  time.o(.text)
    .text                                    0x080025f0   Section        0  led.o(.text)
    .text                                    0x0800263c   Section        0  parameter.o(.text)
    .text                                    0x080028e4   Section        0  mymath.o(.text)
    .text                                    0x08002dcc   Section        0  gps.o(.text)
    .text                                    0x08004fd8   Section        0  filter.o(.text)
    __ARM_isinff                             0x08005f1f   Thumb Code    20  filter.o(.text)
    __ARM_isnanf                             0x08005f33   Thumb Code    14  filter.o(.text)
    .text                                    0x08005f70   Section        0  hcsr04.o(.text)
    .text                                    0x08006100   Section        0  flash.o(.text)
    .text                                    0x080061cc   Section        0  usart2.o(.text)
    .text                                    0x08006664   Section        0  misc.o(.text)
    .text                                    0x08006744   Section        0  stm32f4xx_tim.o(.text)
    TI4_Config                               0x08006ee3   Thumb Code    80  stm32f4xx_tim.o(.text)
    TI3_Config                               0x08006f45   Thumb Code    72  stm32f4xx_tim.o(.text)
    TI2_Config                               0x08006fa7   Thumb Code    90  stm32f4xx_tim.o(.text)
    TI1_Config                               0x08007013   Thumb Code    58  stm32f4xx_tim.o(.text)
    .text                                    0x080073e8   Section        0  stm32f4xx_rcc.o(.text)
    .text                                    0x08007970   Section        0  stm32f4xx_exti.o(.text)
    .text                                    0x08007a8c   Section        0  stm32f4xx_gpio.o(.text)
    .text                                    0x08007ce8   Section        0  stm32f4xx_dma.o(.text)
    .text                                    0x08008090   Section        0  stm32f4xx_usart.o(.text)
    .text                                    0x080084ac   Section        0  stm32f4xx_syscfg.o(.text)
    .text                                    0x08008538   Section        0  system_stm32f4xx.o(.text)
    SetSysClock                              0x08008539   Thumb Code   220  system_stm32f4xx.o(.text)
    .text                                    0x08008748   Section       36  startup_stm32f4xx.o(.text)
    $v0                                      0x08008748   Number         0  startup_stm32f4xx.o(.text)
    .text                                    0x0800876c   Section        0  stm32f4xx_flash.o(.text)
    .text                                    0x08008c28   Section        0  dadd.o(.text)
    .text                                    0x08008d76   Section        0  dmul.o(.text)
    .text                                    0x08008e5a   Section        0  ddiv.o(.text)
    .text                                    0x08008f38   Section        0  dflti.o(.text)
    .text                                    0x08008f5a   Section        0  dfltui.o(.text)
    .text                                    0x08008f74   Section        0  dfixi.o(.text)
    .text                                    0x08008fb2   Section        0  f2d.o(.text)
    .text                                    0x08008fd8   Section       48  cdcmple.o(.text)
    .text                                    0x08009008   Section       48  cdrcmple.o(.text)
    .text                                    0x08009038   Section        0  d2f.o(.text)
    .text                                    0x08009070   Section        0  llshl.o(.text)
    .text                                    0x0800908e   Section        0  llushr.o(.text)
    .text                                    0x080090ae   Section        0  llsshr.o(.text)
    .text                                    0x080090d2   Section        0  fepilogue.o(.text)
    .text                                    0x080090d2   Section        0  iusefp.o(.text)
    .text                                    0x08009140   Section        0  depilogue.o(.text)
    .text                                    0x080091fc   Section       36  init.o(.text)
    .text                                    0x08009220   Section        0  __dczerorl2.o(.text)
    i.__0printf$bare                         0x08009278   Section        0  printfb.o(i.__0printf$bare)
    i.__ARM_fpclassify                       0x08009288   Section        0  fpclassify.o(i.__ARM_fpclassify)
    i.__ARM_fpclassifyf                      0x080092b8   Section        0  fpclassifyf.o(i.__ARM_fpclassifyf)
    i.__hardfp_cos                           0x080092e0   Section        0  cos.o(i.__hardfp_cos)
    i.__hardfp_cosf                          0x080093a8   Section        0  cosf.o(i.__hardfp_cosf)
    i.__hardfp_sin                           0x080094f8   Section        0  sin.o(i.__hardfp_sin)
    i.__hardfp_tanf                          0x080095c0   Section        0  tanf.o(i.__hardfp_tanf)
    i.__ieee754_rem_pio2                     0x08009740   Section        0  rred.o(i.__ieee754_rem_pio2)
    i.__kernel_cos                           0x08009b78   Section        0  cos_i.o(i.__kernel_cos)
    i.__kernel_poly                          0x08009ce8   Section        0  poly.o(i.__kernel_poly)
    i.__kernel_sin                           0x08009de0   Section        0  sin_i.o(i.__kernel_sin)
    i.__mathlib_dbl_infnan                   0x08009f10   Section        0  dunder.o(i.__mathlib_dbl_infnan)
    i.__mathlib_dbl_invalid                  0x08009f28   Section        0  dunder.o(i.__mathlib_dbl_invalid)
    i.__mathlib_dbl_underflow                0x08009f48   Section        0  dunder.o(i.__mathlib_dbl_underflow)
    i.__mathlib_flt_infnan                   0x08009f68   Section        0  funder.o(i.__mathlib_flt_infnan)
    i.__mathlib_flt_invalid                  0x08009f70   Section        0  funder.o(i.__mathlib_flt_invalid)
    i.__mathlib_flt_underflow                0x08009f80   Section        0  funder.o(i.__mathlib_flt_underflow)
    i.__mathlib_rredf2                       0x08009f90   Section        0  rredf.o(i.__mathlib_rredf2)
    i.__scatterload_copy                     0x0800a0e4   Section       14  handlers.o(i.__scatterload_copy)
    i.__scatterload_null                     0x0800a0f2   Section        2  handlers.o(i.__scatterload_null)
    i.__scatterload_zeroinit                 0x0800a0f4   Section       14  handlers.o(i.__scatterload_zeroinit)
    i.__set_errno                            0x0800a104   Section        0  errno.o(i.__set_errno)
    i._printf_core                           0x0800a110   Section        0  printfb.o(i._printf_core)
    _printf_core                             0x0800a111   Thumb Code    34  printfb.o(i._printf_core)
    i.fabs                                   0x0800a132   Section        0  fabs.o(i.fabs)
    .constdata                               0x0800a150   Section       48  cos_i.o(.constdata)
    C                                        0x0800a150   Data          48  cos_i.o(.constdata)
    .constdata                               0x0800a180   Section      200  rred.o(.constdata)
    pio2s                                    0x0800a180   Data          48  rred.o(.constdata)
    twooverpi                                0x0800a1b0   Data         152  rred.o(.constdata)
    .constdata                               0x0800a248   Section       32  rredf.o(.constdata)
    twooverpi                                0x0800a248   Data          32  rredf.o(.constdata)
    .constdata                               0x0800a268   Section       40  sin_i.o(.constdata)
    S                                        0x0800a268   Data          40  sin_i.o(.constdata)
    .data                                    0x20000000   Section        4  board.o(.data)
    .data                                    0x20000008   Section        9  schedule.o(.data)
    timer_50ms                               0x20000010   Data           1  schedule.o(.data)
    .data                                    0x20000014   Section       64  imu.o(.data)
    .data                                    0x20000054   Section        8  dbus.o(.data)
    .data                                    0x2000005c   Section        8  pwm_out.o(.data)
    .data                                    0x20000064   Section        4  usart1.o(.data)
    .data                                    0x20000068   Section        4  uart5.o(.data)
    .data                                    0x2000006c   Section     1028  mymath.o(.data)
    .data                                    0x20000470   Section        8  gps.o(.data)
    Follower_position_tra_x                  0x20000470   Data           4  gps.o(.data)
    Follower_position_tra_y                  0x20000474   Data           4  gps.o(.data)
    .data                                    0x20000478   Section      272  filter.o(.data)
    _cutoff_freq1                            0x20000478   Data           4  filter.o(.data)
    _a11                                     0x2000047c   Data           4  filter.o(.data)
    _a21                                     0x20000480   Data           4  filter.o(.data)
    _b01                                     0x20000484   Data           4  filter.o(.data)
    _b11                                     0x20000488   Data           4  filter.o(.data)
    _b21                                     0x2000048c   Data           4  filter.o(.data)
    _delay_element_11                        0x20000490   Data           4  filter.o(.data)
    _delay_element_21                        0x20000494   Data           4  filter.o(.data)
    _cutoff_freq2                            0x20000498   Data           4  filter.o(.data)
    _a12                                     0x2000049c   Data           4  filter.o(.data)
    _a22                                     0x200004a0   Data           4  filter.o(.data)
    _b02                                     0x200004a4   Data           4  filter.o(.data)
    _b12                                     0x200004a8   Data           4  filter.o(.data)
    _b22                                     0x200004ac   Data           4  filter.o(.data)
    _delay_element_12                        0x200004b0   Data           4  filter.o(.data)
    _delay_element_22                        0x200004b4   Data           4  filter.o(.data)
    _cutoff_freq3                            0x200004b8   Data           4  filter.o(.data)
    _a13                                     0x200004bc   Data           4  filter.o(.data)
    _a23                                     0x200004c0   Data           4  filter.o(.data)
    _b03                                     0x200004c4   Data           4  filter.o(.data)
    _b13                                     0x200004c8   Data           4  filter.o(.data)
    _b23                                     0x200004cc   Data           4  filter.o(.data)
    _delay_element_13                        0x200004d0   Data           4  filter.o(.data)
    _delay_element_23                        0x200004d4   Data           4  filter.o(.data)
    _cutoff_freq4                            0x200004d8   Data           4  filter.o(.data)
    _a14                                     0x200004dc   Data           4  filter.o(.data)
    _a24                                     0x200004e0   Data           4  filter.o(.data)
    _b04                                     0x200004e4   Data           4  filter.o(.data)
    _b14                                     0x200004e8   Data           4  filter.o(.data)
    _b24                                     0x200004ec   Data           4  filter.o(.data)
    _delay_element_14                        0x200004f0   Data           4  filter.o(.data)
    _delay_element_24                        0x200004f4   Data           4  filter.o(.data)
    _cutoff_freq5                            0x200004f8   Data           4  filter.o(.data)
    _a15                                     0x200004fc   Data           4  filter.o(.data)
    _a25                                     0x20000500   Data           4  filter.o(.data)
    _b05                                     0x20000504   Data           4  filter.o(.data)
    _b15                                     0x20000508   Data           4  filter.o(.data)
    _b25                                     0x2000050c   Data           4  filter.o(.data)
    _delay_element_15                        0x20000510   Data           4  filter.o(.data)
    _delay_element_25                        0x20000514   Data           4  filter.o(.data)
    _cutoff_freq6                            0x20000518   Data           4  filter.o(.data)
    _a16                                     0x2000051c   Data           4  filter.o(.data)
    _a26                                     0x20000520   Data           4  filter.o(.data)
    _b06                                     0x20000524   Data           4  filter.o(.data)
    _b16                                     0x20000528   Data           4  filter.o(.data)
    _b26                                     0x2000052c   Data           4  filter.o(.data)
    _delay_element_16                        0x20000530   Data           4  filter.o(.data)
    _delay_element_26                        0x20000534   Data           4  filter.o(.data)
    _cutoff_freq7                            0x20000538   Data           4  filter.o(.data)
    _a17                                     0x2000053c   Data           4  filter.o(.data)
    _a27                                     0x20000540   Data           4  filter.o(.data)
    _b07                                     0x20000544   Data           4  filter.o(.data)
    _b17                                     0x20000548   Data           4  filter.o(.data)
    _b27                                     0x2000054c   Data           4  filter.o(.data)
    _delay_element_17                        0x20000550   Data           4  filter.o(.data)
    _delay_element_27                        0x20000554   Data           4  filter.o(.data)
    _cutoff_freq8                            0x20000558   Data           4  filter.o(.data)
    _a18                                     0x2000055c   Data           4  filter.o(.data)
    _a28                                     0x20000560   Data           4  filter.o(.data)
    _b08                                     0x20000564   Data           4  filter.o(.data)
    _b18                                     0x20000568   Data           4  filter.o(.data)
    _b28                                     0x2000056c   Data           4  filter.o(.data)
    _delay_element_18                        0x20000570   Data           4  filter.o(.data)
    _delay_element_28                        0x20000574   Data           4  filter.o(.data)
    d_last                                   0x20000578   Data           8  filter.o(.data)
    p_last                                   0x20000580   Data           8  filter.o(.data)
    .data                                    0x20000588   Section       16  stm32f4xx_rcc.o(.data)
    APBAHBPrescTable                         0x20000588   Data          16  stm32f4xx_rcc.o(.data)
    .data                                    0x20000598   Section       20  system_stm32f4xx.o(.data)
    .data                                    0x200005ac   Section        4  errno.o(.data)
    _errno                                   0x200005ac   Data           4  errno.o(.data)
    .bss                                     0x200005b0   Section       12  schedule.o(.bss)
    .bss                                     0x200005bc   Section      316  mpu6050.o(.bss)
    FILT_BUF                                 0x20000680   Data         120  mpu6050.o(.bss)
    .bss                                     0x200006f8   Section       80  hmc5883.o(.bss)
    .bss                                     0x20000748   Section       12  imu.o(.bss)
    .bss                                     0x20000754   Section      132  dbus.o(.bss)
    .bss                                     0x200007d8   Section      312  control.o(.bss)
    .bss                                     0x20000910   Section      156  height_control.o(.bss)
    .bss                                     0x200009ac   Section       16  pwm_out.o(.bss)
    .bss                                     0x200009bc   Section      120  time.o(.bss)
    .bss                                     0x20000a34   Section       72  parameter.o(.bss)
    .bss                                     0x20000a80   Section     3096  gps.o(.bss)
    .bss                                     0x20001698   Section       16  hcsr04.o(.bss)
    .bss                                     0x200016a8   Section       96  inertialnav.o(.bss)
    .bss                                     0x20001708   Section       64  24l01.o(.bss)
    .bss                                     0x20001748   Section       88  usart2.o(.bss)
    STACK                                    0x200017a0   Section     1024  startup_stm32f4xx.o(STACK)

    Global Symbols

    Symbol Name                              Value     Ov Type        Size  Object(Section)

    BuildAttributes$$THM_ISAv4$E$P$D$K$B$S$7EM$VFPi3$EXTD16$VFPS$VFMA$PE$A:L22UL41UL21$X:L11$S22US41US21$IEEE1$IW$USESV6$~STKCKD$USESV7$~SHL$OTIME$ROPI$IEEEX$EBA8$MICROLIB$REQ8$PRES8$EABIv2 0x00000000   Number         0  anon$$obj.o ABSOLUTE
    __ARM_use_no_argv                        0x00000000   Number         0  main.o ABSOLUTE
    __use_no_errno                           0x00000000   Number         0  useno.o ABSOLUTE
    __use_no_exception_handling              0x00000000   Number         0  useno.o ABSOLUTE
    __use_no_fp                              0x00000000   Number         0  useno.o ABSOLUTE
    __use_no_heap                            0x00000000   Number         0  useno.o ABSOLUTE
    __use_no_heap_region                     0x00000000   Number         0  useno.o ABSOLUTE
    __use_no_semihosting                     0x00000000   Number         0  useno.o ABSOLUTE
    __use_no_semihosting_swi                 0x00000000   Number         0  useno.o ABSOLUTE
    __use_no_signal_handling                 0x00000000   Number         0  useno.o ABSOLUTE
    __cpp_initialize__aeabi_                  - Undefined Weak Reference
    __cxa_finalize                            - Undefined Weak Reference
    _clock_init                               - Undefined Weak Reference
    _microlib_exit                            - Undefined Weak Reference
    __Vectors_Size                           0x00000188   Number         0  startup_stm32f4xx.o ABSOLUTE
    __Vectors                                0x08000000   Data           4  startup_stm32f4xx.o(RESET)
    __Vectors_End                            0x08000188   Data           0  startup_stm32f4xx.o(RESET)
    __main                                   0x08000189   Thumb Code     0  entry.o(.ARM.Collect$$$$00000000)
    _main_stk                                0x08000189   Thumb Code     0  entry2.o(.ARM.Collect$$$$00000001)
    _main_scatterload                        0x0800018d   Thumb Code     0  entry5.o(.ARM.Collect$$$$00000004)
    __main_after_scatterload                 0x08000191   Thumb Code     0  entry5.o(.ARM.Collect$$$$00000004)
    _main_clock                              0x08000191   Thumb Code     0  entry7b.o(.ARM.Collect$$$$00000008)
    _main_cpp_init                           0x08000191   Thumb Code     0  entry8b.o(.ARM.Collect$$$$0000000A)
    _main_init                               0x08000191   Thumb Code     0  entry9a.o(.ARM.Collect$$$$0000000B)
    __rt_final_cpp                           0x08000199   Thumb Code     0  entry10a.o(.ARM.Collect$$$$0000000D)
    __rt_final_exit                          0x08000199   Thumb Code     0  entry11a.o(.ARM.Collect$$$$0000000F)
    main                                     0x0800019d   Thumb Code    14  main.o(.text)
    NMI_Handler                              0x080001bd   Thumb Code     2  stm32f4xx_it.o(.text)
    HardFault_Handler                        0x080001bf   Thumb Code     4  stm32f4xx_it.o(.text)
    MemManage_Handler                        0x080001c3   Thumb Code     4  stm32f4xx_it.o(.text)
    BusFault_Handler                         0x080001c7   Thumb Code     4  stm32f4xx_it.o(.text)
    UsageFault_Handler                       0x080001cb   Thumb Code     4  stm32f4xx_it.o(.text)
    SVC_Handler                              0x080001cf   Thumb Code     2  stm32f4xx_it.o(.text)
    DebugMon_Handler                         0x080001d1   Thumb Code     2  stm32f4xx_it.o(.text)
    PendSV_Handler                           0x080001d3   Thumb Code     2  stm32f4xx_it.o(.text)
    SysTick_Handler                          0x080001d5   Thumb Code    92  stm32f4xx_it.o(.text)
    SysTick_Configuration                    0x08000241   Thumb Code    98  board.o(.text)
    GetSysTime_us                            0x080002a3   Thumb Code    48  board.o(.text)
    DelayUs                                  0x080002d3   Thumb Code    24  board.o(.text)
    DelayMs                                  0x080002eb   Thumb Code    24  board.o(.text)
    FlightController_board_Init              0x08000303   Thumb Code    62  board.o(.text)
    Loop_1000Hz                              0x08000355   Thumb Code     2  schedule.o(.text)
    Rad2Deg                                  0x08000357   Thumb Code   144  schedule.o(.text)
    Loop_500Hz                               0x080003e7   Thumb Code    46  schedule.o(.text)
    Loop_200Hz                               0x08000415   Thumb Code    30  schedule.o(.text)
    Loop_100Hz                               0x08000433   Thumb Code    34  schedule.o(.text)
    Loop_50Hz                                0x08000455   Thumb Code    22  schedule.o(.text)
    Loop_20Hz                                0x0800046b   Thumb Code    62  schedule.o(.text)
    Loop_5Hz                                 0x080004a9   Thumb Code     2  schedule.o(.text)
    Loop                                     0x080004ab   Thumb Code   142  schedule.o(.text)
    s_bus_get_value                          0x08000559   Thumb Code   348  dbus.o(.text)
    Dbus_Config                              0x080006b5   Thumb Code   258  dbus.o(.text)
    DMA1_Stream1_IRQHandler                  0x080007b7   Thumb Code    36  dbus.o(.text)
    Control_Outer                            0x08000809   Thumb Code  1614  control.o(.text)
    Thr_Control                              0x08000e57   Thumb Code   254  control.o(.text)
    Control_Inner                            0x08000f55   Thumb Code  1828  control.o(.text)
    Height_Acceleration_Control              0x0800168d   Thumb Code    60  height_control.o(.text)
    Height_Velocity_Control                  0x080016c9   Thumb Code   110  height_control.o(.text)
    Height_Position_Control                  0x08001737   Thumb Code   576  height_control.o(.text)
    TIM3_PWM_Init                            0x080019b9   Thumb Code   294  pwm_out.o(.text)
    Motor_Speed_Update                       0x08001adf   Thumb Code  1668  pwm_out.o(.text)
    fputc                                    0x08002189   Thumb Code    22  usart1.o(.text)
    Usart1_Config                            0x0800219f   Thumb Code   142  usart1.o(.text)
    Usart1_SendChar                          0x0800222d   Thumb Code    28  usart1.o(.text)
    Uart5_SendChar                           0x08002255   Thumb Code    28  uart5.o(.text)
    Uart5_Config                             0x08002271   Thumb Code   644  uart5.o(.text)
    UART5_IRQHandler                         0x080024f5   Thumb Code    74  uart5.o(.text)
    Get_Cycle_T                              0x0800255d   Thumb Code   118  time.o(.text)
    Cycle_Time_Init                          0x080025d3   Thumb Code    22  time.o(.text)
    Led_Init                                 0x080025f1   Thumb Code    66  led.o(.text)
    Led_Flash                                0x08002633   Thumb Code     2  led.o(.text)
    Led_Task                                 0x08002635   Thumb Code     2  led.o(.text)
    Get_parameter                            0x0800263d   Thumb Code   266  parameter.o(.text)
    Param_Save                               0x08002747   Thumb Code   194  parameter.o(.text)
    Param_Read                               0x08002809   Thumb Code   142  parameter.o(.text)
    fast_atan2                               0x080028e5   Thumb Code   368  mymath.o(.text)
    my_atan                                  0x08002a55   Thumb Code    24  mymath.o(.text)
    my_pow                                   0x08002a6d   Thumb Code    10  mymath.o(.text)
    my_sqrt                                  0x08002a77   Thumb Code    88  mymath.o(.text)
    mx_sin                                   0x08002acf   Thumb Code   292  mymath.o(.text)
    my_sin                                   0x08002bf3   Thumb Code   108  mymath.o(.text)
    my_cos                                   0x08002c5f   Thumb Code   234  mymath.o(.text)
    my_deathzoom                             0x08002d49   Thumb Code    62  mymath.o(.text)
    To_180_degrees                           0x08002d87   Thumb Code    58  mymath.o(.text)
    FindStr                                  0x08002dcd   Thumb Code    78  gps.o(.text)
    GPSParse                                 0x08002e1b   Thumb Code   160  gps.o(.text)
    LatToRad                                 0x08002ebb   Thumb Code   360  gps.o(.text)
    LonToRad                                 0x08003023   Thumb Code   342  gps.o(.text)
    GetSpeed                                 0x08003179   Thumb Code   358  gps.o(.text)
    GetAzimuth                               0x080032df   Thumb Code   266  gps.o(.text)
    GPS_Read                                 0x080033e9   Thumb Code   474  gps.o(.text)
    Push_Pos_Dis                             0x080035c3   Thumb Code    70  gps.o(.text)
    Update_GPS_states                        0x08003609   Thumb Code  1586  gps.o(.text)
    Cal_Distance_to_Leader                   0x08003c3b   Thumb Code   330  gps.o(.text)
    Update_Leader_State                      0x08003d85   Thumb Code  2232  gps.o(.text)
    GPSlevel_Velocity_Control                0x0800463d   Thumb Code  1150  gps.o(.text)
    GPSlevel_Position_Control                0x08004abb   Thumb Code  1272  gps.o(.text)
    LPF2pSetCutoffFreq_1                     0x08004fd9   Thumb Code   236  filter.o(.text)
    LPF2pApply_1                             0x080050c5   Thumb Code   186  filter.o(.text)
    LPF2pSetCutoffFreq_2                     0x0800517f   Thumb Code   236  filter.o(.text)
    LPF2pApply_2                             0x0800526b   Thumb Code   186  filter.o(.text)
    LPF2pSetCutoffFreq_3                     0x08005325   Thumb Code   330  filter.o(.text)
    LPF2pApply_3                             0x0800546f   Thumb Code   186  filter.o(.text)
    LPF2pSetCutoffFreq_4                     0x08005529   Thumb Code   236  filter.o(.text)
    LPF2pApply_4                             0x08005615   Thumb Code   186  filter.o(.text)
    LPF2pSetCutoffFreq_5                     0x080056cf   Thumb Code   236  filter.o(.text)
    LPF2pApply_5                             0x080057bb   Thumb Code   286  filter.o(.text)
    LPF2pSetCutoffFreq_6                     0x080058d9   Thumb Code   236  filter.o(.text)
    LPF2pApply_6                             0x080059c5   Thumb Code   186  filter.o(.text)
    LPF2pSetCutoffFreq_7                     0x08005a7f   Thumb Code   236  filter.o(.text)
    LPF2pApply_7                             0x08005b6b   Thumb Code   186  filter.o(.text)
    LPF2pSetCutoffFreq_8                     0x08005c25   Thumb Code   336  filter.o(.text)
    LPF2pApply_8                             0x08005d75   Thumb Code   186  filter.o(.text)
    KalmanFilter_d                           0x08005e2f   Thumb Code   240  filter.o(.text)
    Hcsr04_Init                              0x08005f71   Thumb Code   148  hcsr04.o(.text)
    EXTI4_IRQHandler                         0x08006005   Thumb Code   142  hcsr04.o(.text)
    Hcsr04_Filter                            0x08006093   Thumb Code    72  hcsr04.o(.text)
    ClearFlash                               0x08006101   Thumb Code    40  flash.o(.text)
    ClearDataFlash                           0x08006129   Thumb Code    10  flash.o(.text)
    GetActPage                               0x08006133   Thumb Code    32  flash.o(.text)
    WriteFloat                               0x08006153   Thumb Code    54  flash.o(.text)
    WriteInt                                 0x08006189   Thumb Code    40  flash.o(.text)
    ReadFloat                                0x080061b1   Thumb Code    14  flash.o(.text)
    ReadInt                                  0x080061bf   Thumb Code     8  flash.o(.text)
    RC_Check                                 0x080061cd   Thumb Code   130  usart2.o(.text)
    Dbus_Configuration                       0x0800624f   Thumb Code   256  usart2.o(.text)
    dbus_get_value                           0x0800634f   Thumb Code   718  usart2.o(.text)
    DMA1_Stream5_IRQHandler                  0x0800661d   Thumb Code    50  usart2.o(.text)
    NVIC_PriorityGroupConfig                 0x08006665   Thumb Code    10  misc.o(.text)
    NVIC_Init                                0x0800666f   Thumb Code   106  misc.o(.text)
    NVIC_SetVectorTable                      0x080066d9   Thumb Code    14  misc.o(.text)
    NVIC_SystemLPConfig                      0x080066e7   Thumb Code    34  misc.o(.text)
    SysTick_CLKSourceConfig                  0x08006709   Thumb Code    40  misc.o(.text)
    TIM_DeInit                               0x08006745   Thumb Code   346  stm32f4xx_tim.o(.text)
    TIM_TimeBaseInit                         0x0800689f   Thumb Code   104  stm32f4xx_tim.o(.text)
    TIM_TimeBaseStructInit                   0x08006907   Thumb Code    18  stm32f4xx_tim.o(.text)
    TIM_PrescalerConfig                      0x08006919   Thumb Code     6  stm32f4xx_tim.o(.text)
    TIM_CounterModeConfig                    0x0800691f   Thumb Code    18  stm32f4xx_tim.o(.text)
    TIM_SetCounter                           0x08006931   Thumb Code     4  stm32f4xx_tim.o(.text)
    TIM_SetAutoreload                        0x08006935   Thumb Code     4  stm32f4xx_tim.o(.text)
    TIM_GetCounter                           0x08006939   Thumb Code     6  stm32f4xx_tim.o(.text)
    TIM_GetPrescaler                         0x0800693f   Thumb Code     6  stm32f4xx_tim.o(.text)
    TIM_UpdateDisableConfig                  0x08006945   Thumb Code    24  stm32f4xx_tim.o(.text)
    TIM_UpdateRequestConfig                  0x0800695d   Thumb Code    24  stm32f4xx_tim.o(.text)
    TIM_ARRPreloadConfig                     0x08006975   Thumb Code    24  stm32f4xx_tim.o(.text)
    TIM_SelectOnePulseMode                   0x0800698d   Thumb Code    18  stm32f4xx_tim.o(.text)
    TIM_SetClockDivision                     0x0800699f   Thumb Code    18  stm32f4xx_tim.o(.text)
    TIM_Cmd                                  0x080069b1   Thumb Code    24  stm32f4xx_tim.o(.text)
    TIM_OC1Init                              0x080069c9   Thumb Code   114  stm32f4xx_tim.o(.text)
    TIM_OC2Init                              0x08006a3b   Thumb Code   154  stm32f4xx_tim.o(.text)
    TIM_OC3Init                              0x08006ad5   Thumb Code   204  stm32f4xx_tim.o(.text)
    TIM_OC4Init                              0x08006ba1   Thumb Code   112  stm32f4xx_tim.o(.text)
    TIM_OCStructInit                         0x08006c11   Thumb Code    20  stm32f4xx_tim.o(.text)
    TIM_SelectOCxM                           0x08006c25   Thumb Code    86  stm32f4xx_tim.o(.text)
    TIM_SetCompare1                          0x08006c7b   Thumb Code     4  stm32f4xx_tim.o(.text)
    TIM_SetCompare2                          0x08006c7f   Thumb Code     4  stm32f4xx_tim.o(.text)
    TIM_SetCompare3                          0x08006c83   Thumb Code     4  stm32f4xx_tim.o(.text)
    TIM_SetCompare4                          0x08006c87   Thumb Code     4  stm32f4xx_tim.o(.text)
    TIM_ForcedOC1Config                      0x08006c8b   Thumb Code    18  stm32f4xx_tim.o(.text)
    TIM_ForcedOC2Config                      0x08006c9d   Thumb Code    26  stm32f4xx_tim.o(.text)
    TIM_ForcedOC3Config                      0x08006cb7   Thumb Code    18  stm32f4xx_tim.o(.text)
    TIM_ForcedOC4Config                      0x08006cc9   Thumb Code    26  stm32f4xx_tim.o(.text)
    TIM_OC1PreloadConfig                     0x08006ce3   Thumb Code    18  stm32f4xx_tim.o(.text)
    TIM_OC2PreloadConfig                     0x08006cf5   Thumb Code    26  stm32f4xx_tim.o(.text)
    TIM_OC3PreloadConfig                     0x08006d0f   Thumb Code    18  stm32f4xx_tim.o(.text)
    TIM_OC4PreloadConfig                     0x08006d21   Thumb Code    26  stm32f4xx_tim.o(.text)
    TIM_OC1FastConfig                        0x08006d3b   Thumb Code    18  stm32f4xx_tim.o(.text)
    TIM_OC2FastConfig                        0x08006d4d   Thumb Code    26  stm32f4xx_tim.o(.text)
    TIM_OC3FastConfig                        0x08006d67   Thumb Code    18  stm32f4xx_tim.o(.text)
    TIM_OC4FastConfig                        0x08006d79   Thumb Code    26  stm32f4xx_tim.o(.text)
    TIM_ClearOC1Ref                          0x08006d93   Thumb Code    18  stm32f4xx_tim.o(.text)
    TIM_ClearOC2Ref                          0x08006da5   Thumb Code    24  stm32f4xx_tim.o(.text)
    TIM_ClearOC3Ref                          0x08006dbd   Thumb Code    18  stm32f4xx_tim.o(.text)
    TIM_ClearOC4Ref                          0x08006dcf   Thumb Code    24  stm32f4xx_tim.o(.text)
    TIM_OC1PolarityConfig                    0x08006de7   Thumb Code    18  stm32f4xx_tim.o(.text)
    TIM_OC1NPolarityConfig                   0x08006df9   Thumb Code    18  stm32f4xx_tim.o(.text)
    TIM_OC2PolarityConfig                    0x08006e0b   Thumb Code    26  stm32f4xx_tim.o(.text)
    TIM_OC2NPolarityConfig                   0x08006e25   Thumb Code    26  stm32f4xx_tim.o(.text)
    TIM_OC3PolarityConfig                    0x08006e3f   Thumb Code    26  stm32f4xx_tim.o(.text)
    TIM_OC3NPolarityConfig                   0x08006e59   Thumb Code    26  stm32f4xx_tim.o(.text)
    TIM_OC4PolarityConfig                    0x08006e73   Thumb Code    26  stm32f4xx_tim.o(.text)
    TIM_CCxCmd                               0x08006e8d   Thumb Code    30  stm32f4xx_tim.o(.text)
    TIM_CCxNCmd                              0x08006eab   Thumb Code    30  stm32f4xx_tim.o(.text)
    TIM_SetIC4Prescaler                      0x08006ec9   Thumb Code    26  stm32f4xx_tim.o(.text)
    TIM_SetIC3Prescaler                      0x08006f33   Thumb Code    18  stm32f4xx_tim.o(.text)
    TIM_SetIC2Prescaler                      0x08006f8d   Thumb Code    26  stm32f4xx_tim.o(.text)
    TIM_SetIC1Prescaler                      0x08007001   Thumb Code    18  stm32f4xx_tim.o(.text)
    TIM_ICInit                               0x0800704d   Thumb Code   110  stm32f4xx_tim.o(.text)
    TIM_ICStructInit                         0x080070bb   Thumb Code    18  stm32f4xx_tim.o(.text)
    TIM_PWMIConfig                           0x080070cd   Thumb Code   124  stm32f4xx_tim.o(.text)
    TIM_GetCapture1                          0x08007149   Thumb Code     6  stm32f4xx_tim.o(.text)
    TIM_GetCapture2                          0x0800714f   Thumb Code     6  stm32f4xx_tim.o(.text)
    TIM_GetCapture3                          0x08007155   Thumb Code     6  stm32f4xx_tim.o(.text)
    TIM_GetCapture4                          0x0800715b   Thumb Code     6  stm32f4xx_tim.o(.text)
    TIM_BDTRConfig                           0x08007161   Thumb Code    32  stm32f4xx_tim.o(.text)
    TIM_BDTRStructInit                       0x08007181   Thumb Code    18  stm32f4xx_tim.o(.text)
    TIM_CtrlPWMOutputs                       0x08007193   Thumb Code    30  stm32f4xx_tim.o(.text)
    TIM_SelectCOM                            0x080071b1   Thumb Code    24  stm32f4xx_tim.o(.text)
    TIM_CCPreloadControl                     0x080071c9   Thumb Code    24  stm32f4xx_tim.o(.text)
    TIM_ITConfig                             0x080071e1   Thumb Code    18  stm32f4xx_tim.o(.text)
    TIM_GenerateEvent                        0x080071f3   Thumb Code     4  stm32f4xx_tim.o(.text)
    TIM_GetFlagStatus                        0x080071f7   Thumb Code    18  stm32f4xx_tim.o(.text)
    TIM_ClearFlag                            0x08007209   Thumb Code     6  stm32f4xx_tim.o(.text)
    TIM_GetITStatus                          0x0800720f   Thumb Code    34  stm32f4xx_tim.o(.text)
    TIM_ClearITPendingBit                    0x08007231   Thumb Code     6  stm32f4xx_tim.o(.text)
    TIM_DMAConfig                            0x08007237   Thumb Code    10  stm32f4xx_tim.o(.text)
    TIM_DMACmd                               0x08007241   Thumb Code    18  stm32f4xx_tim.o(.text)
    TIM_SelectCCDMA                          0x08007253   Thumb Code    24  stm32f4xx_tim.o(.text)
    TIM_InternalClockConfig                  0x0800726b   Thumb Code    12  stm32f4xx_tim.o(.text)
    TIM_SelectInputTrigger                   0x08007277   Thumb Code    18  stm32f4xx_tim.o(.text)
    TIM_ITRxExternalClockConfig              0x08007289   Thumb Code    24  stm32f4xx_tim.o(.text)
    TIM_TIxExternalClockConfig               0x080072a1   Thumb Code    62  stm32f4xx_tim.o(.text)
    TIM_ETRConfig                            0x080072df   Thumb Code    28  stm32f4xx_tim.o(.text)
    TIM_ETRClockMode1Config                  0x080072fb   Thumb Code    54  stm32f4xx_tim.o(.text)
    TIM_ETRClockMode2Config                  0x08007331   Thumb Code    32  stm32f4xx_tim.o(.text)
    TIM_SelectOutputTrigger                  0x08007351   Thumb Code    18  stm32f4xx_tim.o(.text)
    TIM_SelectSlaveMode                      0x08007363   Thumb Code    18  stm32f4xx_tim.o(.text)
    TIM_SelectMasterSlaveMode                0x08007375   Thumb Code    18  stm32f4xx_tim.o(.text)
    TIM_EncoderInterfaceConfig               0x08007387   Thumb Code    66  stm32f4xx_tim.o(.text)
    TIM_SelectHallSensor                     0x080073c9   Thumb Code    24  stm32f4xx_tim.o(.text)
    TIM_RemapConfig                          0x080073e1   Thumb Code     6  stm32f4xx_tim.o(.text)
    RCC_DeInit                               0x080073e9   Thumb Code    60  stm32f4xx_rcc.o(.text)
    RCC_HSEConfig                            0x08007425   Thumb Code    14  stm32f4xx_rcc.o(.text)
    RCC_GetFlagStatus                        0x08007433   Thumb Code    60  stm32f4xx_rcc.o(.text)
    RCC_WaitForHSEStartUp                    0x0800746f   Thumb Code    56  stm32f4xx_rcc.o(.text)
    RCC_AdjustHSICalibrationValue            0x080074a7   Thumb Code    20  stm32f4xx_rcc.o(.text)
    RCC_HSICmd                               0x080074bb   Thumb Code     6  stm32f4xx_rcc.o(.text)
    RCC_LSEConfig                            0x080074c1   Thumb Code    46  stm32f4xx_rcc.o(.text)
    RCC_LSICmd                               0x080074ef   Thumb Code     6  stm32f4xx_rcc.o(.text)
    RCC_PLLConfig                            0x080074f5   Thumb Code    32  stm32f4xx_rcc.o(.text)
    RCC_PLLCmd                               0x08007515   Thumb Code     6  stm32f4xx_rcc.o(.text)
    RCC_PLLI2SConfig                         0x0800751b   Thumb Code    14  stm32f4xx_rcc.o(.text)
    RCC_PLLI2SCmd                            0x08007529   Thumb Code     6  stm32f4xx_rcc.o(.text)
    RCC_ClockSecuritySystemCmd               0x0800752f   Thumb Code     6  stm32f4xx_rcc.o(.text)
    RCC_MCO1Config                           0x08007535   Thumb Code    28  stm32f4xx_rcc.o(.text)
    RCC_MCO2Config                           0x08007551   Thumb Code    28  stm32f4xx_rcc.o(.text)
    RCC_SYSCLKConfig                         0x0800756d   Thumb Code    20  stm32f4xx_rcc.o(.text)
    RCC_GetSYSCLKSource                      0x08007581   Thumb Code    12  stm32f4xx_rcc.o(.text)
    RCC_HCLKConfig                           0x0800758d   Thumb Code    20  stm32f4xx_rcc.o(.text)
    RCC_PCLK1Config                          0x080075a1   Thumb Code    20  stm32f4xx_rcc.o(.text)
    RCC_PCLK2Config                          0x080075b5   Thumb Code    22  stm32f4xx_rcc.o(.text)
    RCC_GetClocksFreq                        0x080075cb   Thumb Code   222  stm32f4xx_rcc.o(.text)
    RCC_RTCCLKConfig                         0x080076a9   Thumb Code    54  stm32f4xx_rcc.o(.text)
    RCC_RTCCLKCmd                            0x080076df   Thumb Code     8  stm32f4xx_rcc.o(.text)
    RCC_BackupResetCmd                       0x080076e7   Thumb Code     8  stm32f4xx_rcc.o(.text)
    RCC_I2SCLKConfig                         0x080076ef   Thumb Code     6  stm32f4xx_rcc.o(.text)
    RCC_AHB1PeriphClockCmd                   0x080076f5   Thumb Code    34  stm32f4xx_rcc.o(.text)
    RCC_AHB2PeriphClockCmd                   0x08007717   Thumb Code    34  stm32f4xx_rcc.o(.text)
    RCC_AHB3PeriphClockCmd                   0x08007739   Thumb Code    34  stm32f4xx_rcc.o(.text)
    RCC_APB1PeriphClockCmd                   0x0800775b   Thumb Code    34  stm32f4xx_rcc.o(.text)
    RCC_APB2PeriphClockCmd                   0x0800777d   Thumb Code    34  stm32f4xx_rcc.o(.text)
    RCC_AHB1PeriphResetCmd                   0x0800779f   Thumb Code    34  stm32f4xx_rcc.o(.text)
    RCC_AHB2PeriphResetCmd                   0x080077c1   Thumb Code    72  stm32f4xx_rcc.o(.text)
    RCC_AHB3PeriphResetCmd                   0x08007809   Thumb Code    34  stm32f4xx_rcc.o(.text)
    RCC_APB1PeriphResetCmd                   0x0800782b   Thumb Code    34  stm32f4xx_rcc.o(.text)
    RCC_APB2PeriphResetCmd                   0x0800784d   Thumb Code    34  stm32f4xx_rcc.o(.text)
    RCC_AHB1PeriphClockLPModeCmd             0x0800786f   Thumb Code    34  stm32f4xx_rcc.o(.text)
    RCC_AHB2PeriphClockLPModeCmd             0x08007891   Thumb Code    34  stm32f4xx_rcc.o(.text)
    RCC_AHB3PeriphClockLPModeCmd             0x080078b3   Thumb Code    34  stm32f4xx_rcc.o(.text)
    RCC_APB1PeriphClockLPModeCmd             0x080078d5   Thumb Code    34  stm32f4xx_rcc.o(.text)
    RCC_APB2PeriphClockLPModeCmd             0x080078f7   Thumb Code    34  stm32f4xx_rcc.o(.text)
    RCC_ITConfig                             0x08007919   Thumb Code    34  stm32f4xx_rcc.o(.text)
    RCC_ClearFlag                            0x0800793b   Thumb Code    18  stm32f4xx_rcc.o(.text)
    RCC_GetITStatus                          0x0800794d   Thumb Code    22  stm32f4xx_rcc.o(.text)
    RCC_ClearITPendingBit                    0x08007963   Thumb Code     8  stm32f4xx_rcc.o(.text)
    EXTI_DeInit                              0x08007971   Thumb Code    28  stm32f4xx_exti.o(.text)
    EXTI_Init                                0x0800798d   Thumb Code   142  stm32f4xx_exti.o(.text)
    EXTI_StructInit                          0x08007a1b   Thumb Code    16  stm32f4xx_exti.o(.text)
    EXTI_GenerateSWInterrupt                 0x08007a2b   Thumb Code    16  stm32f4xx_exti.o(.text)
    EXTI_GetFlagStatus                       0x08007a3b   Thumb Code    22  stm32f4xx_exti.o(.text)
    EXTI_ClearFlag                           0x08007a51   Thumb Code     8  stm32f4xx_exti.o(.text)
    EXTI_GetITStatus                         0x08007a59   Thumb Code    34  stm32f4xx_exti.o(.text)
    EXTI_ClearITPendingBit                   0x08007a7b   Thumb Code     8  stm32f4xx_exti.o(.text)
    GPIO_DeInit                              0x08007a8d   Thumb Code   220  stm32f4xx_gpio.o(.text)
    GPIO_Init                                0x08007b69   Thumb Code   144  stm32f4xx_gpio.o(.text)
    GPIO_StructInit                          0x08007bf9   Thumb Code    18  stm32f4xx_gpio.o(.text)
    GPIO_PinLockConfig                       0x08007c0b   Thumb Code    34  stm32f4xx_gpio.o(.text)
    GPIO_ReadInputDataBit                    0x08007c2d   Thumb Code    18  stm32f4xx_gpio.o(.text)
    GPIO_ReadInputData                       0x08007c3f   Thumb Code     8  stm32f4xx_gpio.o(.text)
    GPIO_ReadOutputDataBit                   0x08007c47   Thumb Code    18  stm32f4xx_gpio.o(.text)
    GPIO_ReadOutputData                      0x08007c59   Thumb Code     8  stm32f4xx_gpio.o(.text)
    GPIO_SetBits                             0x08007c61   Thumb Code     4  stm32f4xx_gpio.o(.text)
    GPIO_ResetBits                           0x08007c65   Thumb Code     4  stm32f4xx_gpio.o(.text)
    GPIO_WriteBit                            0x08007c69   Thumb Code    10  stm32f4xx_gpio.o(.text)
    GPIO_Write                               0x08007c73   Thumb Code     4  stm32f4xx_gpio.o(.text)
    GPIO_ToggleBits                          0x08007c77   Thumb Code     8  stm32f4xx_gpio.o(.text)
    GPIO_PinAFConfig                         0x08007c7f   Thumb Code    70  stm32f4xx_gpio.o(.text)
    DMA_DeInit                               0x08007ce9   Thumb Code   324  stm32f4xx_dma.o(.text)
    DMA_Init                                 0x08007e2d   Thumb Code    82  stm32f4xx_dma.o(.text)
    DMA_StructInit                           0x08007e7f   Thumb Code    34  stm32f4xx_dma.o(.text)
    DMA_Cmd                                  0x08007ea1   Thumb Code    22  stm32f4xx_dma.o(.text)
    DMA_PeriphIncOffsetSizeConfig            0x08007eb7   Thumb Code    22  stm32f4xx_dma.o(.text)
    DMA_FlowControllerConfig                 0x08007ecd   Thumb Code    22  stm32f4xx_dma.o(.text)
    DMA_SetCurrDataCounter                   0x08007ee3   Thumb Code     4  stm32f4xx_dma.o(.text)
    DMA_GetCurrDataCounter                   0x08007ee7   Thumb Code     8  stm32f4xx_dma.o(.text)
    DMA_DoubleBufferModeConfig               0x08007eef   Thumb Code    24  stm32f4xx_dma.o(.text)
    DMA_DoubleBufferModeCmd                  0x08007f07   Thumb Code    22  stm32f4xx_dma.o(.text)
    DMA_MemoryTargetConfig                   0x08007f1d   Thumb Code    10  stm32f4xx_dma.o(.text)
    DMA_GetCurrentMemoryTarget               0x08007f27   Thumb Code    20  stm32f4xx_dma.o(.text)
    DMA_GetCmdStatus                         0x08007f3b   Thumb Code    20  stm32f4xx_dma.o(.text)
    DMA_GetFIFOStatus                        0x08007f4f   Thumb Code    12  stm32f4xx_dma.o(.text)
    DMA_GetFlagStatus                        0x08007f5b   Thumb Code    56  stm32f4xx_dma.o(.text)
    DMA_ClearFlag                            0x08007f93   Thumb Code    40  stm32f4xx_dma.o(.text)
    DMA_ITConfig                             0x08007fbb   Thumb Code    58  stm32f4xx_dma.o(.text)
    DMA_GetITStatus                          0x08007ff5   Thumb Code    84  stm32f4xx_dma.o(.text)
    DMA_ClearITPendingBit                    0x08008049   Thumb Code    40  stm32f4xx_dma.o(.text)
    USART_DeInit                             0x08008091   Thumb Code   156  stm32f4xx_usart.o(.text)
    USART_Init                               0x0800812d   Thumb Code   204  stm32f4xx_usart.o(.text)
    USART_StructInit                         0x080081f9   Thumb Code    24  stm32f4xx_usart.o(.text)
    USART_ClockInit                          0x08008211   Thumb Code    32  stm32f4xx_usart.o(.text)
    USART_ClockStructInit                    0x08008231   Thumb Code    12  stm32f4xx_usart.o(.text)
    USART_Cmd                                0x0800823d   Thumb Code    24  stm32f4xx_usart.o(.text)
    USART_SetPrescaler                       0x08008255   Thumb Code    16  stm32f4xx_usart.o(.text)
    USART_OverSampling8Cmd                   0x08008265   Thumb Code    22  stm32f4xx_usart.o(.text)
    USART_OneBitMethodCmd                    0x0800827b   Thumb Code    24  stm32f4xx_usart.o(.text)
    USART_SendData                           0x08008293   Thumb Code     8  stm32f4xx_usart.o(.text)
    USART_ReceiveData                        0x0800829b   Thumb Code    10  stm32f4xx_usart.o(.text)
    USART_SetAddress                         0x080082a5   Thumb Code    18  stm32f4xx_usart.o(.text)
    USART_ReceiverWakeUpCmd                  0x080082b7   Thumb Code    24  stm32f4xx_usart.o(.text)
    USART_WakeUpConfig                       0x080082cf   Thumb Code    18  stm32f4xx_usart.o(.text)
    USART_LINBreakDetectLengthConfig         0x080082e1   Thumb Code    18  stm32f4xx_usart.o(.text)
    USART_LINCmd                             0x080082f3   Thumb Code    24  stm32f4xx_usart.o(.text)
    USART_SendBreak                          0x0800830b   Thumb Code    10  stm32f4xx_usart.o(.text)
    USART_HalfDuplexCmd                      0x08008315   Thumb Code    24  stm32f4xx_usart.o(.text)
    USART_SetGuardTime                       0x0800832d   Thumb Code    16  stm32f4xx_usart.o(.text)
    USART_SmartCardCmd                       0x0800833d   Thumb Code    24  stm32f4xx_usart.o(.text)
    USART_SmartCardNACKCmd                   0x08008355   Thumb Code    24  stm32f4xx_usart.o(.text)
    USART_IrDAConfig                         0x0800836d   Thumb Code    18  stm32f4xx_usart.o(.text)
    USART_IrDACmd                            0x0800837f   Thumb Code    24  stm32f4xx_usart.o(.text)
    USART_DMACmd                             0x08008397   Thumb Code    18  stm32f4xx_usart.o(.text)
    USART_ITConfig                           0x080083a9   Thumb Code    74  stm32f4xx_usart.o(.text)
    USART_GetFlagStatus                      0x080083f3   Thumb Code    26  stm32f4xx_usart.o(.text)
    USART_ClearFlag                          0x0800840d   Thumb Code    18  stm32f4xx_usart.o(.text)
    USART_GetITStatus                        0x0800841f   Thumb Code   110  stm32f4xx_usart.o(.text)
    USART_ClearITPendingBit                  0x0800848d   Thumb Code    30  stm32f4xx_usart.o(.text)
    SYSCFG_DeInit                            0x080084ad   Thumb Code    22  stm32f4xx_syscfg.o(.text)
    SYSCFG_MemoryRemapConfig                 0x080084c3   Thumb Code     6  stm32f4xx_syscfg.o(.text)
    SYSCFG_EXTILineConfig                    0x080084c9   Thumb Code    66  stm32f4xx_syscfg.o(.text)
    SYSCFG_ETH_MediaInterfaceConfig          0x0800850b   Thumb Code     6  stm32f4xx_syscfg.o(.text)
    SYSCFG_CompensationCellCmd               0x08008511   Thumb Code     6  stm32f4xx_syscfg.o(.text)
    SYSCFG_GetCompensationCellStatus         0x08008517   Thumb Code    22  stm32f4xx_syscfg.o(.text)
    SystemInit                               0x08008615   Thumb Code    88  system_stm32f4xx.o(.text)
    SystemCoreClockUpdate                    0x0800866d   Thumb Code   174  system_stm32f4xx.o(.text)
    Reset_Handler                            0x08008749   Thumb Code     8  startup_stm32f4xx.o(.text)
    ADC_IRQHandler                           0x08008763   Thumb Code     0  startup_stm32f4xx.o(.text)
    CAN1_RX0_IRQHandler                      0x08008763   Thumb Code     0  startup_stm32f4xx.o(.text)
    CAN1_RX1_IRQHandler                      0x08008763   Thumb Code     0  startup_stm32f4xx.o(.text)
    CAN1_SCE_IRQHandler                      0x08008763   Thumb Code     0  startup_stm32f4xx.o(.text)
    CAN1_TX_IRQHandler                       0x08008763   Thumb Code     0  startup_stm32f4xx.o(.text)
    CAN2_RX0_IRQHandler                      0x08008763   Thumb Code     0  startup_stm32f4xx.o(.text)
    CAN2_RX1_IRQHandler                      0x08008763   Thumb Code     0  startup_stm32f4xx.o(.text)
    CAN2_SCE_IRQHandler                      0x08008763   Thumb Code     0  startup_stm32f4xx.o(.text)
    CAN2_TX_IRQHandler                       0x08008763   Thumb Code     0  startup_stm32f4xx.o(.text)
    CRYP_IRQHandler                          0x08008763   Thumb Code     0  startup_stm32f4xx.o(.text)
    DCMI_IRQHandler                          0x08008763   Thumb Code     0  startup_stm32f4xx.o(.text)
    DMA1_Stream0_IRQHandler                  0x08008763   Thumb Code     0  startup_stm32f4xx.o(.text)
    DMA1_Stream2_IRQHandler                  0x08008763   Thumb Code     0  startup_stm32f4xx.o(.text)
    DMA1_Stream3_IRQHandler                  0x08008763   Thumb Code     0  startup_stm32f4xx.o(.text)
    DMA1_Stream4_IRQHandler                  0x08008763   Thumb Code     0  startup_stm32f4xx.o(.text)
    DMA1_Stream6_IRQHandler                  0x08008763   Thumb Code     0  startup_stm32f4xx.o(.text)
    DMA1_Stream7_IRQHandler                  0x08008763   Thumb Code     0  startup_stm32f4xx.o(.text)
    DMA2_Stream0_IRQHandler                  0x08008763   Thumb Code     0  startup_stm32f4xx.o(.text)
    DMA2_Stream1_IRQHandler                  0x08008763   Thumb Code     0  startup_stm32f4xx.o(.text)
    DMA2_Stream2_IRQHandler                  0x08008763   Thumb Code     0  startup_stm32f4xx.o(.text)
    DMA2_Stream3_IRQHandler                  0x08008763   Thumb Code     0  startup_stm32f4xx.o(.text)
    DMA2_Stream4_IRQHandler                  0x08008763   Thumb Code     0  startup_stm32f4xx.o(.text)
    DMA2_Stream5_IRQHandler                  0x08008763   Thumb Code     0  startup_stm32f4xx.o(.text)
    DMA2_Stream6_IRQHandler                  0x08008763   Thumb Code     0  startup_stm32f4xx.o(.text)
    DMA2_Stream7_IRQHandler                  0x08008763   Thumb Code     0  startup_stm32f4xx.o(.text)
    ETH_IRQHandler                           0x08008763   Thumb Code     0  startup_stm32f4xx.o(.text)
    ETH_WKUP_IRQHandler                      0x08008763   Thumb Code     0  startup_stm32f4xx.o(.text)
    EXTI0_IRQHandler                         0x08008763   Thumb Code     0  startup_stm32f4xx.o(.text)
    EXTI15_10_IRQHandler                     0x08008763   Thumb Code     0  startup_stm32f4xx.o(.text)
    EXTI1_IRQHandler                         0x08008763   Thumb Code     0  startup_stm32f4xx.o(.text)
    EXTI2_IRQHandler                         0x08008763   Thumb Code     0  startup_stm32f4xx.o(.text)
    EXTI3_IRQHandler                         0x08008763   Thumb Code     0  startup_stm32f4xx.o(.text)
    EXTI9_5_IRQHandler                       0x08008763   Thumb Code     0  startup_stm32f4xx.o(.text)
    FLASH_IRQHandler                         0x08008763   Thumb Code     0  startup_stm32f4xx.o(.text)
    FPU_IRQHandler                           0x08008763   Thumb Code     0  startup_stm32f4xx.o(.text)
    FSMC_IRQHandler                          0x08008763   Thumb Code     0  startup_stm32f4xx.o(.text)
    HASH_RNG_IRQHandler                      0x08008763   Thumb Code     0  startup_stm32f4xx.o(.text)
    I2C1_ER_IRQHandler                       0x08008763   Thumb Code     0  startup_stm32f4xx.o(.text)
    I2C1_EV_IRQHandler                       0x08008763   Thumb Code     0  startup_stm32f4xx.o(.text)
    I2C2_ER_IRQHandler                       0x08008763   Thumb Code     0  startup_stm32f4xx.o(.text)
    I2C2_EV_IRQHandler                       0x08008763   Thumb Code     0  startup_stm32f4xx.o(.text)
    I2C3_ER_IRQHandler                       0x08008763   Thumb Code     0  startup_stm32f4xx.o(.text)
    I2C3_EV_IRQHandler                       0x08008763   Thumb Code     0  startup_stm32f4xx.o(.text)
    OTG_FS_IRQHandler                        0x08008763   Thumb Code     0  startup_stm32f4xx.o(.text)
    OTG_FS_WKUP_IRQHandler                   0x08008763   Thumb Code     0  startup_stm32f4xx.o(.text)
    OTG_HS_EP1_IN_IRQHandler                 0x08008763   Thumb Code     0  startup_stm32f4xx.o(.text)
    OTG_HS_EP1_OUT_IRQHandler                0x08008763   Thumb Code     0  startup_stm32f4xx.o(.text)
    OTG_HS_IRQHandler                        0x08008763   Thumb Code     0  startup_stm32f4xx.o(.text)
    OTG_HS_WKUP_IRQHandler                   0x08008763   Thumb Code     0  startup_stm32f4xx.o(.text)
    PVD_IRQHandler                           0x08008763   Thumb Code     0  startup_stm32f4xx.o(.text)
    RCC_IRQHandler                           0x08008763   Thumb Code     0  startup_stm32f4xx.o(.text)
    RTC_Alarm_IRQHandler                     0x08008763   Thumb Code     0  startup_stm32f4xx.o(.text)
    RTC_WKUP_IRQHandler                      0x08008763   Thumb Code     0  startup_stm32f4xx.o(.text)
    SDIO_IRQHandler                          0x08008763   Thumb Code     0  startup_stm32f4xx.o(.text)
    SPI1_IRQHandler                          0x08008763   Thumb Code     0  startup_stm32f4xx.o(.text)
    SPI2_IRQHandler                          0x08008763   Thumb Code     0  startup_stm32f4xx.o(.text)
    SPI3_IRQHandler                          0x08008763   Thumb Code     0  startup_stm32f4xx.o(.text)
    TAMP_STAMP_IRQHandler                    0x08008763   Thumb Code     0  startup_stm32f4xx.o(.text)
    TIM1_BRK_TIM9_IRQHandler                 0x08008763   Thumb Code     0  startup_stm32f4xx.o(.text)
    TIM1_CC_IRQHandler                       0x08008763   Thumb Code     0  startup_stm32f4xx.o(.text)
    TIM1_TRG_COM_TIM11_IRQHandler            0x08008763   Thumb Code     0  startup_stm32f4xx.o(.text)
    TIM1_UP_TIM10_IRQHandler                 0x08008763   Thumb Code     0  startup_stm32f4xx.o(.text)
    TIM2_IRQHandler                          0x08008763   Thumb Code     0  startup_stm32f4xx.o(.text)
    TIM3_IRQHandler                          0x08008763   Thumb Code     0  startup_stm32f4xx.o(.text)
    TIM4_IRQHandler                          0x08008763   Thumb Code     0  startup_stm32f4xx.o(.text)
    TIM5_IRQHandler                          0x08008763   Thumb Code     0  startup_stm32f4xx.o(.text)
    TIM6_DAC_IRQHandler                      0x08008763   Thumb Code     0  startup_stm32f4xx.o(.text)
    TIM7_IRQHandler                          0x08008763   Thumb Code     0  startup_stm32f4xx.o(.text)
    TIM8_BRK_TIM12_IRQHandler                0x08008763   Thumb Code     0  startup_stm32f4xx.o(.text)
    TIM8_CC_IRQHandler                       0x08008763   Thumb Code     0  startup_stm32f4xx.o(.text)
    TIM8_TRG_COM_TIM14_IRQHandler            0x08008763   Thumb Code     0  startup_stm32f4xx.o(.text)
    TIM8_UP_TIM13_IRQHandler                 0x08008763   Thumb Code     0  startup_stm32f4xx.o(.text)
    UART4_IRQHandler                         0x08008763   Thumb Code     0  startup_stm32f4xx.o(.text)
    USART1_IRQHandler                        0x08008763   Thumb Code     0  startup_stm32f4xx.o(.text)
    USART2_IRQHandler                        0x08008763   Thumb Code     0  startup_stm32f4xx.o(.text)
    USART3_IRQHandler                        0x08008763   Thumb Code     0  startup_stm32f4xx.o(.text)
    USART6_IRQHandler                        0x08008763   Thumb Code     0  startup_stm32f4xx.o(.text)
    WWDG_IRQHandler                          0x08008763   Thumb Code     0  startup_stm32f4xx.o(.text)
    FLASH_SetLatency                         0x0800876d   Thumb Code     6  stm32f4xx_flash.o(.text)
    FLASH_PrefetchBufferCmd                  0x08008773   Thumb Code    30  stm32f4xx_flash.o(.text)
    FLASH_InstructionCacheCmd                0x08008791   Thumb Code    30  stm32f4xx_flash.o(.text)
    FLASH_DataCacheCmd                       0x080087af   Thumb Code    30  stm32f4xx_flash.o(.text)
    FLASH_InstructionCacheReset              0x080087cd   Thumb Code    14  stm32f4xx_flash.o(.text)
    FLASH_DataCacheReset                     0x080087db   Thumb Code    14  stm32f4xx_flash.o(.text)
    FLASH_Unlock                             0x080087e9   Thumb Code    26  stm32f4xx_flash.o(.text)
    FLASH_Lock                               0x08008803   Thumb Code    18  stm32f4xx_flash.o(.text)
    FLASH_GetStatus                          0x08008815   Thumb Code    74  stm32f4xx_flash.o(.text)
    FLASH_WaitForLastOperation               0x0800885f   Thumb Code    34  stm32f4xx_flash.o(.text)
    FLASH_EraseSector                        0x08008881   Thumb Code   140  stm32f4xx_flash.o(.text)
    FLASH_EraseAllSectors                    0x0800890d   Thumb Code   112  stm32f4xx_flash.o(.text)
    FLASH_ProgramDoubleWord                  0x0800897d   Thumb Code    86  stm32f4xx_flash.o(.text)
    FLASH_ProgramWord                        0x080089d3   Thumb Code    82  stm32f4xx_flash.o(.text)
    FLASH_ProgramHalfWord                    0x08008a25   Thumb Code    82  stm32f4xx_flash.o(.text)
    FLASH_ProgramByte                        0x08008a77   Thumb Code    78  stm32f4xx_flash.o(.text)
    FLASH_OB_Unlock                          0x08008ac5   Thumb Code    26  stm32f4xx_flash.o(.text)
    FLASH_OB_Lock                            0x08008adf   Thumb Code    18  stm32f4xx_flash.o(.text)
    FLASH_OB_WRPConfig                       0x08008af1   Thumb Code    54  stm32f4xx_flash.o(.text)
    FLASH_OB_RDPConfig                       0x08008b27   Thumb Code    24  stm32f4xx_flash.o(.text)
    FLASH_OB_UserConfig                      0x08008b3f   Thumb Code    68  stm32f4xx_flash.o(.text)
    FLASH_OB_BORConfig                       0x08008b83   Thumb Code    22  stm32f4xx_flash.o(.text)
    FLASH_OB_Launch                          0x08008b99   Thumb Code    26  stm32f4xx_flash.o(.text)
    FLASH_OB_GetUser                         0x08008bb3   Thumb Code    10  stm32f4xx_flash.o(.text)
    FLASH_OB_GetWRP                          0x08008bbd   Thumb Code     8  stm32f4xx_flash.o(.text)
    FLASH_OB_GetRDP                          0x08008bc5   Thumb Code    20  stm32f4xx_flash.o(.text)
    FLASH_OB_GetBOR                          0x08008bd9   Thumb Code    10  stm32f4xx_flash.o(.text)
    FLASH_ITConfig                           0x08008be3   Thumb Code    34  stm32f4xx_flash.o(.text)
    FLASH_GetFlagStatus                      0x08008c05   Thumb Code    22  stm32f4xx_flash.o(.text)
    FLASH_ClearFlag                          0x08008c1b   Thumb Code     8  stm32f4xx_flash.o(.text)
    __aeabi_dadd                             0x08008c29   Thumb Code   322  dadd.o(.text)
    __aeabi_dsub                             0x08008d6b   Thumb Code     6  dadd.o(.text)
    __aeabi_drsub                            0x08008d71   Thumb Code     6  dadd.o(.text)
    __aeabi_dmul                             0x08008d77   Thumb Code   228  dmul.o(.text)
    __aeabi_ddiv                             0x08008e5b   Thumb Code   222  ddiv.o(.text)
    __aeabi_i2d                              0x08008f39   Thumb Code    34  dflti.o(.text)
    __aeabi_ui2d                             0x08008f5b   Thumb Code    26  dfltui.o(.text)
    __aeabi_d2iz                             0x08008f75   Thumb Code    62  dfixi.o(.text)
    __aeabi_f2d                              0x08008fb3   Thumb Code    38  f2d.o(.text)
    __aeabi_cdcmpeq                          0x08008fd9   Thumb Code     0  cdcmple.o(.text)
    __aeabi_cdcmple                          0x08008fd9   Thumb Code    48  cdcmple.o(.text)
    __aeabi_cdrcmple                         0x08009009   Thumb Code    48  cdrcmple.o(.text)
    __aeabi_d2f                              0x08009039   Thumb Code    56  d2f.o(.text)
    __aeabi_llsl                             0x08009071   Thumb Code    30  llshl.o(.text)
    _ll_shift_l                              0x08009071   Thumb Code     0  llshl.o(.text)
    __aeabi_llsr                             0x0800908f   Thumb Code    32  llushr.o(.text)
    _ll_ushift_r                             0x0800908f   Thumb Code     0  llushr.o(.text)
    __aeabi_lasr                             0x080090af   Thumb Code    36  llsshr.o(.text)
    _ll_sshift_r                             0x080090af   Thumb Code     0  llsshr.o(.text)
    __I$use$fp                               0x080090d3   Thumb Code     0  iusefp.o(.text)
    _float_round                             0x080090d3   Thumb Code    18  fepilogue.o(.text)
    _float_epilogue                          0x080090e5   Thumb Code    92  fepilogue.o(.text)
    _double_round                            0x08009141   Thumb Code    30  depilogue.o(.text)
    _double_epilogue                         0x0800915f   Thumb Code   156  depilogue.o(.text)
    __scatterload                            0x080091fd   Thumb Code    28  init.o(.text)
    __scatterload_rt2                        0x080091fd   Thumb Code     0  init.o(.text)
    __decompress                             0x08009221   Thumb Code     0  __dczerorl2.o(.text)
    __decompress1                            0x08009221   Thumb Code    86  __dczerorl2.o(.text)
    __0printf$bare                           0x08009279   Thumb Code     8  printfb.o(i.__0printf$bare)
    __1printf$bare                           0x08009279   Thumb Code     0  printfb.o(i.__0printf$bare)
    __2printf                                0x08009279   Thumb Code     0  printfb.o(i.__0printf$bare)
    __ARM_fpclassify                         0x08009289   Thumb Code    48  fpclassify.o(i.__ARM_fpclassify)
    __ARM_fpclassifyf                        0x080092b9   Thumb Code    38  fpclassifyf.o(i.__ARM_fpclassifyf)
    __hardfp_cos                             0x080092e1   Thumb Code   180  cos.o(i.__hardfp_cos)
    __hardfp_cosf                            0x080093a9   Thumb Code   280  cosf.o(i.__hardfp_cosf)
    __hardfp_sin                             0x080094f9   Thumb Code   180  sin.o(i.__hardfp_sin)
    __hardfp_tanf                            0x080095c1   Thumb Code   322  tanf.o(i.__hardfp_tanf)
    __ieee754_rem_pio2                       0x08009741   Thumb Code   938  rred.o(i.__ieee754_rem_pio2)
    __kernel_cos                             0x08009b79   Thumb Code   322  cos_i.o(i.__kernel_cos)
    __kernel_poly                            0x08009ce9   Thumb Code   248  poly.o(i.__kernel_poly)
    __kernel_sin                             0x08009de1   Thumb Code   280  sin_i.o(i.__kernel_sin)
    __mathlib_dbl_infnan                     0x08009f11   Thumb Code    20  dunder.o(i.__mathlib_dbl_infnan)
    __mathlib_dbl_invalid                    0x08009f29   Thumb Code    24  dunder.o(i.__mathlib_dbl_invalid)
    __mathlib_dbl_underflow                  0x08009f49   Thumb Code    24  dunder.o(i.__mathlib_dbl_underflow)
    __mathlib_flt_infnan                     0x08009f69   Thumb Code     6  funder.o(i.__mathlib_flt_infnan)
    __mathlib_flt_invalid                    0x08009f71   Thumb Code    10  funder.o(i.__mathlib_flt_invalid)
    __mathlib_flt_underflow                  0x08009f81   Thumb Code    10  funder.o(i.__mathlib_flt_underflow)
    __mathlib_rredf2                         0x08009f91   Thumb Code   316  rredf.o(i.__mathlib_rredf2)
    __scatterload_copy                       0x0800a0e5   Thumb Code    14  handlers.o(i.__scatterload_copy)
    __scatterload_null                       0x0800a0f3   Thumb Code     2  handlers.o(i.__scatterload_null)
    __scatterload_zeroinit                   0x0800a0f5   Thumb Code    14  handlers.o(i.__scatterload_zeroinit)
    __set_errno                              0x0800a105   Thumb Code     6  errno.o(i.__set_errno)
    fabs                                     0x0800a133   Thumb Code    24  fabs.o(i.fabs)
    Region$$Table$$Base                      0x0800a290   Number         0  anon$$obj.o(Region$$Table)
    Region$$Table$$Limit                     0x0800a2b0   Number         0  anon$$obj.o(Region$$Table)
    sysTickUptime                            0x20000000   Data           4  board.o(.data)
    loop_5hz                                 0x20000008   Data           8  schedule.o(.data)
    q0                                       0x20000014   Data           4  imu.o(.data)
    q1                                       0x20000018   Data           4  imu.o(.data)
    q2                                       0x2000001c   Data           4  imu.o(.data)
    q3                                       0x20000020   Data           4  imu.o(.data)
    exInt                                    0x20000024   Data           4  imu.o(.data)
    eyInt                                    0x20000028   Data           4  imu.o(.data)
    ezInt                                    0x2000002c   Data           4  imu.o(.data)
    ux                                       0x20000030   Data           4  imu.o(.data)
    uy                                       0x20000034   Data           4  imu.o(.data)
    uz                                       0x20000038   Data           4  imu.o(.data)
    wx                                       0x2000003c   Data           4  imu.o(.data)
    wy                                       0x20000040   Data           4  imu.o(.data)
    wz                                       0x20000044   Data           4  imu.o(.data)
    vx                                       0x20000048   Data           4  imu.o(.data)
    vy                                       0x2000004c   Data           4  imu.o(.data)
    vz                                       0x20000050   Data           4  imu.o(.data)
    cnter                                    0x20000054   Data           4  dbus.o(.data)
    bf                                       0x20000058   Data           4  dbus.o(.data)
    aircraft                                 0x2000005c   Data           4  pwm_out.o(.data)
    cnt                                      0x20000060   Data           4  pwm_out.o(.data)
    __stdout                                 0x20000064   Data           4  usart1.o(.data)
    gps_loop_time                            0x20000068   Data           4  uart5.o(.data)
    fast_atan_table                          0x2000006c   Data        1028  mymath.o(.data)
    SystemCoreClock                          0x20000598   Data           4  system_stm32f4xx.o(.data)
    AHBPrescTable                            0x2000059c   Data          16  system_stm32f4xx.o(.data)
    schedule                                 0x200005b0   Data          12  schedule.o(.bss)
    sensor                                   0x200005bc   Data         184  mpu6050.o(.bss)
    mpu6050_buffer                           0x20000674   Data          12  mpu6050.o(.bss)
    mag                                      0x200006f8   Data          80  hmc5883.o(.bss)
    angle                                    0x20000748   Data          12  imu.o(.bss)
    RC                                       0x20000754   Data          52  dbus.o(.bss)
    phone                                    0x20000788   Data          48  dbus.o(.bss)
    rx_buffer                                0x200007b8   Data          32  dbus.o(.bss)
    ctrl                                     0x200007d8   Data         296  control.o(.bss)
    thr                                      0x20000900   Data          16  control.o(.bss)
    hgt_ctrl                                 0x20000910   Data         156  height_control.o(.bss)
    speed                                    0x200009ac   Data          16  pwm_out.o(.bss)
    Cycle_T                                  0x200009bc   Data         120  time.o(.bss)
    parameter                                0x20000a34   Data          72  parameter.o(.bss)
    gpslevelcon                              0x20000a80   Data         200  gps.o(.bss)
    gps                                      0x20000b48   Data         160  gps.o(.bss)
    GpsInfo                                  0x20000be8   Data          62  gps.o(.bss)
    xy_ef                                    0x20000c28   Data         144  gps.o(.bss)
    gps_rx_buffer                            0x20000cb8   Data        2048  gps.o(.bss)
    posx_dis_cm_buff                         0x200014b8   Data         240  gps.o(.bss)
    posy_dis_cm_buff                         0x200015a8   Data         240  gps.o(.bss)
    hcsr04                                   0x20001698   Data          16  hcsr04.o(.bss)
    z_ef                                     0x200016a8   Data          36  inertialnav.o(.bss)
    baroAlt_buff                             0x200016cc   Data          60  inertialnav.o(.bss)
    RADIO_TX_DATA                            0x20001708   Data          32  24l01.o(.bss)
    RADIO_RX_DATA                            0x20001728   Data          32  24l01.o(.bss)
    subus_decode_keboard_buffer              0x20001748   Data          32  usart2.o(.bss)
    sbus_rx_buffer                           0x20001768   Data          25  usart2.o(.bss)
    sbus_decode_buffer                       0x20001782   Data          30  usart2.o(.bss)
    __initial_sp                             0x20001ba0   Data           0  startup_stm32f4xx.o(STACK)



==============================================================================

Memory Map of the image

  Image Entry point : 0x08000189

  Load Region LR_IROM1 (Base: 0x08000000, Size: 0x0000a860, Max: 0x00100000, ABSOLUTE, COMPRESSED[0x0000a6d8])

    Execution Region ER_IROM1 (Base: 0x08000000, Size: 0x0000a2b0, Max: 0x00100000, ABSOLUTE)

    Base Addr    Size         Type   Attr      Idx    E Section Name        Object

    0x08000000   0x00000188   Data   RO         1155    RESET               startup_stm32f4xx.o
    0x08000188   0x00000000   Code   RO         1698  * .ARM.Collect$$$$00000000  mc_w.l(entry.o)
    0x08000188   0x00000004   Code   RO         2053    .ARM.Collect$$$$00000001  mc_w.l(entry2.o)
    0x0800018c   0x00000004   Code   RO         2056    .ARM.Collect$$$$00000004  mc_w.l(entry5.o)
    0x08000190   0x00000000   Code   RO         2058    .ARM.Collect$$$$00000008  mc_w.l(entry7b.o)
    0x08000190   0x00000000   Code   RO         2060    .ARM.Collect$$$$0000000A  mc_w.l(entry8b.o)
    0x08000190   0x00000008   Code   RO         2061    .ARM.Collect$$$$0000000B  mc_w.l(entry9a.o)
    0x08000198   0x00000000   Code   RO         2063    .ARM.Collect$$$$0000000D  mc_w.l(entry10a.o)
    0x08000198   0x00000000   Code   RO         2065    .ARM.Collect$$$$0000000F  mc_w.l(entry11a.o)
    0x08000198   0x00000004   Code   RO         2054    .ARM.Collect$$$$00002712  mc_w.l(entry2.o)
    0x0800019c   0x00000020   Code   RO            3    .text               main.o
    0x080001bc   0x00000084   Code   RO          198    .text               stm32f4xx_it.o
    0x08000240   0x00000114   Code   RO          221    .text               board.o
    0x08000354   0x00000204   Code   RO          251    .text               schedule.o
    0x08000558   0x000002b0   Code   RO          411    .text               dbus.o
    0x08000808   0x00000e84   Code   RO          441    .text               control.o
    0x0800168c   0x0000032c   Code   RO          467    .text               height_control.o
    0x080019b8   0x000007d0   Code   RO          519    .text               pwm_out.o
    0x08002188   0x000000cc   Code   RO          547    .text               usart1.o
    0x08002254   0x00000308   Code   RO          574    .text               uart5.o
    0x0800255c   0x00000094   Code   RO          617    .text               time.o
    0x080025f0   0x0000004c   Code   RO          640    .text               led.o
    0x0800263c   0x000002a8   Code   RO          680    .text               parameter.o
    0x080028e4   0x000004e8   Code   RO          706    .text               mymath.o
    0x08002dcc   0x0000220c   Code   RO          729    .text               gps.o
    0x08004fd8   0x00000f98   Code   RO          757    .text               filter.o
    0x08005f70   0x00000190   Code   RO          783    .text               hcsr04.o
    0x08006100   0x000000cc   Code   RO          884    .text               flash.o
    0x080061cc   0x00000498   Code   RO          904    .text               usart2.o
    0x08006664   0x000000e0   Code   RO          927    .text               misc.o
    0x08006744   0x00000ca2   Code   RO          947    .text               stm32f4xx_tim.o
    0x080073e6   0x00000002   PAD
    0x080073e8   0x00000588   Code   RO          987    .text               stm32f4xx_rcc.o
    0x08007970   0x0000011c   Code   RO         1029    .text               stm32f4xx_exti.o
    0x08007a8c   0x0000025c   Code   RO         1049    .text               stm32f4xx_gpio.o
    0x08007ce8   0x000003a8   Code   RO         1069    .text               stm32f4xx_dma.o
    0x08008090   0x0000041a   Code   RO         1089    .text               stm32f4xx_usart.o
    0x080084aa   0x00000002   PAD
    0x080084ac   0x0000008c   Code   RO         1109    .text               stm32f4xx_syscfg.o
    0x08008538   0x00000210   Code   RO         1129    .text               system_stm32f4xx.o
    0x08008748   0x00000024   Code   RO         1156    .text               startup_stm32f4xx.o
    0x0800876c   0x000004bc   Code   RO         1337    .text               stm32f4xx_flash.o
    0x08008c28   0x0000014e   Code   RO         1963    .text               mf_w.l(dadd.o)
    0x08008d76   0x000000e4   Code   RO         1965    .text               mf_w.l(dmul.o)
    0x08008e5a   0x000000de   Code   RO         1967    .text               mf_w.l(ddiv.o)
    0x08008f38   0x00000022   Code   RO         1969    .text               mf_w.l(dflti.o)
    0x08008f5a   0x0000001a   Code   RO         1971    .text               mf_w.l(dfltui.o)
    0x08008f74   0x0000003e   Code   RO         1973    .text               mf_w.l(dfixi.o)
    0x08008fb2   0x00000026   Code   RO         1975    .text               mf_w.l(f2d.o)
    0x08008fd8   0x00000030   Code   RO         1977    .text               mf_w.l(cdcmple.o)
    0x08009008   0x00000030   Code   RO         1979    .text               mf_w.l(cdrcmple.o)
    0x08009038   0x00000038   Code   RO         1981    .text               mf_w.l(d2f.o)
    0x08009070   0x0000001e   Code   RO         2071    .text               mc_w.l(llshl.o)
    0x0800908e   0x00000020   Code   RO         2073    .text               mc_w.l(llushr.o)
    0x080090ae   0x00000024   Code   RO         2075    .text               mc_w.l(llsshr.o)
    0x080090d2   0x00000000   Code   RO         2084    .text               mc_w.l(iusefp.o)
    0x080090d2   0x0000006e   Code   RO         2085    .text               mf_w.l(fepilogue.o)
    0x08009140   0x000000ba   Code   RO         2087    .text               mf_w.l(depilogue.o)
    0x080091fa   0x00000002   PAD
    0x080091fc   0x00000024   Code   RO         2095    .text               mc_w.l(init.o)
    0x08009220   0x00000056   Code   RO         2107    .text               mc_w.l(__dczerorl2.o)
    0x08009276   0x00000002   PAD
    0x08009278   0x00000010   Code   RO         1704    i.__0printf$bare    mc_w.l(printfb.o)
    0x08009288   0x00000030   Code   RO         2006    i.__ARM_fpclassify  m_wm.l(fpclassify.o)
    0x080092b8   0x00000026   Code   RO         2008    i.__ARM_fpclassifyf  m_wm.l(fpclassifyf.o)
    0x080092de   0x00000002   PAD
    0x080092e0   0x000000c8   Code   RO         1636    i.__hardfp_cos      m_wm.l(cos.o)
    0x080093a8   0x00000150   Code   RO         1648    i.__hardfp_cosf     m_wm.l(cosf.o)
    0x080094f8   0x000000c8   Code   RO         1674    i.__hardfp_sin      m_wm.l(sin.o)
    0x080095c0   0x0000017c   Code   RO         1686    i.__hardfp_tanf     m_wm.l(tanf.o)
    0x0800973c   0x00000004   PAD
    0x08009740   0x00000438   Code   RO         2027    i.__ieee754_rem_pio2  m_wm.l(rred.o)
    0x08009b78   0x00000170   Code   RO         1983    i.__kernel_cos      m_wm.l(cos_i.o)
    0x08009ce8   0x000000f8   Code   RO         2024    i.__kernel_poly     m_wm.l(poly.o)
    0x08009de0   0x00000130   Code   RO         2035    i.__kernel_sin      m_wm.l(sin_i.o)
    0x08009f10   0x00000014   Code   RO         1987    i.__mathlib_dbl_infnan  m_wm.l(dunder.o)
    0x08009f24   0x00000004   PAD
    0x08009f28   0x00000020   Code   RO         1989    i.__mathlib_dbl_invalid  m_wm.l(dunder.o)
    0x08009f48   0x00000020   Code   RO         1992    i.__mathlib_dbl_underflow  m_wm.l(dunder.o)
    0x08009f68   0x00000006   Code   RO         2011    i.__mathlib_flt_infnan  m_wm.l(funder.o)
    0x08009f6e   0x00000002   PAD
    0x08009f70   0x00000010   Code   RO         2013    i.__mathlib_flt_invalid  m_wm.l(funder.o)
    0x08009f80   0x00000010   Code   RO         2016    i.__mathlib_flt_underflow  m_wm.l(funder.o)
    0x08009f90   0x00000154   Code   RO         2032    i.__mathlib_rredf2  m_wm.l(rredf.o)
    0x0800a0e4   0x0000000e   Code   RO         2101    i.__scatterload_copy  mc_w.l(handlers.o)
    0x0800a0f2   0x00000002   Code   RO         2102    i.__scatterload_null  mc_w.l(handlers.o)
    0x0800a0f4   0x0000000e   Code   RO         2103    i.__scatterload_zeroinit  mc_w.l(handlers.o)
    0x0800a102   0x00000002   PAD
    0x0800a104   0x0000000c   Code   RO         2079    i.__set_errno       mc_w.l(errno.o)
    0x0800a110   0x00000022   Code   RO         1711    i._printf_core      mc_w.l(printfb.o)
    0x0800a132   0x00000018   Code   RO         2002    i.fabs              m_wm.l(fabs.o)
    0x0800a14a   0x00000006   PAD
    0x0800a150   0x00000030   Data   RO         1984    .constdata          m_wm.l(cos_i.o)
    0x0800a180   0x000000c8   Data   RO         2029    .constdata          m_wm.l(rred.o)
    0x0800a248   0x00000020   Data   RO         2033    .constdata          m_wm.l(rredf.o)
    0x0800a268   0x00000028   Data   RO         2036    .constdata          m_wm.l(sin_i.o)
    0x0800a290   0x00000020   Data   RO         2099    Region$$Table       anon$$obj.o


    Execution Region RW_IRAM1 (Base: 0x20000000, Size: 0x00001ba0, Max: 0x00020000, ABSOLUTE, COMPRESSED[0x00000428])

    Base Addr    Size         Type   Attr      Idx    E Section Name        Object

    0x20000000   0x00000004   Data   RW          222    .data               board.o
    0x20000004   0x00000004   PAD
    0x20000008   0x00000009   Data   RW          253    .data               schedule.o
    0x20000011   0x00000003   PAD
    0x20000014   0x00000040   Data   RW          386    .data               imu.o
    0x20000054   0x00000008   Data   RW          413    .data               dbus.o
    0x2000005c   0x00000008   Data   RW          521    .data               pwm_out.o
    0x20000064   0x00000004   Data   RW          548    .data               usart1.o
    0x20000068   0x00000004   Data   RW          575    .data               uart5.o
    0x2000006c   0x00000404   Data   RW          707    .data               mymath.o
    0x20000470   0x00000008   Data   RW          731    .data               gps.o
    0x20000478   0x00000110   Data   RW          758    .data               filter.o
    0x20000588   0x00000010   Data   RW          988    .data               stm32f4xx_rcc.o
    0x20000598   0x00000014   Data   RW         1130    .data               system_stm32f4xx.o
    0x200005ac   0x00000004   Data   RW         2080    .data               mc_w.l(errno.o)
    0x200005b0   0x0000000c   Zero   RW          252    .bss                schedule.o
    0x200005bc   0x0000013c   Zero   RW          305    .bss                mpu6050.o
    0x200006f8   0x00000050   Zero   RW          331    .bss                hmc5883.o
    0x20000748   0x0000000c   Zero   RW          385    .bss                imu.o
    0x20000754   0x00000084   Zero   RW          412    .bss                dbus.o
    0x200007d8   0x00000138   Zero   RW          442    .bss                control.o
    0x20000910   0x0000009c   Zero   RW          468    .bss                height_control.o
    0x200009ac   0x00000010   Zero   RW          520    .bss                pwm_out.o
    0x200009bc   0x00000078   Zero   RW          618    .bss                time.o
    0x20000a34   0x00000048   Zero   RW          681    .bss                parameter.o
    0x20000a7c   0x00000004   PAD
    0x20000a80   0x00000c18   Zero   RW          730    .bss                gps.o
    0x20001698   0x00000010   Zero   RW          784    .bss                hcsr04.o
    0x200016a8   0x00000060   Zero   RW          810    .bss                inertialnav.o
    0x20001708   0x00000040   Zero   RW          858    .bss                24l01.o
    0x20001748   0x00000058   Zero   RW          905    .bss                usart2.o
    0x200017a0   0x00000400   Zero   RW         1153    STACK               startup_stm32f4xx.o


==============================================================================

Image component sizes


      Code (inc. data)   RO Data    RW Data    ZI Data      Debug   Object Name

         0          0          0          0         64        628   24l01.o
       276         20          0          4          0      28449   board.o
      3716        198          0          0        312       2921   control.o
       688         46          0          8        132       2748   dbus.o
      3992        336          0        272          0      14524   filter.o
       204          6          0          0          0       2289   flash.o
      8716        514          0          8       3096       8389   gps.o
       400         38          0          0         16       1646   hcsr04.o
       812         66          0          0        156       2097   height_control.o
         0          0          0          0         80       1377   hmc5883.o
         0          0          0         64         12        905   imu.o
         0          0          0          0         96        995   inertialnav.o
        76          6          0          0          0       1074   led.o
        32         18          0          0          0     278787   main.o
       224         20          0          0          0       1805   misc.o
         0          0          0          0        316       5811   mpu6050.o
      1256        110          0       1028          0       4167   mymath.o
       680         78          0          0         72       2034   parameter.o
      2000        106          0          8         16       2028   pwm_out.o
       516         32          0          9         12       2569   schedule.o
        36          8        392          0       1024        820   startup_stm32f4xx.o
       936         32          0          0          0       6381   stm32f4xx_dma.o
       284         10          0          0          0       2307   stm32f4xx_exti.o
      1212         26          0          0          0       7077   stm32f4xx_flash.o
       604         36          0          0          0       4117   stm32f4xx_gpio.o
       132         16          0          0          0       1394   stm32f4xx_it.o
      1416         48          0         16          0      11027   stm32f4xx_rcc.o
       140         12          0          0          0       1675   stm32f4xx_syscfg.o
      3234         60          0          0          0      23004   stm32f4xx_tim.o
      1050         26          0          0          0       7848   stm32f4xx_usart.o
       528         46          0         20          0       1831   system_stm32f4xx.o
       148          8          0          0        120       1172   time.o
       776         30          0          4          0       1631   uart5.o
       204         12          0          4          0       2796   usart1.o
      1176         62          0          0         88       2333   usart2.o

    ----------------------------------------------------------------------
     35468       2026        424       1452       5616     440656   Object Totals
         0          0         32          0          0          0   (incl. Generated)
         4          0          0          7          4          0   (incl. Padding)

    ----------------------------------------------------------------------

      Code (inc. data)   RO Data    RW Data    ZI Data      Debug   Library Member Name

       200         20          0          0          0        164   cos.o
       368         46         48          0          0        200   cos_i.o
       336         56          0          0          0        136   cosf.o
        84         16          0          0          0        372   dunder.o
        24          0          0          0          0        124   fabs.o
        48          0          0          0          0        124   fpclassify.o
        38          0          0          0          0        116   fpclassifyf.o
        38         12          0          0          0        348   funder.o
       248          0          0          0          0        152   poly.o
      1080        142        200          0          0        188   rred.o
       340         24         32          0          0        160   rredf.o
       200         20          0          0          0        164   sin.o
       304         24         40          0          0        208   sin_i.o
       380         58          0          0          0        200   tanf.o
        86          0          0          0          0          0   __dczerorl2.o
         0          0          0          0          0          0   entry.o
         0          0          0          0          0          0   entry10a.o
         0          0          0          0          0          0   entry11a.o
         8          4          0          0          0          0   entry2.o
         4          0          0          0          0          0   entry5.o
         0          0          0          0          0          0   entry7b.o
         0          0          0          0          0          0   entry8b.o
         8          4          0          0          0          0   entry9a.o
        12          6          0          4          0         68   errno.o
        30          0          0          0          0          0   handlers.o
        36          8          0          0          0         68   init.o
         0          0          0          0          0          0   iusefp.o
        30          0          0          0          0         68   llshl.o
        36          0          0          0          0         68   llsshr.o
        32          0          0          0          0         68   llushr.o
        50          8          0          0          0        152   printfb.o
        48          0          0          0          0         68   cdcmple.o
        48          0          0          0          0         68   cdrcmple.o
        56          0          0          0          0         88   d2f.o
       334          0          0          0          0        148   dadd.o
       222          0          0          0          0        100   ddiv.o
       186          0          0          0          0        176   depilogue.o
        62          0          0          0          0         80   dfixi.o
        34          0          0          0          0         76   dflti.o
        26          0          0          0          0         76   dfltui.o
       228          0          0          0          0         96   dmul.o
        38          0          0          0          0         68   f2d.o
       110          0          0          0          0        168   fepilogue.o

    ----------------------------------------------------------------------
      5436        452        320          4          0       4360   Library Totals
        24          4          0          0          0          0   (incl. Padding)

    ----------------------------------------------------------------------

      Code (inc. data)   RO Data    RW Data    ZI Data      Debug   Library Name

      3688        418        320          0          0       2656   m_wm.l
       332         30          0          4          0        492   mc_w.l
      1392          0          0          0          0       1212   mf_w.l

    ----------------------------------------------------------------------
      5436        452        320          4          0       4360   Library Totals

    ----------------------------------------------------------------------

==============================================================================


      Code (inc. data)   RO Data    RW Data    ZI Data      Debug   

     40904       2478        744       1456       5616     437268   Grand Totals
     40904       2478        744       1064       5616     437268   ELF Image Totals (compressed)
     40904       2478        744       1064          0          0   ROM Totals

==============================================================================

    Total RO  Size (Code + RO Data)                41648 (  40.67kB)
    Total RW  Size (RW Data + ZI Data)              7072 (   6.91kB)
    Total ROM Size (Code + RO Data + RW Data)      42712 (  41.71kB)

==============================================================================

