<html>
<body>
<pre>
<h1>µVision Build Log</h1>
<h2>Tool Versions:</h2>
IDE-Version: ¦ÌVision V5.21.1.0
Copyright (C) 2016 ARM Ltd and ARM Germany GmbH. All rights reserved.
License Information: 1 2, 3, LIC=ZB4HL-0W1U0-UHQ8H-W13TV-AFN8U-13I4A
 
Tool Versions:
Toolchain:       MDK-ARM Plus  Version: 5.21a
Toolchain Path:  C:\Keil_v5\ARM\ARMCC\Bin
C Compiler:      Armcc.exe V5.06 update 3 (build 300)
Assembler:       Armasm.exe V5.06 update 3 (build 300)
Linker/Locator:  ArmLink.exe V5.06 update 3 (build 300)
Library Manager: ArmAr.exe V5.06 update 3 (build 300)
Hex Converter:   FromElf.exe V5.06 update 3 (build 300)
CPU DLL:         SARMCM3.DLL V5.21a
Dialog DLL:      DCM.DLL V1.13.8.0
Target DLL:      CMSIS_AGDI.dll V1.26.5.0
Dialog DLL:      TCM.DLL V1.14.14.0
 
<h2>Project:</h2>
C:\Users\Aero\Desktop\FC\branches\ReadyToFly\Project\X4_FLY V3.0.uvprojx
Project File Date:  02/03/2018

<h2>Output:</h2>
*** Using Compiler 'V5.06 update 3 (build 300)', folder: 'C:\Keil_v5\ARM\ARMCC\Bin'
Build target 'STM32F4_FC'
compiling main.c...
compiling stm32f4xx_it.c...
compiling board.c...
compiling schedule.c...
compiling softiic.c...
compiling mpu6050.c...
compiling hmc5883.c...
compiling ms5611.c...
compiling imu.c...
compiling dbus.c...
..\Mylib\dbus.c(144): warning:  #550-D: variable "num_1" was set but never used
  	uint8_t num_1;
..\Mylib\dbus.c(145): warning:  #550-D: variable "data_len_1" was set but never used
  	uint16_t data_len_1;
..\Mylib\dbus.c: 2 warnings, 0 errors
compiling control.c...
compiling height_control.c...
compiling usart1.c...
compiling pwm_out.c...
compiling pwm_in.c...
compiling data_send.c...
compiling time.c...
compiling uart5.c...
..\Mylib\uart5.c(141): warning:  #550-D: variable "i" was set but never used
  	u16 i;
..\Mylib\uart5.c: 1 warning, 0 errors
compiling parameter.c...
compiling led.c...
compiling buzzer.c...
compiling mymath.c...
compiling hcsr04.c...
compiling filter.c...
compiling inertialNav.c...
compiling spi.c...
compiling gps.c...
compiling 24l01.c...
compiling misc.c...
compiling flash.c...
compiling stm32f4xx_tim.c...
compiling stm32f4xx_rcc.c...
compiling stm32f4xx_adc.c...
compiling stm32f4xx_can.c...
compiling stm32f4xx_gpio.c...
compiling stm32f4xx_exti.c...
compiling stm32f4xx_dma.c...
compiling stm32f4xx_usart.c...
compiling stm32f4xx_syscfg.c...
assembling startup_stm32f4xx.s...
compiling system_stm32f4xx.c...
compiling stm32f4xx_crc.c...
compiling stm32f4xx_cryp.c...
compiling stm32f4xx_cryp_aes.c...
compiling stm32f4xx_cryp_des.c...
compiling stm32f4xx_cryp_tdes.c...
compiling stm32f4xx_dac.c...
compiling stm32f4xx_dbgmcu.c...
compiling stm32f4xx_dcmi.c...
compiling stm32f4xx_flash.c...
compiling stm32f4xx_fsmc.c...
compiling stm32f4xx_hash.c...
compiling stm32f4xx_hash_md5.c...
compiling stm32f4xx_hash_sha1.c...
compiling stm32f4xx_i2c.c...
compiling stm32f4xx_iwdg.c...
compiling stm32f4xx_pwr.c...
compiling stm32f4xx_rng.c...
compiling stm32f4xx_rtc.c...
compiling stm32f4xx_sdio.c...
compiling stm32f4xx_spi.c...
compiling stm32f4xx_wwdg.c...
linking...
Program Size: Code=57144 RO-data=968 RW-data=1480 ZI-data=5624  
FromELF: creating hex file...
".\Objects\STM32F4.axf" - 0 Error(s), 3 Warning(s).

<h2>Collection of Component include folders:</h2>
  C:\Users\Aero\Desktop\FC\branches\ReadyToFly\Project\RTE
  C:\Keil_v5\ARM\PACK\Keil\STM32F4xx_DFP\2.11.0\Drivers\CMSIS\Device\ST\STM32F4xx\Include

<h2>Collection of Component Files used:</h2>
Build Time Elapsed:  00:00:28
</pre>
</body>
</html>
